Archive member included to satisfy reference by file (symbol)

C:/ST/STM32CubeIDE_2.1.1/STM32CubeIDE/plugins/com.st.stm32cube.ide.mcu.externaltools.gnu-tools-for-stm32.14.3.rel1.win32_1.0.100.202602081740/tools/bin/../lib/gcc/arm-none-eabi/14.3.1/../../../../arm-none-eabi/lib/thumb/v7e-m+dp/hard\libc_nano.a(libc_a-exit.o)
                              C:/ST/STM32CubeIDE_2.1.1/STM32CubeIDE/plugins/com.st.stm32cube.ide.mcu.externaltools.gnu-tools-for-stm32.14.3.rel1.win32_1.0.100.202602081740/tools/bin/../lib/gcc/arm-none-eabi/14.3.1/../../../../arm-none-eabi/lib/thumb/v7e-m+dp/hard/crt0.o (exit)
C:/ST/STM32CubeIDE_2.1.1/STM32CubeIDE/plugins/com.st.stm32cube.ide.mcu.externaltools.gnu-tools-for-stm32.14.3.rel1.win32_1.0.100.202602081740/tools/bin/../lib/gcc/arm-none-eabi/14.3.1/../../../../arm-none-eabi/lib/thumb/v7e-m+dp/hard\libc_nano.a(libc_a-findfp.o)
                              ./Middlewares/Third_Party/FreeRTOS/Source/tasks.o (__sf)
C:/ST/STM32CubeIDE_2.1.1/STM32CubeIDE/plugins/com.st.stm32cube.ide.mcu.externaltools.gnu-tools-for-stm32.14.3.rel1.win32_1.0.100.202602081740/tools/bin/../lib/gcc/arm-none-eabi/14.3.1/../../../../arm-none-eabi/lib/thumb/v7e-m+dp/hard\libc_nano.a(libc_a-fwalk.o)
                              C:/ST/STM32CubeIDE_2.1.1/STM32CubeIDE/plugins/com.st.stm32cube.ide.mcu.externaltools.gnu-tools-for-stm32.14.3.rel1.win32_1.0.100.202602081740/tools/bin/../lib/gcc/arm-none-eabi/14.3.1/../../../../arm-none-eabi/lib/thumb/v7e-m+dp/hard\libc_nano.a(libc_a-findfp.o) (_fwalk_sglue)
C:/ST/STM32CubeIDE_2.1.1/STM32CubeIDE/plugins/com.st.stm32cube.ide.mcu.externaltools.gnu-tools-for-stm32.14.3.rel1.win32_1.0.100.202602081740/tools/bin/../lib/gcc/arm-none-eabi/14.3.1/../../../../arm-none-eabi/lib/thumb/v7e-m+dp/hard\libc_nano.a(libc_a-snprintf.o)
                              ./Core/Src/main.o (snprintf)
C:/ST/STM32CubeIDE_2.1.1/STM32CubeIDE/plugins/com.st.stm32cube.ide.mcu.externaltools.gnu-tools-for-stm32.14.3.rel1.win32_1.0.100.202602081740/tools/bin/../lib/gcc/arm-none-eabi/14.3.1/../../../../arm-none-eabi/lib/thumb/v7e-m+dp/hard\libc_nano.a(libc_a-stdio.o)
                              C:/ST/STM32CubeIDE_2.1.1/STM32CubeIDE/plugins/com.st.stm32cube.ide.mcu.externaltools.gnu-tools-for-stm32.14.3.rel1.win32_1.0.100.202602081740/tools/bin/../lib/gcc/arm-none-eabi/14.3.1/../../../../arm-none-eabi/lib/thumb/v7e-m+dp/hard\libc_nano.a(libc_a-findfp.o) (__sread)
C:/ST/STM32CubeIDE_2.1.1/STM32CubeIDE/plugins/com.st.stm32cube.ide.mcu.externaltools.gnu-tools-for-stm32.14.3.rel1.win32_1.0.100.202602081740/tools/bin/../lib/gcc/arm-none-eabi/14.3.1/../../../../arm-none-eabi/lib/thumb/v7e-m+dp/hard\libc_nano.a(libc_a-memset.o)
                              C:/ST/STM32CubeIDE_2.1.1/STM32CubeIDE/plugins/com.st.stm32cube.ide.mcu.externaltools.gnu-tools-for-stm32.14.3.rel1.win32_1.0.100.202602081740/tools/bin/../lib/gcc/arm-none-eabi/14.3.1/../../../../arm-none-eabi/lib/thumb/v7e-m+dp/hard/crt0.o (memset)
C:/ST/STM32CubeIDE_2.1.1/STM32CubeIDE/plugins/com.st.stm32cube.ide.mcu.externaltools.gnu-tools-for-stm32.14.3.rel1.win32_1.0.100.202602081740/tools/bin/../lib/gcc/arm-none-eabi/14.3.1/../../../../arm-none-eabi/lib/thumb/v7e-m+dp/hard\libc_nano.a(libc_a-closer.o)
                              C:/ST/STM32CubeIDE_2.1.1/STM32CubeIDE/plugins/com.st.stm32cube.ide.mcu.externaltools.gnu-tools-for-stm32.14.3.rel1.win32_1.0.100.202602081740/tools/bin/../lib/gcc/arm-none-eabi/14.3.1/../../../../arm-none-eabi/lib/thumb/v7e-m+dp/hard\libc_nano.a(libc_a-stdio.o) (_close_r)
C:/ST/STM32CubeIDE_2.1.1/STM32CubeIDE/plugins/com.st.stm32cube.ide.mcu.externaltools.gnu-tools-for-stm32.14.3.rel1.win32_1.0.100.202602081740/tools/bin/../lib/gcc/arm-none-eabi/14.3.1/../../../../arm-none-eabi/lib/thumb/v7e-m+dp/hard\libc_nano.a(libc_a-reent.o)
                              ./Middlewares/Third_Party/FreeRTOS/Source/tasks.o (_reclaim_reent)
C:/ST/STM32CubeIDE_2.1.1/STM32CubeIDE/plugins/com.st.stm32cube.ide.mcu.externaltools.gnu-tools-for-stm32.14.3.rel1.win32_1.0.100.202602081740/tools/bin/../lib/gcc/arm-none-eabi/14.3.1/../../../../arm-none-eabi/lib/thumb/v7e-m+dp/hard\libc_nano.a(libc_a-impure.o)
                              ./Middlewares/Third_Party/FreeRTOS/Source/tasks.o (_impure_ptr)
C:/ST/STM32CubeIDE_2.1.1/STM32CubeIDE/plugins/com.st.stm32cube.ide.mcu.externaltools.gnu-tools-for-stm32.14.3.rel1.win32_1.0.100.202602081740/tools/bin/../lib/gcc/arm-none-eabi/14.3.1/../../../../arm-none-eabi/lib/thumb/v7e-m+dp/hard\libc_nano.a(libc_a-lseekr.o)
                              C:/ST/STM32CubeIDE_2.1.1/STM32CubeIDE/plugins/com.st.stm32cube.ide.mcu.externaltools.gnu-tools-for-stm32.14.3.rel1.win32_1.0.100.202602081740/tools/bin/../lib/gcc/arm-none-eabi/14.3.1/../../../../arm-none-eabi/lib/thumb/v7e-m+dp/hard\libc_nano.a(libc_a-stdio.o) (_lseek_r)
[...]
Memory Configuration

Name             Origin             Length             Attributes
FLASH            0x08000000         0x00200000         xr
DTCMRAM          0x20000000         0x00020000         xrw
RAM_D1           0x24000000         0x00080000         xrw
RAM_D2           0x30000000         0x00048000         xrw
RAM_D3           0x38000000         0x00010000         xrw
ITCMRAM          0x00000000         0x00010000         xrw
*default*        0x00000000         0xffffffff

Linker script and memory map

LOAD C:/ST/STM32CubeIDE_2.1.1/STM32CubeIDE/plugins/com.st.stm32cube.ide.mcu.externaltools.gnu-tools-for-stm32.14.3.rel1.win32_1.0.100.202602081740/tools/bin/../lib/gcc/arm-none-eabi/14.3.1/thumb/v7e-m+dp/hard/crti.o
LOAD C:/ST/STM32CubeIDE_2.1.1/STM32CubeIDE/plugins/com.st.stm32cube.ide.mcu.externaltools.gnu-tools-for-stm32.14.3.rel1.win32_1.0.100.202602081740/tools/bin/../lib/gcc/arm-none-eabi/14.3.1/thumb/v7e-m+dp/hard/crtbegin.o
LOAD C:/ST/STM32CubeIDE_2.1.1/STM32CubeIDE/plugins/com.st.stm32cube.ide.mcu.externaltools.gnu-tools-for-stm32.14.3.rel1.win32_1.0.100.202602081740/tools/bin/../lib/gcc/arm-none-eabi/14.3.1/../../../../arm-none-eabi/lib/thumb/v7e-m+dp/hard/crt0.o
LOAD ./App/blt_port.o
LOAD ./App/update.o
LOAD ./Core/Src/freertos.o
LOAD ./Core/Src/main.o
LOAD ./Core/Src/stm32h7xx_hal_msp.o
LOAD ./Core/Src/stm32h7xx_hal_timebase_tim.o
LOAD ./Core/Src/stm32h7xx_it.o
LOAD ./Core/Src/syscalls.o
LOAD ./Core/Src/sysmem.o
LOAD ./Core/Src/system_stm32h7xx.o
LOAD ./Core/Startup/startup_stm32h753zitx.o
LOAD ./Drivers/BSP/STM32H7xx_Nucleo/stm32h7xx_nucleo.o
LOAD ./Drivers/STM32H7xx_HAL_Driver/Src/stm32h7xx_hal.o
LOAD ./Drivers/STM32H7xx_HAL_Driver/Src/stm32h7xx_hal_cortex.o
LOAD ./Drivers/STM32H7xx_HAL_Driver/Src/stm32h7xx_hal_dma.o
LOAD ./Drivers/STM32H7xx_HAL_Driver/Src/stm32h7xx_hal_dma_ex.o
LOAD ./Drivers/STM32H7xx_HAL_Driver/Src/stm32h7xx_hal_exti.o
LOAD ./Drivers/STM32H7xx_HAL_Driver/Src/stm32h7xx_hal_fdcan.o
LOAD ./Drivers/STM32H7xx_HAL_Driver/Src/stm32h7xx_hal_flash.o
LOAD ./Drivers/STM32H7xx_HAL_Driver/Src/stm32h7xx_hal_flash_ex.o
LOAD ./Drivers/STM32H7xx_HAL_Driver/Src/stm32h7xx_hal_gpio.o
LOAD ./Drivers/STM32H7xx_HAL_Driver/Src/stm32h7xx_hal_hsem.o
LOAD ./Drivers/STM32H7xx_HAL_Driver/Src/stm32h7xx_hal_i2c.o
LOAD ./Drivers/STM32H7xx_HAL_Driver/Src/stm32h7xx_hal_i2c_ex.o
LOAD ./Drivers/STM32H7xx_HAL_Driver/Src/stm32h7xx_hal_mdma.o
LOAD ./Drivers/STM32H7xx_HAL_Driver/Src/stm32h7xx_hal_pwr.o
LOAD ./Drivers/STM32H7xx_HAL_Driver/Src/stm32h7xx_hal_pwr_ex.o
LOAD ./Drivers/STM32H7xx_HAL_Driver/Src/stm32h7xx_hal_rcc.o
LOAD ./Drivers/STM32H7xx_HAL_Driver/Src/stm32h7xx_hal_rcc_ex.o
LOAD ./Drivers/STM32H7xx_HAL_Driver/Src/stm32h7xx_hal_tim.o
LOAD ./Drivers/STM32H7xx_HAL_Driver/Src/stm32h7xx_hal_tim_ex.o
LOAD ./Drivers/STM32H7xx_HAL_Driver/Src/stm32h7xx_hal_uart.o
LOAD ./Drivers/STM32H7xx_HAL_Driver/Src/stm32h7xx_hal_uart_ex.o
LOAD ./Drivers/STM32H7xx_HAL_Driver/Src/stm32h7xx_hal_usart.o
LOAD ./Drivers/STM32H7xx_HAL_Driver/Src/stm32h7xx_hal_usart_ex.o
LOAD ./FatFs/ccsbcs.o
LOAD ./FatFs/ff.o
LOAD ./FatFs/ffdiskio.o
LOAD ./LibMicroBLT/firmware.o
LOAD ./LibMicroBLT/microblt.o
LOAD ./LibMicroBLT/port.o
LOAD ./LibMicroBLT/session.o
LOAD ./LibMicroBLT/srecreader.o
LOAD ./LibMicroBLT/xcploader.o
LOAD ./MicroTBX/tbx_aes256.o
LOAD ./MicroTBX/tbx_assert.o
LOAD ./MicroTBX/tbx_checksum.o
LOAD ./MicroTBX/tbx_comp.o
LOAD ./MicroTBX/tbx_critsect.o
LOAD ./MicroTBX/tbx_crypto.o
LOAD ./MicroTBX/tbx_heap.o
LOAD ./MicroTBX/tbx_list.o
LOAD ./MicroTBX/tbx_mempool.o
LOAD ./MicroTBX/tbx_platform.o
LOAD ./MicroTBX/tbx_port.o
LOAD ./MicroTBX/tbx_random.o
LOAD ./Middlewares/Third_Party/FreeRTOS/Source/CMSIS_RTOS_V2/cmsis_os2.o
LOAD ./Middlewares/Third_Party/FreeRTOS/Source/croutine.o
LOAD ./Middlewares/Third_Party/FreeRTOS/Source/event_groups.o
LOAD ./Middlewares/Third_Party/FreeRTOS/Source/list.o
LOAD ./Middlewares/Third_Party/FreeRTOS/Source/queue.o
LOAD ./Middlewares/Third_Party/FreeRTOS/Source/stream_buffer.o
LOAD ./Middlewares/Third_Party/FreeRTOS/Source/tasks.o
LOAD ./Middlewares/Third_Party/FreeRTOS/Source/timers.o
LOAD ./Middlewares/Third_Party/FreeRTOS/Source/portable/Common/mpu_wrappers_v2.o
LOAD ./Middlewares/Third_Party/FreeRTOS/Source/portable/GCC/ARM_CM4F/port.o
LOAD ./Middlewares/Third_Party/FreeRTOS/Source/portable/MemMang/heap_4.o
START GROUP
LOAD C:/ST/STM32CubeIDE_2.1.1/STM32CubeIDE/plugins/com.st.stm32cube.ide.mcu.externaltools.gnu-tools-for-stm32.14.3.rel1.win32_1.0.100.202602081740/tools/bin/../lib/gcc/arm-none-eabi/14.3.1/../../../../arm-none-eabi/lib/thumb/v7e-m+dp/hard\libc_nano.a
LOAD C:/ST/STM32CubeIDE_2.1.1/STM32CubeIDE/plugins/com.st.stm32cube.ide.mcu.externaltools.gnu-tools-for-stm32.14.3.rel1.win32_1.0.100.202602081740/tools/bin/../lib/gcc/arm-none-eabi/14.3.1/../../../../arm-none-eabi/lib/thumb/v7e-m+dp/hard\libm.a
END GROUP
START GROUP
LOAD C:/ST/STM32CubeIDE_2.1.1/STM32CubeIDE/plugins/com.st.stm32cube.ide.mcu.externaltools.gnu-tools-for-stm32.14.3.rel1.win32_1.0.100.202602081740/tools/bin/../lib/gcc/arm-none-eabi/14.3.1/thumb/v7e-m+dp/hard\libgcc.a
LOAD C:/ST/STM32CubeIDE_2.1.1/STM32CubeIDE/plugins/com.st.stm32cube.ide.mcu.externaltools.gnu-tools-for-stm32.14.3.rel1.win32_1.0.100.202602081740/tools/bin/../lib/gcc/arm-none-eabi/14.3.1/../../../../arm-none-eabi/lib/thumb/v7e-m+dp/hard\libc_nano.a
END GROUP
START GROUP
LOAD C:/ST/STM32CubeIDE_2.1.1/STM32CubeIDE/plugins/com.st.stm32cube.ide.mcu.externaltools.gnu-tools-for-stm32.14.3.rel1.win32_1.0.100.202602081740/tools/bin/../lib/gcc/arm-none-eabi/14.3.1/thumb/v7e-m+dp/hard\libgcc.a
LOAD C:/ST/STM32CubeIDE_2.1.1/STM32CubeIDE/plugins/com.st.stm32cube.ide.mcu.externaltools.gnu-tools-for-stm32.14.3.rel1.win32_1.0.100.202602081740/tools/bin/../lib/gcc/arm-none-eabi/14.3.1/../../../../arm-none-eabi/lib/thumb/v7e-m+dp/hard\libc_nano.a
LOAD C:/ST/STM32CubeIDE_2.1.1/STM32CubeIDE/plugins/com.st.stm32cube.ide.mcu.externaltools.gnu-tools-for-stm32.14.3.rel1.win32_1.0.100.202602081740/tools/bin/../lib/gcc/arm-none-eabi/14.3.1/../../../../arm-none-eabi/lib/thumb/v7e-m+dp/hard\libnosys.a
END GROUP
START GROUP
LOAD C:/ST/STM32CubeIDE_2.1.1/STM32CubeIDE/plugins/com.st.stm32cube.ide.mcu.externaltools.gnu-tools-for-stm32.14.3.rel1.win32_1.0.100.202602081740/tools/bin/../lib/gcc/arm-none-eabi/14.3.1/thumb/v7e-m+dp/hard\libgcc.a
LOAD C:/ST/STM32CubeIDE_2.1.1/STM32CubeIDE/plugins/com.st.stm32cube.ide.mcu.externaltools.gnu-tools-for-stm32.14.3.rel1.win32_1.0.100.202602081740/tools/bin/../lib/gcc/arm-none-eabi/14.3.1/../../../../arm-none-eabi/lib/thumb/v7e-m+dp/hard\libc_nano.a
LOAD C:/ST/STM32CubeIDE_2.1.1/STM32CubeIDE/plugins/com.st.stm32cube.ide.mcu.externaltools.gnu-tools-for-stm32.14.3.rel1.win32_1.0.100.202602081740/tools/bin/../lib/gcc/arm-none-eabi/14.3.1/../../../../arm-none-eabi/lib/thumb/v7e-m+dp/hard\libnosys.a
END GROUP
LOAD C:/ST/STM32CubeIDE_2.1.1/STM32CubeIDE/plugins/com.st.stm32cube.ide.mcu.externaltools.gnu-tools-for-stm32.14.3.rel1.win32_1.0.100.202602081740/tools/bin/../lib/gcc/arm-none-eabi/14.3.1/thumb/v7e-m+dp/hard/crtend.o
LOAD C:/ST/STM32CubeIDE_2.1.1/STM32CubeIDE/plugins/com.st.stm32cube.ide.mcu.externaltools.gnu-tools-for-stm32.14.3.rel1.win32_1.0.100.202602081740/tools/bin/../lib/gcc/arm-none-eabi/14.3.1/thumb/v7e-m+dp/hard/crtn.o
                0x24080000                        _estack = (ORIGIN (RAM_D1) + LENGTH (RAM_D1))
                0x00000200                        _Min_Heap_Size = 0x200
                0x00000400                        _Min_Stack_Size = 0x400

.isr_vector     0x08000000      0x298
                0x08000000                        . = ALIGN (0x4)
 *(.isr_vector)
 .isr_vector    0x08000000      0x298 ./Core/Startup/startup_stm32h753zitx.o
                0x08000000                g_pfnVectors
                0x08000298                        . = ALIGN (0x4)

.text           0x080002a0    0x14854
                0x080002a0                        . = ALIGN (0x4)
 *(.text)
 .text          0x080002a0       0x40 C:/ST/STM32CubeIDE_2.1.1/STM32CubeIDE/plugins/com.st.stm32cube.ide.mcu.externaltools.gnu-tools-for-stm32.14.3.rel1.win32_1.0.100.202602081740/tools/bin/../lib/gcc/arm-none-eabi/14.3.1/thumb/v7e-m+dp/hard/crtbegin.o
 .text          0x080002e0        0xe ./MicroTBX/tbx_comp.o
                0x080002e0                TbxPortInterruptsDisable
                0x080002e8                TbxPortInterruptsRestore
 .text          0x080002ee       0x10 C:/ST/STM32CubeIDE_2.1.1/STM32CubeIDE/plugins/com.st.stm32cube.ide.mcu.externaltools.gnu-tools-for-stm32.14.3.rel1.win32_1.0.100.202602081740/tools/bin/../lib/gcc/arm-none-eabi/14.3.1/../../../../arm-none-eabi/lib/thumb/v7e-m+dp/hard\libc_nano.a(libc_a-strlen.o)
                0x080002ee                strlen
 *fill*         0x080002fe        0x2 
 .text          0x08000300       0xa0 C:/ST/STM32CubeIDE_2.1.1/STM32CubeIDE/plugins/com.st.stm32cube.ide.mcu.externaltools.gnu-tools-for-stm32.14.3.rel1.win32_1.0.100.202602081740/tools/bin/../lib/gcc/arm-none-eabi/14.3.1/../../../../arm-none-eabi/lib/thumb/v7e-m+dp/hard\libc_nano.a(libc_a-memchr.o)
                0x08000300                memchr
 .text          0x080003a0       0x30 C:/ST/STM32CubeIDE_2.1.1/STM32CubeIDE/plugins/com.st.stm32cube.ide.mcu.externaltools.gnu-tools-for-stm32.14.3.rel1.win32_1.0.100.202602081740/tools/bin/../lib/gcc/arm-none-eabi/14.3.1/thumb/v7e-m+dp/hard\libgcc.a(_aeabi_uldivmod.o)
                0x080003a0                __aeabi_uldivmod
 .text          0x080003d0      0x2f8 C:/ST/STM32CubeIDE_2.1.1/STM32CubeIDE/plugins/com.st.stm32cube.ide.mcu.externaltools.gnu-tools-for-stm32.14.3.rel1.win32_1.0.100.202602081740/tools/bin/../lib/gcc/arm-none-eabi/14.3.1/thumb/v7e-m+dp/hard\libgcc.a(_udivmoddi4.o)
                0x080003d0                __udivmoddi4
 .text          0x080006c8        0x4 C:/ST/STM32CubeIDE_2.1.1/STM32CubeIDE/plugins/com.st.stm32cube.ide.mcu.externaltools.gnu-tools-for-stm32.14.3.rel1.win32_1.0.100.202602081740/tools/bin/../lib/gcc/arm-none-eabi/14.3.1/thumb/v7e-m+dp/hard\libgcc.a(_dvmd_tls.o)
                0x080006c8                __aeabi_idiv0
                0x080006c8                __aeabi_ldiv0
 *(.text*)
 .text.BltPortFdcanInit
                0x080006cc       0x78 ./App/blt_port.o
                0x080006cc                BltPortFdcanInit
 .text.BltPortSystemGetTime
                0x08000744        0xe ./App/blt_port.o
 *fill*         0x08000752        0x2 
 .text.BltPortXcpTransmitPacket
                0x08000754       0xd0 ./App/blt_port.o
 .text.BltPortXcpReceivePacket
                0x08000824       0x80 ./App/blt_port.o
 .text.BltPortXcpComputeKeyFromSeed
                0x080008a4       0x8c ./App/blt_port.o
 .text.HAL_FDCAN_RxFifo0Callback
                0x08000930       0xd4 ./App/blt_port.o
                0x08000930                HAL_FDCAN_RxFifo0Callback
 .text.UpdateFirmware
                0x08000a04      0x1f4 ./App/update.o
                0x08000a04                UpdateFirmware
 .text.VcpPrint
                0x08000bf8       0x2c ./Core/Src/main.o
 .text.AppAssertHandler
                0x08000c24       0x30 ./Core/Src/main.o
 .text.HAL_UARTEx_RxEventCallback
                0x08000c54       0x6c ./Core/Src/main.o
                0x08000c54                HAL_UARTEx_RxEventCallback
 .text.HAL_UART_ErrorCallback
                0x08000cc0       0x30 ./Core/Src/main.o
                0x08000cc0                HAL_UART_ErrorCallback
 .text.main     0x08000cf0       0x54 ./Core/Src/main.o
                0x08000cf0                main
 .text.SystemClock_Config
                0x08000d44       0xfc ./Core/Src/main.o
                0x08000d44                SystemClock_Config
 .text.MX_FDCAN1_Init
                0x08000e40       0xcc ./Core/Src/main.o
 .text.MX_USART3_UART_Init
                0x08000f0c       0x98 ./Core/Src/main.o
 .text.MX_GPIO_Init
                0x08000fa4       0x70 ./Core/Src/main.o
 .text.FwUpdateTaskFunc
                0x08001014      0x32c ./Core/Src/main.o
                0x08001014                FwUpdateTaskFunc
 .text.HAL_TIM_PeriodElapsedCallback
                0x08001340       0x24 ./Core/Src/main.o
                0x08001340                HAL_TIM_PeriodElapsedCallback
 .text.Error_Handler
                0x08001364        0xc ./Core/Src/main.o
                0x08001364                Error_Handler
 .text.HAL_MspInit
                0x08001370       0x3c ./Core/Src/stm32h7xx_hal_msp.o
                0x08001370                HAL_MspInit
 .text.HAL_FDCAN_MspInit
                0x080013ac       0xe4 ./Core/Src/stm32h7xx_hal_msp.o
                0x080013ac                HAL_FDCAN_MspInit
 .text.HAL_UART_MspInit
                0x08001490       0xe4 ./Core/Src/stm32h7xx_hal_msp.o
                0x08001490                HAL_UART_MspInit
 .text.HAL_InitTick
                0x08001574       0xd8 ./Core/Src/stm32h7xx_hal_timebase_tim.o
                0x08001574                HAL_InitTick
 .text.NMI_Handler
                0x0800164c        0x8 ./Core/Src/stm32h7xx_it.o
                0x0800164c                NMI_Handler
 .text.HardFault_Handler
                0x08001654        0x8 ./Core/Src/stm32h7xx_it.o
                0x08001654                HardFault_Handler
 .text.MemManage_Handler
                0x0800165c        0x8 ./Core/Src/stm32h7xx_it.o
                0x0800165c                MemManage_Handler
 .text.BusFault_Handler
                0x08001664        0x8 ./Core/Src/stm32h7xx_it.o
                0x08001664                BusFault_Handler
 .text.UsageFault_Handler
                0x0800166c        0x8 ./Core/Src/stm32h7xx_it.o
                0x0800166c                UsageFault_Handler
 .text.DebugMon_Handler
                0x08001674        0xe ./Core/Src/stm32h7xx_it.o
                0x08001674                DebugMon_Handler
 *fill*         0x08001682        0x2 
 .text.FDCAN1_IT0_IRQHandler
                0x08001684       0x14 ./Core/Src/stm32h7xx_it.o
                0x08001684                FDCAN1_IT0_IRQHandler
 .text.USART3_IRQHandler
                0x08001698       0x14 ./Core/Src/stm32h7xx_it.o
                0x08001698                USART3_IRQHandler
 .text.TIM6_DAC_IRQHandler
                0x080016ac       0x14 ./Core/Src/stm32h7xx_it.o
                0x080016ac                TIM6_DAC_IRQHandler
 .text._sbrk    0x080016c0       0x6c ./Core/Src/sysmem.o
                0x080016c0                _sbrk
 .text.SystemInit
                0x0800172c      0x140 ./Core/Src/system_stm32h7xx.o
                0x0800172c                SystemInit
 .text.ExitRun0Mode
                0x0800186c       0x18 ./Core/Src/system_stm32h7xx.o
                0x0800186c                ExitRun0Mode
 .text.Reset_Handler
                0x08001884       0x54 ./Core/Startup/startup_stm32h753zitx.o
                0x08001884                Reset_Handler
 .text.Default_Handler
                0x080018d8        0x2 ./Core/Startup/startup_stm32h753zitx.o
                0x080018d8                RTC_Alarm_IRQHandler
                0x080018d8                HASH_RNG_IRQHandler
                0x080018d8                EXTI2_IRQHandler
                0x080018d8                TIM8_CC_IRQHandler
                0x080018d8                HRTIM1_Master_IRQHandler
                0x080018d8                UART8_IRQHandler
                0x080018d8                SPI4_IRQHandler
                0x080018d8                TIM1_CC_IRQHandler
                0x080018d8                BDMA_Channel6_IRQHandler
                0x080018d8                DMA2_Stream5_IRQHandler
                0x080018d8                HRTIM1_FLT_IRQHandler
                0x080018d8                JPEG_IRQHandler
                0x080018d8                DMA1_Stream5_IRQHandler
                0x080018d8                BDMA_Channel1_IRQHandler
                0x080018d8                HRTIM1_TIMD_IRQHandler
                0x080018d8                TAMP_STAMP_IRQHandler
                0x080018d8                EXTI3_IRQHandler
                0x080018d8                LPTIM4_IRQHandler
                0x080018d8                TIM8_TRG_COM_TIM14_IRQHandler
                0x080018d8                LPTIM2_IRQHandler
                0x080018d8                DFSDM1_FLT1_IRQHandler
                0x080018d8                DMAMUX2_OVR_IRQHandler
                0x080018d8                TIM8_UP_TIM13_IRQHandler
                0x080018d8                I2C3_ER_IRQHandler
                0x080018d8                DFSDM1_FLT2_IRQHandler
                0x080018d8                MDMA_IRQHandler
                0x080018d8                LPTIM3_IRQHandler
                0x080018d8                HSEM1_IRQHandler
                0x080018d8                EXTI0_IRQHandler
                0x080018d8                I2C2_EV_IRQHandler
                0x080018d8                DMA1_Stream2_IRQHandler
                0x080018d8                FPU_IRQHandler
                0x080018d8                OTG_HS_WKUP_IRQHandler
                0x080018d8                FDCAN1_IT1_IRQHandler
                0x080018d8                LTDC_ER_IRQHandler
                0x080018d8                DMA2_Stream2_IRQHandler
                0x080018d8                HRTIM1_TIME_IRQHandler
                0x080018d8                SPI1_IRQHandler
                0x080018d8                DCMI_IRQHandler
                0x080018d8                HRTIM1_TIMC_IRQHandler
                0x080018d8                DMA2_Stream3_IRQHandler
                0x080018d8                SAI2_IRQHandler
                0x080018d8                DFSDM1_FLT3_IRQHandler
                0x080018d8                USART6_IRQHandler
                0x080018d8                TIM17_IRQHandler
                0x080018d8                BDMA_Channel7_IRQHandler
                0x080018d8                CRYP_IRQHandler
                0x080018d8                LPTIM5_IRQHandler
                0x080018d8                UART5_IRQHandler
                0x080018d8                ADC3_IRQHandler
                0x080018d8                DMA2_Stream0_IRQHandler
                0x080018d8                TIM4_IRQHandler
                0x080018d8                BDMA_Channel2_IRQHandler
                0x080018d8                QUADSPI_IRQHandler
                0x080018d8                I2C1_EV_IRQHandler
                0x080018d8                DMA1_Stream6_IRQHandler
                0x080018d8                DMAMUX1_OVR_IRQHandler
                0x080018d8                DMA1_Stream1_IRQHandler
                0x080018d8                TIM16_IRQHandler
                0x080018d8                UART4_IRQHandler
                0x080018d8                BDMA_Channel5_IRQHandler
                0x080018d8                TIM3_IRQHandler
                0x080018d8                RCC_IRQHandler
                0x080018d8                TIM8_BRK_TIM12_IRQHandler
                0x080018d8                TIM1_TRG_COM_IRQHandler
                0x080018d8                Default_Handler
                0x080018d8                ECC_IRQHandler
                0x080018d8                CEC_IRQHandler
                0x080018d8                EXTI15_10_IRQHandler
                0x080018d8                BDMA_Channel0_IRQHandler
                0x080018d8                ADC_IRQHandler
                0x080018d8                DMA1_Stream7_IRQHandler
                0x080018d8                HRTIM1_TIMA_IRQHandler
                0x080018d8                SPI5_IRQHandler
                0x080018d8                TIM7_IRQHandler
                0x080018d8                SDMMC1_IRQHandler
                0x080018d8                TIM5_IRQHandler
                0x080018d8                DMA2_Stream7_IRQHandler
                0x080018d8                TIM15_IRQHandler
                0x080018d8                PVD_AVD_IRQHandler
                0x080018d8                I2C3_EV_IRQHandler
                0x080018d8                EXTI9_5_IRQHandler
                0x080018d8                RTC_WKUP_IRQHandler
                0x080018d8                LTDC_IRQHandler
                0x080018d8                SAI3_IRQHandler
                0x080018d8                ETH_WKUP_IRQHandler
                0x080018d8                SPDIF_RX_IRQHandler
                0x080018d8                SPI2_IRQHandler
                0x080018d8                OTG_HS_EP1_IN_IRQHandler
                0x080018d8                DMA1_Stream0_IRQHandler
                0x080018d8                CRS_IRQHandler
                0x080018d8                EXTI4_IRQHandler
                0x080018d8                HRTIM1_TIMB_IRQHandler
                0x080018d8                FDCAN2_IT1_IRQHandler
                0x080018d8                ETH_IRQHandler
                0x080018d8                TIM1_UP_IRQHandler
                0x080018d8                BDMA_Channel4_IRQHandler
                0x080018d8                OTG_HS_EP1_OUT_IRQHandler
                0x080018d8                WWDG_IRQHandler
                0x080018d8                SPI6_IRQHandler
                0x080018d8                MDIOS_IRQHandler
                0x080018d8                I2C4_EV_IRQHandler
                0x080018d8                FDCAN2_IT0_IRQHandler
                0x080018d8                LPUART1_IRQHandler
                0x080018d8                TIM2_IRQHandler
                0x080018d8                OTG_FS_WKUP_IRQHandler
                0x080018d8                OTG_HS_IRQHandler
                0x080018d8                DMA2D_IRQHandler
                0x080018d8                TIM1_BRK_IRQHandler
                0x080018d8                EXTI1_IRQHandler
                0x080018d8                SDMMC2_IRQHandler
                0x080018d8                OTG_FS_EP1_OUT_IRQHandler
                0x080018d8                BDMA_Channel3_IRQHandler
                0x080018d8                UART7_IRQHandler
                0x080018d8                MDIOS_WKUP_IRQHandler
                0x080018d8                USART2_IRQHandler
                0x080018d8                DFSDM1_FLT0_IRQHandler
                0x080018d8                SAI4_IRQHandler
                0x080018d8                I2C2_ER_IRQHandler
                0x080018d8                DMA2_Stream1_IRQHandler
                0x080018d8                FLASH_IRQHandler
                0x080018d8                DMA2_Stream4_IRQHandler
                0x080018d8                USART1_IRQHandler
                0x080018d8                OTG_FS_IRQHandler
                0x080018d8                SPI3_IRQHandler
                0x080018d8                WAKEUP_PIN_IRQHandler
                0x080018d8                DMA1_Stream4_IRQHandler
                0x080018d8                OTG_FS_EP1_IN_IRQHandler
                0x080018d8                I2C1_ER_IRQHandler
                0x080018d8                FMC_IRQHandler
                0x080018d8                FDCAN_CAL_IRQHandler
                0x080018d8                SWPMI1_IRQHandler
                0x080018d8                COMP1_IRQHandler
                0x080018d8                LPTIM1_IRQHandler
                0x080018d8                I2C4_ER_IRQHandler
                0x080018d8                DMA2_Stream6_IRQHandler
                0x080018d8                SAI1_IRQHandler
                0x080018d8                DMA1_Stream3_IRQHandler
 *fill*         0x080018da        0x2 
 .text.BSP_LED_Init
                0x080018dc       0xec ./Drivers/BSP/STM32H7xx_Nucleo/stm32h7xx_nucleo.o
                0x080018dc                BSP_LED_Init
 .text.HAL_Init
                0x080019c8       0x78 ./Drivers/STM32H7xx_HAL_Driver/Src/stm32h7xx_hal.o
                0x080019c8                HAL_Init
 .text.HAL_IncTick
                0x08001a40       0x28 ./Drivers/STM32H7xx_HAL_Driver/Src/stm32h7xx_hal.o
                0x08001a40                HAL_IncTick
 .text.HAL_GetTick
                0x08001a68       0x18 ./Drivers/STM32H7xx_HAL_Driver/Src/stm32h7xx_hal.o
                0x08001a68                HAL_GetTick
 .text.HAL_GetREVID
                0x08001a80       0x18 ./Drivers/STM32H7xx_HAL_Driver/Src/stm32h7xx_hal.o
                0x08001a80                HAL_GetREVID
 .text.__NVIC_SetPriorityGrouping
                0x08001a98       0x48 ./Drivers/STM32H7xx_HAL_Driver/Src/stm32h7xx_hal_cortex.o
 .text.__NVIC_GetPriorityGrouping
                0x08001ae0       0x1c ./Drivers/STM32H7xx_HAL_Driver/Src/stm32h7xx_hal_cortex.o
 .text.__NVIC_EnableIRQ
                0x08001afc       0x3c ./Drivers/STM32H7xx_HAL_Driver/Src/stm32h7xx_hal_cortex.o
 .text.__NVIC_SetPriority
                0x08001b38       0x54 ./Drivers/STM32H7xx_HAL_Driver/Src/stm32h7xx_hal_cortex.o
 .text.NVIC_EncodePriority
                0x08001b8c       0x66 ./Drivers/STM32H7xx_HAL_Driver/Src/stm32h7xx_hal_cortex.o
 .text.HAL_NVIC_SetPriorityGrouping
                0x08001bf2       0x16 ./Drivers/STM32H7xx_HAL_Driver/Src/stm32h7xx_hal_cortex.o
                0x08001bf2                HAL_NVIC_SetPriorityGrouping
 .text.HAL_NVIC_SetPriority
                0x08001c08       0x34 ./Drivers/STM32H7xx_HAL_Driver/Src/stm32h7xx_hal_cortex.o
                0x08001c08                HAL_NVIC_SetPriority
 .text.HAL_NVIC_EnableIRQ
                0x08001c3c       0x1c ./Drivers/STM32H7xx_HAL_Driver/Src/stm32h7xx_hal_cortex.o
                0x08001c3c                HAL_NVIC_EnableIRQ
 .text.HAL_DMA_Abort
                0x08001c58      0x63c ./Drivers/STM32H7xx_HAL_Driver/Src/stm32h7xx_hal_dma.o
                0x08001c58                HAL_DMA_Abort
 .text.HAL_DMA_Abort_IT
                0x08002294      0x48c ./Drivers/STM32H7xx_HAL_Driver/Src/stm32h7xx_hal_dma.o
                0x08002294                HAL_DMA_Abort_IT
 .text.HAL_FDCAN_Init
                0x08002720      0x3bc ./Drivers/STM32H7xx_HAL_Driver/Src/stm32h7xx_hal_fdcan.o
                0x08002720                HAL_FDCAN_Init
 .text.HAL_FDCAN_ConfigFilter
                0x08002adc       0xec ./Drivers/STM32H7xx_HAL_Driver/Src/stm32h7xx_hal_fdcan.o
                0x08002adc                HAL_FDCAN_ConfigFilter
 .text.HAL_FDCAN_ConfigGlobalFilter
                0x08002bc8       0x5a ./Drivers/STM32H7xx_HAL_Driver/Src/stm32h7xx_hal_fdcan.o
                0x08002bc8                HAL_FDCAN_ConfigGlobalFilter
 .text.HAL_FDCAN_Start
                0x08002c22       0x56 ./Drivers/STM32H7xx_HAL_Driver/Src/stm32h7xx_hal_fdcan.o
                0x08002c22                HAL_FDCAN_Start
 .text.HAL_FDCAN_AddMessageToTxFifoQ
                0x08002c78       0xb6 ./Drivers/STM32H7xx_HAL_Driver/Src/stm32h7xx_hal_fdcan.o
                0x08002c78                HAL_FDCAN_AddMessageToTxFifoQ
 *fill*         0x08002d2e        0x2 
 .text.HAL_FDCAN_GetRxMessage
                0x08002d30      0x2f4 ./Drivers/STM32H7xx_HAL_Driver/Src/stm32h7xx_hal_fdcan.o
                0x08002d30                HAL_FDCAN_GetRxMessage
 .text.HAL_FDCAN_ActivateNotification
                0x08003024       0xf4 ./Drivers/STM32H7xx_HAL_Driver/Src/stm32h7xx_hal_fdcan.o
                0x08003024                HAL_FDCAN_ActivateNotification
 .text.HAL_FDCAN_IRQHandler
                0x08003118      0x4bc ./Drivers/STM32H7xx_HAL_Driver/Src/stm32h7xx_hal_fdcan.o
                0x08003118                HAL_FDCAN_IRQHandler
 .text.HAL_FDCAN_ClockCalibrationCallback
                0x080035d4       0x16 ./Drivers/STM32H7xx_HAL_Driver/Src/stm32h7xx_hal_fdcan.o
                0x080035d4                HAL_FDCAN_ClockCalibrationCallback
 .text.HAL_FDCAN_TxEventFifoCallback
                0x080035ea       0x16 ./Drivers/STM32H7xx_HAL_Driver/Src/stm32h7xx_hal_fdcan.o
                0x080035ea                HAL_FDCAN_TxEventFifoCallback
 .text.HAL_FDCAN_RxFifo1Callback
                0x08003600       0x16 ./Drivers/STM32H7xx_HAL_Driver/Src/stm32h7xx_hal_fdcan.o
                0x08003600                HAL_FDCAN_RxFifo1Callback
 .text.HAL_FDCAN_TxFifoEmptyCallback
                0x08003616       0x14 ./Drivers/STM32H7xx_HAL_Driver/Src/stm32h7xx_hal_fdcan.o
                0x08003616                HAL_FDCAN_TxFifoEmptyCallback
 .text.HAL_FDCAN_TxBufferCompleteCallback
                0x0800362a       0x16 ./Drivers/STM32H7xx_HAL_Driver/Src/stm32h7xx_hal_fdcan.o
                0x0800362a                HAL_FDCAN_TxBufferCompleteCallback
 .text.HAL_FDCAN_TxBufferAbortCallback
                0x08003640       0x16 ./Drivers/STM32H7xx_HAL_Driver/Src/stm32h7xx_hal_fdcan.o
                0x08003640                HAL_FDCAN_TxBufferAbortCallback
 .text.HAL_FDCAN_RxBufferNewMessageCallback
                0x08003656       0x14 ./Drivers/STM32H7xx_HAL_Driver/Src/stm32h7xx_hal_fdcan.o
                0x08003656                HAL_FDCAN_RxBufferNewMessageCallback
 .text.HAL_FDCAN_TimestampWraparoundCallback
                0x0800366a       0x14 ./Drivers/STM32H7xx_HAL_Driver/Src/stm32h7xx_hal_fdcan.o
                0x0800366a                HAL_FDCAN_TimestampWraparoundCallback
 .text.HAL_FDCAN_TimeoutOccurredCallback
                0x0800367e       0x14 ./Drivers/STM32H7xx_HAL_Driver/Src/stm32h7xx_hal_fdcan.o
                0x0800367e                HAL_FDCAN_TimeoutOccurredCallback
 .text.HAL_FDCAN_HighPriorityMessageCallback
                0x08003692       0x14 ./Drivers/STM32H7xx_HAL_Driver/Src/stm32h7xx_hal_fdcan.o
                0x08003692                HAL_FDCAN_HighPriorityMessageCallback
 .text.HAL_FDCAN_ErrorCallback
                0x080036a6       0x14 ./Drivers/STM32H7xx_HAL_Driver/Src/stm32h7xx_hal_fdcan.o
                0x080036a6                HAL_FDCAN_ErrorCallback
 .text.HAL_FDCAN_ErrorStatusCallback
                0x080036ba       0x16 ./Drivers/STM32H7xx_HAL_Driver/Src/stm32h7xx_hal_fdcan.o
                0x080036ba                HAL_FDCAN_ErrorStatusCallback
 .text.HAL_FDCAN_TT_ScheduleSyncCallback
                0x080036d0       0x16 ./Drivers/STM32H7xx_HAL_Driver/Src/stm32h7xx_hal_fdcan.o
                0x080036d0                HAL_FDCAN_TT_ScheduleSyncCallback
 .text.HAL_FDCAN_TT_TimeMarkCallback
                0x080036e6       0x16 ./Drivers/STM32H7xx_HAL_Driver/Src/stm32h7xx_hal_fdcan.o
                0x080036e6                HAL_FDCAN_TT_TimeMarkCallback
 .text.HAL_FDCAN_TT_StopWatchCallback
                0x080036fc       0x18 ./Drivers/STM32H7xx_HAL_Driver/Src/stm32h7xx_hal_fdcan.o
                0x080036fc                HAL_FDCAN_TT_StopWatchCallback
 .text.HAL_FDCAN_TT_GlobalTimeCallback
                0x08003714       0x16 ./Drivers/STM32H7xx_HAL_Driver/Src/stm32h7xx_hal_fdcan.o
                0x08003714                HAL_FDCAN_TT_GlobalTimeCallback
 *fill*         0x0800372a        0x2 
 .text.FDCAN_CalculateRamBlockAddresses
                0x0800372c      0x30c ./Drivers/STM32H7xx_HAL_Driver/Src/stm32h7xx_hal_fdcan.o
 .text.FDCAN_CopyMessageToRAM
                0x08003a38       0xfc ./Drivers/STM32H7xx_HAL_Driver/Src/stm32h7xx_hal_fdcan.o
 .text.HAL_GPIO_Init
                0x08003b34      0x374 ./Drivers/STM32H7xx_HAL_Driver/Src/stm32h7xx_hal_gpio.o
                0x08003b34                HAL_GPIO_Init
 .text.HAL_GPIO_WritePin
                0x08003ea8       0x32 ./Drivers/STM32H7xx_HAL_Driver/Src/stm32h7xx_hal_gpio.o
                0x08003ea8                HAL_GPIO_WritePin
 *fill*         0x08003eda        0x2 
 .text.HAL_PWREx_ConfigSupply
                0x08003edc       0x74 ./Drivers/STM32H7xx_HAL_Driver/Src/stm32h7xx_hal_pwr_ex.o
                0x08003edc                HAL_PWREx_ConfigSupply
 .text.HAL_RCC_OscConfig
                0x08003f50      0x8b4 ./Drivers/STM32H7xx_HAL_Driver/Src/stm32h7xx_hal_rcc.o
                0x08003f50                HAL_RCC_OscConfig
 .text.HAL_RCC_ClockConfig
                0x08004804      0x36c ./Drivers/STM32H7xx_HAL_Driver/Src/stm32h7xx_hal_rcc.o
                0x08004804                HAL_RCC_ClockConfig
 .text.HAL_RCC_GetSysClockFreq
                0x08004b70      0x2f4 ./Drivers/STM32H7xx_HAL_Driver/Src/stm32h7xx_hal_rcc.o
                0x08004b70                HAL_RCC_GetSysClockFreq
 .text.HAL_RCC_GetHCLKFreq
                0x08004e64       0x60 ./Drivers/STM32H7xx_HAL_Driver/Src/stm32h7xx_hal_rcc.o
                0x08004e64                HAL_RCC_GetHCLKFreq
 .text.HAL_RCC_GetPCLK1Freq
                0x08004ec4       0x2c ./Drivers/STM32H7xx_HAL_Driver/Src/stm32h7xx_hal_rcc.o
                0x08004ec4                HAL_RCC_GetPCLK1Freq
 .text.HAL_RCC_GetPCLK2Freq
                0x08004ef0       0x2c ./Drivers/STM32H7xx_HAL_Driver/Src/stm32h7xx_hal_rcc.o
                0x08004ef0                HAL_RCC_GetPCLK2Freq
 .text.HAL_RCC_GetClockConfig
                0x08004f1c       0x84 ./Drivers/STM32H7xx_HAL_Driver/Src/stm32h7xx_hal_rcc.o
                0x08004f1c                HAL_RCC_GetClockConfig
 .text.HAL_RCCEx_PeriphCLKConfig
                0x08004fa0     0x1414 ./Drivers/STM32H7xx_HAL_Driver/Src/stm32h7xx_hal_rcc_ex.o
                0x08004fa0                HAL_RCCEx_PeriphCLKConfig
 .text.HAL_RCCEx_GetD3PCLK1Freq
                0x080063b4       0x2c ./Drivers/STM32H7xx_HAL_Driver/Src/stm32h7xx_hal_rcc_ex.o
                0x080063b4                HAL_RCCEx_GetD3PCLK1Freq
 .text.HAL_RCCEx_GetPLL2ClockFreq
                0x080063e0      0x2a8 ./Drivers/STM32H7xx_HAL_Driver/Src/stm32h7xx_hal_rcc_ex.o
                0x080063e0                HAL_RCCEx_GetPLL2ClockFreq
 .text.HAL_RCCEx_GetPLL3ClockFreq
                0x08006688      0x2a8 ./Drivers/STM32H7xx_HAL_Driver/Src/stm32h7xx_hal_rcc_ex.o
                0x08006688                HAL_RCCEx_GetPLL3ClockFreq
 .text.RCCEx_PLL2_Config
                0x08006930      0x164 ./Drivers/STM32H7xx_HAL_Driver/Src/stm32h7xx_hal_rcc_ex.o
 .text.RCCEx_PLL3_Config
                0x08006a94      0x164 ./Drivers/STM32H7xx_HAL_Driver/Src/stm32h7xx_hal_rcc_ex.o
 .text.HAL_TIM_Base_Init
                0x08006bf8       0xae ./Drivers/STM32H7xx_HAL_Driver/Src/stm32h7xx_hal_tim.o
                0x08006bf8                HAL_TIM_Base_Init
 .text.HAL_TIM_Base_MspInit
                0x08006ca6       0x14 ./Drivers/STM32H7xx_HAL_Driver/Src/stm32h7xx_hal_tim.o
                0x08006ca6                HAL_TIM_Base_MspInit
 *fill*         0x08006cba        0x2 
 .text.HAL_TIM_Base_Start_IT
                0x08006cbc       0xf0 ./Drivers/STM32H7xx_HAL_Driver/Src/stm32h7xx_hal_tim.o
                0x08006cbc                HAL_TIM_Base_Start_IT
 .text.HAL_TIM_IRQHandler
                0x08006dac      0x20e ./Drivers/STM32H7xx_HAL_Driver/Src/stm32h7xx_hal_tim.o
                0x08006dac                HAL_TIM_IRQHandler
 .text.HAL_TIM_OC_DelayElapsedCallback
                0x08006fba       0x14 ./Drivers/STM32H7xx_HAL_Driver/Src/stm32h7xx_hal_tim.o
                0x08006fba                HAL_TIM_OC_DelayElapsedCallback
 .text.HAL_TIM_IC_CaptureCallback
                0x08006fce       0x14 ./Drivers/STM32H7xx_HAL_Driver/Src/stm32h7xx_hal_tim.o
                0x08006fce                HAL_TIM_IC_CaptureCallback
 .text.HAL_TIM_PWM_PulseFinishedCallback
                0x08006fe2       0x14 ./Drivers/STM32H7xx_HAL_Driver/Src/stm32h7xx_hal_tim.o
                0x08006fe2                HAL_TIM_PWM_PulseFinishedCallback
 .text.HAL_TIM_TriggerCallback
                0x08006ff6       0x14 ./Drivers/STM32H7xx_HAL_Driver/Src/stm32h7xx_hal_tim.o
                0x08006ff6                HAL_TIM_TriggerCallback
 *fill*         0x0800700a        0x2 
 .text.TIM_Base_SetConfig
                0x0800700c      0x140 ./Drivers/STM32H7xx_HAL_Driver/Src/stm32h7xx_hal_tim.o
                0x0800700c                TIM_Base_SetConfig
 .text.HAL_TIMEx_CommutCallback
                0x0800714c       0x14 ./Drivers/STM32H7xx_HAL_Driver/Src/stm32h7xx_hal_tim_ex.o
                0x0800714c                HAL_TIMEx_CommutCallback
 .text.HAL_TIMEx_BreakCallback
                0x08007160       0x14 ./Drivers/STM32H7xx_HAL_Driver/Src/stm32h7xx_hal_tim_ex.o
                0x08007160                HAL_TIMEx_BreakCallback
 .text.HAL_TIMEx_Break2Callback
                0x08007174       0x14 ./Drivers/STM32H7xx_HAL_Driver/Src/stm32h7xx_hal_tim_ex.o
                0x08007174                HAL_TIMEx_Break2Callback
 .text.HAL_UART_Init
                0x08007188       0xa0 ./Drivers/STM32H7xx_HAL_Driver/Src/stm32h7xx_hal_uart.o
                0x08007188                HAL_UART_Init
 .text.HAL_UART_Transmit
                0x08007228      0x132 ./Drivers/STM32H7xx_HAL_Driver/Src/stm32h7xx_hal_uart.o
                0x08007228                HAL_UART_Transmit
 *fill*         0x0800735a        0x2 
 .text.HAL_UART_IRQHandler
                0x0800735c      0x7ac ./Drivers/STM32H7xx_HAL_Driver/Src/stm32h7xx_hal_uart.o
                0x0800735c                HAL_UART_IRQHandler
 .text.HAL_UART_TxCpltCallback
                0x08007b08       0x14 ./Drivers/STM32H7xx_HAL_Driver/Src/stm32h7xx_hal_uart.o
                0x08007b08                HAL_UART_TxCpltCallback
 .text.HAL_UART_RxCpltCallback
                0x08007b1c       0x14 ./Drivers/STM32H7xx_HAL_Driver/Src/stm32h7xx_hal_uart.o
                0x08007b1c                HAL_UART_RxCpltCallback
 .text.UART_SetConfig
                0x08007b30      0xad0 ./Drivers/STM32H7xx_HAL_Driver/Src/stm32h7xx_hal_uart.o
                0x08007b30                UART_SetConfig
 .text.UART_AdvFeatureConfig
                0x08008600      0x144 ./Drivers/STM32H7xx_HAL_Driver/Src/stm32h7xx_hal_uart.o
                0x08008600                UART_AdvFeatureConfig
 .text.UART_CheckIdleState
                0x08008744      0x154 ./Drivers/STM32H7xx_HAL_Driver/Src/stm32h7xx_hal_uart.o
                0x08008744                UART_CheckIdleState
 .text.UART_WaitOnFlagUntilTimeout
                0x08008898       0xda ./Drivers/STM32H7xx_HAL_Driver/Src/stm32h7xx_hal_uart.o
                0x08008898                UART_WaitOnFlagUntilTimeout
 *fill*         0x08008972        0x2 
 .text.UART_Start_Receive_IT
                0x08008974      0x244 ./Drivers/STM32H7xx_HAL_Driver/Src/stm32h7xx_hal_uart.o
                0x08008974                UART_Start_Receive_IT
 .text.UART_EndRxTransfer
                0x08008bb8       0xcc ./Drivers/STM32H7xx_HAL_Driver/Src/stm32h7xx_hal_uart.o
 .text.UART_DMAAbortOnError
                0x08008c84       0x1c ./Drivers/STM32H7xx_HAL_Driver/Src/stm32h7xx_hal_uart.o
 .text.UART_EndTransmit_IT
                0x08008ca0       0x56 ./Drivers/STM32H7xx_HAL_Driver/Src/stm32h7xx_hal_uart.o
 *fill*         0x08008cf6        0x2 
 .text.UART_RxISR_8BIT
                0x08008cf8      0x1b8 ./Drivers/STM32H7xx_HAL_Driver/Src/stm32h7xx_hal_uart.o
 .text.UART_RxISR_16BIT
                0x08008eb0      0x1b8 ./Drivers/STM32H7xx_HAL_Driver/Src/stm32h7xx_hal_uart.o
 .text.UART_RxISR_8BIT_FIFOEN
                0x08009068      0x364 ./Drivers/STM32H7xx_HAL_Driver/Src/stm32h7xx_hal_uart.o
 .text.UART_RxISR_16BIT_FIFOEN
                0x080093cc      0x36c ./Drivers/STM32H7xx_HAL_Driver/Src/stm32h7xx_hal_uart.o
 .text.HAL_UARTEx_WakeupCallback
                0x08009738       0x14 ./Drivers/STM32H7xx_HAL_Driver/Src/stm32h7xx_hal_uart_ex.o
                0x08009738                HAL_UARTEx_WakeupCallback
 .text.HAL_UARTEx_RxFifoFullCallback
                0x0800974c       0x14 ./Drivers/STM32H7xx_HAL_Driver/Src/stm32h7xx_hal_uart_ex.o
                0x0800974c                HAL_UARTEx_RxFifoFullCallback
 .text.HAL_UARTEx_TxFifoEmptyCallback
                0x08009760       0x14 ./Drivers/STM32H7xx_HAL_Driver/Src/stm32h7xx_hal_uart_ex.o
                0x08009760                HAL_UARTEx_TxFifoEmptyCallback
 .text.HAL_UARTEx_DisableFifoMode
                0x08009774       0x72 ./Drivers/STM32H7xx_HAL_Driver/Src/stm32h7xx_hal_uart_ex.o
                0x08009774                HAL_UARTEx_DisableFifoMode
 .text.HAL_UARTEx_SetTxFifoThreshold
                0x080097e6       0x7c ./Drivers/STM32H7xx_HAL_Driver/Src/stm32h7xx_hal_uart_ex.o
                0x080097e6                HAL_UARTEx_SetTxFifoThreshold
 .text.HAL_UARTEx_SetRxFifoThreshold
                0x08009862       0x7c ./Drivers/STM32H7xx_HAL_Driver/Src/stm32h7xx_hal_uart_ex.o
                0x08009862                HAL_UARTEx_SetRxFifoThreshold
 .text.HAL_UARTEx_ReceiveToIdle_IT
                0x080098de       0xa0 ./Drivers/STM32H7xx_HAL_Driver/Src/stm32h7xx_hal_uart_ex.o
                0x080098de                HAL_UARTEx_ReceiveToIdle_IT
 *fill*         0x0800997e        0x2 
 .text.UARTEx_SetNbDataToProcess
                0x08009980       0x9c ./Drivers/STM32H7xx_HAL_Driver/Src/stm32h7xx_hal_uart_ex.o
 .text.ff_convert
                0x08009a1c       0x78 ./FatFs/ccsbcs.o
                0x08009a1c                ff_convert
 .text.ff_wtoupper
                0x08009a94      0x114 ./FatFs/ccsbcs.o
                0x08009a94                ff_wtoupper
 .text.ld_word  0x08009ba8       0x32 ./FatFs/ff.o
 .text.ld_dword
                0x08009bda       0x46 ./FatFs/ff.o
 .text.st_word  0x08009c20       0x36 ./FatFs/ff.o
 .text.st_dword
                0x08009c56       0x58 ./FatFs/ff.o
 .text.mem_cpy  0x08009cae       0x42 ./FatFs/ff.o
 .text.mem_set  0x08009cf0       0x36 ./FatFs/ff.o
 .text.mem_cmp  0x08009d26       0x4e ./FatFs/ff.o
 .text.chk_chr  0x08009d74       0x36 ./FatFs/ff.o
 .text.sync_window
                0x08009daa       0x88 ./FatFs/ff.o
 .text.move_window
                0x08009e32       0x5a ./FatFs/ff.o
 .text.sync_fs  0x08009e8c       0xdc ./FatFs/ff.o
 .text.clust2sect
                0x08009f68       0x3e ./FatFs/ff.o
 .text.get_fat  0x08009fa6      0x14e ./FatFs/ff.o
 .text.put_fat  0x0800a0f4      0x1d4 ./FatFs/ff.o
 .text.remove_chain
                0x0800a2c8       0xca ./FatFs/ff.o
 .text.create_chain
                0x0800a392      0x130 ./FatFs/ff.o
 .text.dir_sdi  0x0800a4c2       0xf6 ./FatFs/ff.o
 .text.dir_next
                0x0800a5b8      0x18a ./FatFs/ff.o
 .text.dir_alloc
                0x0800a742       0x8e ./FatFs/ff.o
 .text.ld_clust
                0x0800a7d0       0x3e ./FatFs/ff.o
 .text.st_clust
                0x0800a80e       0x40 ./FatFs/ff.o
 *fill*         0x0800a84e        0x2 
 .text.cmp_lfn  0x0800a850       0xe0 ./FatFs/ff.o
 .text.put_lfn  0x0800a930       0xd0 ./FatFs/ff.o
 .text.gen_numname
                0x0800aa00      0x11c ./FatFs/ff.o
 .text.sum_sfn  0x0800ab1c       0x42 ./FatFs/ff.o
 .text.dir_find
                0x0800ab5e      0x180 ./FatFs/ff.o
 *fill*         0x0800acde        0x2 
 .text.dir_register
                0x0800ace0      0x1f0 ./FatFs/ff.o
 .text.create_name
                0x0800aed0      0x370 ./FatFs/ff.o
 .text.follow_path
                0x0800b240       0xe2 ./FatFs/ff.o
 .text.get_ldnumber
                0x0800b322       0x88 ./FatFs/ff.o
 *fill*         0x0800b3aa        0x2 
 .text.check_fs
                0x0800b3ac       0xac ./FatFs/ff.o
 .text.find_volume
                0x0800b458      0x490 ./FatFs/ff.o
 .text.validate
                0x0800b8e8       0x68 ./FatFs/ff.o
 .text.f_mount  0x0800b950       0x88 ./FatFs/ff.o
                0x0800b950                f_mount
 .text.f_open   0x0800b9d8      0x4e0 ./FatFs/ff.o
                0x0800b9d8                f_open
 .text.f_read   0x0800beb8      0x266 ./FatFs/ff.o
                0x0800beb8                f_read
 .text.f_write  0x0800c11e      0x2d2 ./FatFs/ff.o
                0x0800c11e                f_write
 .text.f_sync   0x0800c3f0      0x100 ./FatFs/ff.o
                0x0800c3f0                f_sync
 .text.f_close  0x0800c4f0       0x40 ./FatFs/ff.o
                0x0800c4f0                f_close
 .text.f_lseek  0x0800c530      0x25a ./FatFs/ff.o
                0x0800c530                f_lseek
 *fill*         0x0800c78a        0x2 
 .text.f_mkfs   0x0800c78c      0x84c ./FatFs/ff.o
                0x0800c78c                f_mkfs
 .text.f_gets   0x0800cfd8       0x7c ./FatFs/ff.o
                0x0800cfd8                f_gets
 .text.disk_initialize
                0x0800d054       0x18 ./FatFs/ffdiskio.o
                0x0800d054                disk_initialize
 .text.disk_status
                0x0800d06c       0x18 ./FatFs/ffdiskio.o
                0x0800d06c                disk_status
 .text.disk_read
                0x0800d084       0x44 ./FatFs/ffdiskio.o
                0x0800d084                disk_read
 .text.disk_write
                0x0800d0c8       0x44 ./FatFs/ffdiskio.o
                0x0800d0c8                disk_write
 .text.disk_ioctl
                0x0800d10c       0x60 ./FatFs/ffdiskio.o
                0x0800d10c                disk_ioctl
 .text.FirmwareInit
                0x0800d16c       0x58 ./LibMicroBLT/firmware.o
                0x0800d16c                FirmwareInit
 .text.FirmwareTerminate
                0x0800d1c4       0x54 ./LibMicroBLT/firmware.o
                0x0800d1c4                FirmwareTerminate
 .text.FirmwareFileOpen
                0x0800d218       0x74 ./LibMicroBLT/firmware.o
                0x0800d218                FirmwareFileOpen
 .text.FirmwareFileClose
                0x0800d28c       0x4c ./LibMicroBLT/firmware.o
                0x0800d28c                FirmwareFileClose
 .text.FirmwareSegmentGetCount
                0x0800d2d8       0x5c ./LibMicroBLT/firmware.o
                0x0800d2d8                FirmwareSegmentGetCount
 .text.FirmwareSegmentGetInfo
                0x0800d334       0x98 ./LibMicroBLT/firmware.o
                0x0800d334                FirmwareSegmentGetInfo
 .text.FirmwareSegmentOpen
                0x0800d3cc       0x84 ./LibMicroBLT/firmware.o
                0x0800d3cc                FirmwareSegmentOpen
 .text.FirmwareSegmentGetNextData
                0x0800d450       0x88 ./LibMicroBLT/firmware.o
                0x0800d450                FirmwareSegmentGetNextData
 .text.BltPortInit
                0x0800d4d8       0x30 ./LibMicroBLT/microblt.o
                0x0800d4d8                BltPortInit
 .text.BltSessionInit
                0x0800d508       0x80 ./LibMicroBLT/microblt.o
                0x0800d508                BltSessionInit
 .text.BltSessionTerminate
                0x0800d588        0xc ./LibMicroBLT/microblt.o
                0x0800d588                BltSessionTerminate
 .text.BltSessionStart
                0x0800d594       0x18 ./LibMicroBLT/microblt.o
                0x0800d594                BltSessionStart
 .text.BltSessionStop
                0x0800d5ac        0xc ./LibMicroBLT/microblt.o
                0x0800d5ac                BltSessionStop
 .text.BltSessionClearMemory
                0x0800d5b8       0x3c ./LibMicroBLT/microblt.o
                0x0800d5b8                BltSessionClearMemory
 .text.BltSessionWriteData
                0x0800d5f4       0x4c ./LibMicroBLT/microblt.o
                0x0800d5f4                BltSessionWriteData
 .text.BltFirmwareInit
                0x0800d640       0x48 ./LibMicroBLT/microblt.o
                0x0800d640                BltFirmwareInit
 .text.BltFirmwareTerminate
                0x0800d688        0xc ./LibMicroBLT/microblt.o
                0x0800d688                BltFirmwareTerminate
 .text.BltFirmwareFileOpen
                0x0800d694       0x18 ./LibMicroBLT/microblt.o
                0x0800d694                BltFirmwareFileOpen
 .text.BltFirmwareFileClose
                0x0800d6ac        0xc ./LibMicroBLT/microblt.o
                0x0800d6ac                BltFirmwareFileClose
 .text.BltFirmwareSegmentGetCount
                0x0800d6b8        0xe ./LibMicroBLT/microblt.o
                0x0800d6b8                BltFirmwareSegmentGetCount
 .text.BltFirmwareSegmentGetInfo
                0x0800d6c6       0x20 ./LibMicroBLT/microblt.o
                0x0800d6c6                BltFirmwareSegmentGetInfo
 .text.BltFirmwareSegmentOpen
                0x0800d6e6       0x1a ./LibMicroBLT/microblt.o
                0x0800d6e6                BltFirmwareSegmentOpen
 .text.BltFirmwareSegmentGetNextData
                0x0800d700       0x1c ./LibMicroBLT/microblt.o
                0x0800d700                BltFirmwareSegmentGetNextData
 .text.PortInit
                0x0800d71c       0x38 ./LibMicroBLT/port.o
                0x0800d71c                PortInit
 .text.PortGet  0x0800d754       0x1c ./LibMicroBLT/port.o
                0x0800d754                PortGet
 .text.SessionInit
                0x0800d770       0x5c ./LibMicroBLT/session.o
                0x0800d770                SessionInit
 .text.SessionTerminate
                0x0800d7cc       0x44 ./LibMicroBLT/session.o
                0x0800d7cc                SessionTerminate
 .text.SessionStart
                0x0800d810       0x4c ./LibMicroBLT/session.o
                0x0800d810                SessionStart
 .text.SessionStop
                0x0800d85c       0x3c ./LibMicroBLT/session.o
                0x0800d85c                SessionStop
 .text.SessionClearMemory
                0x0800d898       0x60 ./LibMicroBLT/session.o
                0x0800d898                SessionClearMemory
 .text.SessionWriteData
                0x0800d8f8       0x70 ./LibMicroBLT/session.o
                0x0800d8f8                SessionWriteData
 .text.SRecReaderGet
                0x0800d968       0x14 ./LibMicroBLT/srecreader.o
                0x0800d968                SRecReaderGet
 .text.SRecReaderInit
                0x0800d97c       0x28 ./LibMicroBLT/srecreader.o
 .text.SRecReaderTerminate
                0x0800d9a4        0xc ./LibMicroBLT/srecreader.o
 .text.SRecReaderFileOpen
                0x0800d9b0      0x1e0 ./LibMicroBLT/srecreader.o
 .text.SRecReaderFileClose
                0x0800db90       0x78 ./LibMicroBLT/srecreader.o
 .text.SRecReaderSegmentGetCount
                0x0800dc08       0x48 ./LibMicroBLT/srecreader.o
 .text.SRecReaderSegmentGetInfo
                0x0800dc50       0xbc ./LibMicroBLT/srecreader.o
 .text.SRecReaderSegmentOpen
                0x0800dd0c       0x9c ./LibMicroBLT/srecreader.o
 .text.SRecReaderSegmentGetNextData
                0x0800dda8      0x1d0 ./LibMicroBLT/srecreader.o
 .text.SRecReaderCompareSegments
                0x0800df78       0x58 ./LibMicroBLT/srecreader.o
 .text.SRecReaderParseLine
                0x0800dfd0      0x268 ./LibMicroBLT/srecreader.o
 .text.SRecReaderGetLineType
                0x0800e238       0x70 ./LibMicroBLT/srecreader.o
 .text.SRecReaderVerifyChecksum
                0x0800e2a8       0x98 ./LibMicroBLT/srecreader.o
 .text.SRecReaderHexStringToByte
                0x0800e340       0xa0 ./LibMicroBLT/srecreader.o
 .text.XcpLoaderGetProtocol
                0x0800e3e0       0x14 ./LibMicroBLT/xcploader.o
                0x0800e3e0                XcpLoaderGetProtocol
 .text.XcpLoaderInit
                0x0800e3f4       0xa8 ./LibMicroBLT/xcploader.o
 .text.XcpLoaderTerminate
                0x0800e49c        0xc ./LibMicroBLT/xcploader.o
 .text.XcpLoaderStart
                0x0800e4a8      0x19c ./LibMicroBLT/xcploader.o
 .text.XcpLoaderStop
                0x0800e644       0x2c ./LibMicroBLT/xcploader.o
 .text.XcpLoaderClearMemory
                0x0800e670       0x68 ./LibMicroBLT/xcploader.o
 .text.XcpLoaderWriteData
                0x0800e6d8      0x100 ./LibMicroBLT/xcploader.o
 .text.XcpLoaderReadData
                0x0800e7d8       0xe4 ./LibMicroBLT/xcploader.o
 .text.XcpExchangePacket
                0x0800e8bc      0x118 ./LibMicroBLT/xcploader.o
 .text.XcpLoaderSetOrderedLong
                0x0800e9d4       0x94 ./LibMicroBLT/xcploader.o
 .text.XcpLoaderUploadSeed
                0x0800ea68       0xc4 ./LibMicroBLT/xcploader.o
 .text.XcpLoaderDownloadKeyAndUnlock
                0x0800eb2c       0xc8 ./LibMicroBLT/xcploader.o
 .text.XcpLoaderSendCmdConnect
                0x0800ebf4      0x160 ./LibMicroBLT/xcploader.o
 .text.XcpLoaderSendCmdGetStatus
                0x0800ed54       0xdc ./LibMicroBLT/xcploader.o
 .text.XcpLoaderSendCmdProgramStart
                0x0800ee30       0xac ./LibMicroBLT/xcploader.o
 .text.XcpLoaderSendCmdProgramReset
                0x0800eedc       0x74 ./LibMicroBLT/xcploader.o
 .text.XcpLoaderSendCmdProgram
                0x0800ef50      0x160 ./LibMicroBLT/xcploader.o
 .text.XcpLoaderSendCmdProgramMax
                0x0800f0b0      0x110 ./LibMicroBLT/xcploader.o
 .text.XcpLoaderSendCmdGetSeed
                0x0800f1c0      0x1ec ./LibMicroBLT/xcploader.o
 .text.XcpLoaderSendCmdUnlock
                0x0800f3ac      0x1b8 ./LibMicroBLT/xcploader.o
 .text.XcpLoaderSendCmdSetMta
                0x0800f564       0xc8 ./LibMicroBLT/xcploader.o
 .text.XcpLoaderSendCmdProgramClear
                0x0800f62c       0xc8 ./LibMicroBLT/xcploader.o
 .text.XcpLoaderSendCmdUpload
                0x0800f6f4      0x160 ./LibMicroBLT/xcploader.o
 .text.TbxAssertSetHandler
                0x0800f854       0x34 ./MicroTBX/tbx_assert.o
                0x0800f854                TbxAssertSetHandler
 .text.TbxAssertTrigger
                0x0800f888       0x2c ./MicroTBX/tbx_assert.o
                0x0800f888                TbxAssertTrigger
 .text.TbxCriticalSectionEnter
                0x0800f8b4       0x34 ./MicroTBX/tbx_critsect.o
                0x0800f8b4                TbxCriticalSectionEnter
 .text.TbxCriticalSectionExit
                0x0800f8e8       0x48 ./MicroTBX/tbx_critsect.o
                0x0800f8e8                TbxCriticalSectionExit
 .text.TbxHeapAllocate
                0x0800f930       0x70 ./MicroTBX/tbx_heap.o
                0x0800f930                TbxHeapAllocate
 .text.TbxListCreate
                0x0800f9a0       0x94 ./MicroTBX/tbx_list.o
                0x0800f9a0                TbxListCreate
 .text.TbxListDelete
                0x0800fa34       0x3c ./MicroTBX/tbx_list.o
                0x0800fa34                TbxListDelete
 .text.TbxListClear
                0x0800fa70       0x60 ./MicroTBX/tbx_list.o
                0x0800fa70                TbxListClear
 .text.TbxListGetSize
                0x0800fad0       0x3c ./MicroTBX/tbx_list.o
                0x0800fad0                TbxListGetSize
 .text.TbxListInsertItemBack
                0x0800fb0c       0xd4 ./MicroTBX/tbx_list.o
                0x0800fb0c                TbxListInsertItemBack
 .text.TbxListGetFirstItem
                0x0800fbe0       0x48 ./MicroTBX/tbx_list.o
                0x0800fbe0                TbxListGetFirstItem
 .text.TbxListGetNextItem
                0x0800fc28       0x74 ./MicroTBX/tbx_list.o
                0x0800fc28                TbxListGetNextItem
 .text.TbxListSortItems
                0x0800fc9c       0x9c ./MicroTBX/tbx_list.o
                0x0800fc9c                TbxListSortItems
 .text.TbxListFindListNode
                0x0800fd38       0x74 ./MicroTBX/tbx_list.o
 .text.TbxMemPoolCreate
                0x0800fdac      0x144 ./MicroTBX/tbx_mempool.o
                0x0800fdac                TbxMemPoolCreate
 .text.TbxMemPoolAllocate
                0x0800fef0       0xa0 ./MicroTBX/tbx_mempool.o
                0x0800fef0                TbxMemPoolAllocate
 .text.TbxMemPoolAllocateAuto
                0x0800ff90       0xa8 ./MicroTBX/tbx_mempool.o
                0x0800ff90                TbxMemPoolAllocateAuto
 .text.TbxMemPoolRelease
                0x08010038       0xb8 ./MicroTBX/tbx_mempool.o
                0x08010038                TbxMemPoolRelease
 .text.TbxMemPoolListFind
                0x080100f0       0x5c ./MicroTBX/tbx_mempool.o
 .text.TbxMemPoolListFindBestFit
                0x0801014c       0x70 ./MicroTBX/tbx_mempool.o
 .text.TbxMemPoolListInsert
                0x080101bc      0x130 ./MicroTBX/tbx_mempool.o
 .text.TbxMemPoolBlockCreate
                0x080102ec       0x50 ./MicroTBX/tbx_mempool.o
 .text.TbxMemPoolBlockGetDataPtr
                0x0801033c       0x40 ./MicroTBX/tbx_mempool.o
 .text.TbxMemPoolBlockGetBlockSize
                0x0801037c       0x40 ./MicroTBX/tbx_mempool.o
 .text.TbxMemPoolBlockGetMemPtr
                0x080103bc       0x40 ./MicroTBX/tbx_mempool.o
 .text.TbxMemPoolBlockListCreate
                0x080103fc       0x24 ./MicroTBX/tbx_mempool.o
 .text.TbxMemPoolBlockListInsert
                0x08010420       0x60 ./MicroTBX/tbx_mempool.o
 .text.TbxMemPoolBlockListExtract
                0x08010480       0x58 ./MicroTBX/tbx_mempool.o
 .text.TbxMemPoolBlockListIsEmpty
                0x080104d8       0x3c ./MicroTBX/tbx_mempool.o
 .text.__NVIC_SetPriority
                0x08010514       0x54 ./Middlewares/Third_Party/FreeRTOS/Source/CMSIS_RTOS_V2/cmsis_os2.o
 .text.SysTick_Handler
                0x08010568       0x20 ./Middlewares/Third_Party/FreeRTOS/Source/CMSIS_RTOS_V2/cmsis_os2.o
                0x08010568                SysTick_Handler
 .text.SVC_Setup
                0x08010588       0x12 ./Middlewares/Third_Party/FreeRTOS/Source/CMSIS_RTOS_V2/cmsis_os2.o
 .text.IRQ_Context
                0x0801059a       0x4e ./Middlewares/Third_Party/FreeRTOS/Source/CMSIS_RTOS_V2/cmsis_os2.o
 .text.osKernelInitialize
                0x080105e8       0x4c ./Middlewares/Third_Party/FreeRTOS/Source/CMSIS_RTOS_V2/cmsis_os2.o
                0x080105e8                osKernelInitialize
 .text.osKernelStart
                0x08010634       0x54 ./Middlewares/Third_Party/FreeRTOS/Source/CMSIS_RTOS_V2/cmsis_os2.o
                0x08010634                osKernelStart
 .text.osThreadNew
                0x08010688      0x122 ./Middlewares/Third_Party/FreeRTOS/Source/CMSIS_RTOS_V2/cmsis_os2.o
                0x08010688                osThreadNew
 .text.osDelay  0x080107aa       0x34 ./Middlewares/Third_Party/FreeRTOS/Source/CMSIS_RTOS_V2/cmsis_os2.o
                0x080107aa                osDelay
 *fill*         0x080107de        0x2 
 .text.vApplicationGetIdleTaskMemory
                0x080107e0       0x34 ./Middlewares/Third_Party/FreeRTOS/Source/CMSIS_RTOS_V2/cmsis_os2.o
                0x080107e0                vApplicationGetIdleTaskMemory
 .text.vApplicationGetTimerTaskMemory
                0x08010814       0x34 ./Middlewares/Third_Party/FreeRTOS/Source/CMSIS_RTOS_V2/cmsis_os2.o
                0x08010814                vApplicationGetTimerTaskMemory
 .text.vListInitialise
                0x08010848       0x40 ./Middlewares/Third_Party/FreeRTOS/Source/list.o
                0x08010848                vListInitialise
 .text.vListInitialiseItem
                0x08010888       0x1a ./Middlewares/Third_Party/FreeRTOS/Source/list.o
                0x08010888                vListInitialiseItem
 .text.vListInsert
                0x080108a2       0x72 ./Middlewares/Third_Party/FreeRTOS/Source/list.o
                0x080108a2                vListInsert
 .text.uxListRemove
                0x08010914       0x54 ./Middlewares/Third_Party/FreeRTOS/Source/list.o
                0x08010914                uxListRemove
 .text.xQueueGenericReset
                0x08010968      0x124 ./Middlewares/Third_Party/FreeRTOS/Source/queue.o
                0x08010968                xQueueGenericReset
 .text.xQueueGenericCreateStatic
                0x08010a8c       0xc2 ./Middlewares/Third_Party/FreeRTOS/Source/queue.o
                0x08010a8c                xQueueGenericCreateStatic
 .text.xQueueGenericCreate
                0x08010b4e       0xa6 ./Middlewares/Third_Party/FreeRTOS/Source/queue.o
                0x08010b4e                xQueueGenericCreate
 .text.prvInitialiseNewQueue
                0x08010bf4       0x46 ./Middlewares/Third_Party/FreeRTOS/Source/queue.o
 .text.xQueueGenericSendFromISR
                0x08010c3a      0x16c ./Middlewares/Third_Party/FreeRTOS/Source/queue.o
                0x08010c3a                xQueueGenericSendFromISR
 *fill*         0x08010da6        0x2 
 .text.xQueueReceive
                0x08010da8      0x1c4 ./Middlewares/Third_Party/FreeRTOS/Source/queue.o
                0x08010da8                xQueueReceive
 .text.prvCopyDataToQueue
                0x08010f6c       0xd4 ./Middlewares/Third_Party/FreeRTOS/Source/queue.o
 .text.prvCopyDataFromQueue
                0x08011040       0x4c ./Middlewares/Third_Party/FreeRTOS/Source/queue.o
 .text.prvUnlockQueue
                0x0801108c       0xa4 ./Middlewares/Third_Party/FreeRTOS/Source/queue.o
 .text.prvIsQueueEmpty
                0x08011130       0x2c ./Middlewares/Third_Party/FreeRTOS/Source/queue.o
 .text.vQueueAddToRegistry
                0x0801115c       0xa0 ./Middlewares/Third_Party/FreeRTOS/Source/queue.o
                0x0801115c                vQueueAddToRegistry
 .text.vQueueWaitForMessageRestricted
                0x080111fc       0x68 ./Middlewares/Third_Party/FreeRTOS/Source/queue.o
                0x080111fc                vQueueWaitForMessageRestricted
 .text.xStreamBufferGenericCreate
                0x08011264       0xd4 ./Middlewares/Third_Party/FreeRTOS/Source/stream_buffer.o
                0x08011264                xStreamBufferGenericCreate
 .text.xStreamBufferReset
                0x08011338       0x8c ./Middlewares/Third_Party/FreeRTOS/Source/stream_buffer.o
                0x08011338                xStreamBufferReset
 .text.xStreamBufferSpacesAvailable
                0x080113c4       0x78 ./Middlewares/Third_Party/FreeRTOS/Source/stream_buffer.o
                0x080113c4                xStreamBufferSpacesAvailable
 .text.xStreamBufferSendFromISR
                0x0801143c       0xea ./Middlewares/Third_Party/FreeRTOS/Source/stream_buffer.o
                0x0801143c                xStreamBufferSendFromISR
 .text.prvWriteMessageToBuffer
                0x08011526       0x92 ./Middlewares/Third_Party/FreeRTOS/Source/stream_buffer.o
 .text.xStreamBufferReceive
                0x080115b8      0x136 ./Middlewares/Third_Party/FreeRTOS/Source/stream_buffer.o
                0x080115b8                xStreamBufferReceive
 .text.prvReadMessageFromBuffer
                0x080116ee       0x7a ./Middlewares/Third_Party/FreeRTOS/Source/stream_buffer.o
 .text.prvWriteBytesToBuffer
                0x08011768       0xe0 ./Middlewares/Third_Party/FreeRTOS/Source/stream_buffer.o
 .text.prvReadBytesFromBuffer
                0x08011848       0xda ./Middlewares/Third_Party/FreeRTOS/Source/stream_buffer.o
 .text.prvBytesInBuffer
                0x08011922       0x40 ./Middlewares/Third_Party/FreeRTOS/Source/stream_buffer.o
 .text.prvInitialiseNewStreamBuffer
                0x08011962       0x64 ./Middlewares/Third_Party/FreeRTOS/Source/stream_buffer.o
 .text.xTaskCreateStatic
                0x080119c6       0xca ./Middlewares/Third_Party/FreeRTOS/Source/tasks.o
                0x080119c6                xTaskCreateStatic
 .text.xTaskCreate
                0x08011a90       0x94 ./Middlewares/Third_Party/FreeRTOS/Source/tasks.o
                0x08011a90                xTaskCreate
 .text.prvInitialiseNewTask
                0x08011b24      0x14c ./Middlewares/Third_Party/FreeRTOS/Source/tasks.o
 .text.prvAddNewTaskToReadyList
                0x08011c70      0x130 ./Middlewares/Third_Party/FreeRTOS/Source/tasks.o
 .text.vTaskDelay
                0x08011da0       0x6c ./Middlewares/Third_Party/FreeRTOS/Source/tasks.o
                0x08011da0                vTaskDelay
 .text.vTaskStartScheduler
                0x08011e0c       0xe8 ./Middlewares/Third_Party/FreeRTOS/Source/tasks.o
                0x08011e0c                vTaskStartScheduler
 .text.vTaskSuspendAll
                0x08011ef4       0x1c ./Middlewares/Third_Party/FreeRTOS/Source/tasks.o
                0x08011ef4                vTaskSuspendAll
 .text.xTaskResumeAll
                0x08011f10      0x1fc ./Middlewares/Third_Party/FreeRTOS/Source/tasks.o
                0x08011f10                xTaskResumeAll
 .text.xTaskGetTickCount
                0x0801210c       0x20 ./Middlewares/Third_Party/FreeRTOS/Source/tasks.o
                0x0801210c                xTaskGetTickCount
 .text.uxTaskGetNumberOfTasks
                0x0801212c       0x18 ./Middlewares/Third_Party/FreeRTOS/Source/tasks.o
                0x0801212c                uxTaskGetNumberOfTasks
 .text.xTaskIncrementTick
                0x08012144      0x230 ./Middlewares/Third_Party/FreeRTOS/Source/tasks.o
                0x08012144                xTaskIncrementTick
 .text.vTaskSwitchContext
                0x08012374       0xc8 ./Middlewares/Third_Party/FreeRTOS/Source/tasks.o
                0x08012374                vTaskSwitchContext
 .text.vTaskPlaceOnEventList
                0x0801243c       0x4c ./Middlewares/Third_Party/FreeRTOS/Source/tasks.o
                0x0801243c                vTaskPlaceOnEventList
 .text.vTaskPlaceOnEventListRestricted
                0x08012488       0x8c ./Middlewares/Third_Party/FreeRTOS/Source/tasks.o
                0x08012488                vTaskPlaceOnEventListRestricted
 .text.xTaskRemoveFromEventList
                0x08012514      0x1b0 ./Middlewares/Third_Party/FreeRTOS/Source/tasks.o
                0x08012514                xTaskRemoveFromEventList
 .text.vTaskInternalSetTimeOutState
                0x080126c4       0x2c ./Middlewares/Third_Party/FreeRTOS/Source/tasks.o
                0x080126c4                vTaskInternalSetTimeOutState
 .text.xTaskCheckForTimeOut
                0x080126f0       0xd0 ./Middlewares/Third_Party/FreeRTOS/Source/tasks.o
                0x080126f0                xTaskCheckForTimeOut
 .text.vTaskMissedYield
                0x080127c0       0x18 ./Middlewares/Third_Party/FreeRTOS/Source/tasks.o
                0x080127c0                vTaskMissedYield
 .text.prvIdleTask
                0x080127d8       0x30 ./Middlewares/Third_Party/FreeRTOS/Source/tasks.o
 .text.prvInitialiseTaskLists
                0x08012808       0x80 ./Middlewares/Third_Party/FreeRTOS/Source/tasks.o
 .text.prvCheckTasksWaitingTermination
                0x08012888       0x5c ./Middlewares/Third_Party/FreeRTOS/Source/tasks.o
 .text.prvDeleteTCB
                0x080128e4       0x70 ./Middlewares/Third_Party/FreeRTOS/Source/tasks.o
 .text.prvResetNextTaskUnblockTime
                0x08012954       0x38 ./Middlewares/Third_Party/FreeRTOS/Source/tasks.o
 .text.xTaskGetCurrentTaskHandle
                0x0801298c       0x20 ./Middlewares/Third_Party/FreeRTOS/Source/tasks.o
                0x0801298c                xTaskGetCurrentTaskHandle
 .text.xTaskGetSchedulerState
                0x080129ac       0x3c ./Middlewares/Third_Party/FreeRTOS/Source/tasks.o
                0x080129ac                xTaskGetSchedulerState
 .text.xTaskPriorityDisinherit
                0x080129e8      0x130 ./Middlewares/Third_Party/FreeRTOS/Source/tasks.o
                0x080129e8                xTaskPriorityDisinherit
 .text.xTaskGenericNotifyWait
                0x08012b18      0x100 ./Middlewares/Third_Party/FreeRTOS/Source/tasks.o
                0x08012b18                xTaskGenericNotifyWait
 .text.xTaskGenericNotify
                0x08012c18      0x250 ./Middlewares/Third_Party/FreeRTOS/Source/tasks.o
                0x08012c18                xTaskGenericNotify
 .text.xTaskGenericNotifyFromISR
                0x08012e68      0x2c0 ./Middlewares/Third_Party/FreeRTOS/Source/tasks.o
                0x08012e68                xTaskGenericNotifyFromISR
 .text.xTaskGenericNotifyStateClear
                0x08013128       0x74 ./Middlewares/Third_Party/FreeRTOS/Source/tasks.o
                0x08013128                xTaskGenericNotifyStateClear
 .text.prvAddCurrentTaskToDelayedList
                0x0801319c       0xdc ./Middlewares/Third_Party/FreeRTOS/Source/tasks.o
 .text.xTimerCreateTimerTask
                0x08013278       0x94 ./Middlewares/Third_Party/FreeRTOS/Source/timers.o
                0x08013278                xTimerCreateTimerTask
 .text.prvReloadTimer
                0x0801330c       0x42 ./Middlewares/Third_Party/FreeRTOS/Source/timers.o
 *fill*         0x0801334e        0x2 
 .text.prvProcessExpiredTimer
                0x08013350       0x60 ./Middlewares/Third_Party/FreeRTOS/Source/timers.o
 .text.prvTimerTask
                0x080133b0       0x26 ./Middlewares/Third_Party/FreeRTOS/Source/timers.o
 *fill*         0x080133d6        0x2 
 .text.prvProcessTimerOrBlockTask
                0x080133d8       0x9c ./Middlewares/Third_Party/FreeRTOS/Source/timers.o
 .text.prvGetNextExpireTime
                0x08013474       0x48 ./Middlewares/Third_Party/FreeRTOS/Source/timers.o
 .text.prvSampleTimeNow
                0x080134bc       0x40 ./Middlewares/Third_Party/FreeRTOS/Source/timers.o
 .text.prvInsertTimerInActiveList
                0x080134fc       0x84 ./Middlewares/Third_Party/FreeRTOS/Source/timers.o
 .text.prvProcessReceivedCommands
                0x08013580      0x1bc ./Middlewares/Third_Party/FreeRTOS/Source/timers.o
 .text.prvSwitchTimerLists
                0x0801373c       0x4c ./Middlewares/Third_Party/FreeRTOS/Source/timers.o
 .text.prvCheckForValidListAndQueue
                0x08013788       0x80 ./Middlewares/Third_Party/FreeRTOS/Source/timers.o
 .text.pxPortInitialiseStack
                0x08013808       0x68 ./Middlewares/Third_Party/FreeRTOS/Source/portable/GCC/ARM_CM4F/port.o
                0x08013808                pxPortInitialiseStack
 .text.prvTaskExitError
                0x08013870       0x5c ./Middlewares/Third_Party/FreeRTOS/Source/portable/GCC/ARM_CM4F/port.o
 *fill*         0x080138cc        0x4 
 .text.SVC_Handler
                0x080138d0       0x28 ./Middlewares/Third_Party/FreeRTOS/Source/portable/GCC/ARM_CM4F/port.o
                0x080138d0                SVC_Handler
 .text.prvPortStartFirstTask
                0x080138f8       0x2c ./Middlewares/Third_Party/FreeRTOS/Source/portable/GCC/ARM_CM4F/port.o
 .text.xPortStartScheduler
                0x08013924      0x17c ./Middlewares/Third_Party/FreeRTOS/Source/portable/GCC/ARM_CM4F/port.o
                0x08013924                xPortStartScheduler
 .text.vPortEnterCritical
                0x08013aa0       0x64 ./Middlewares/Third_Party/FreeRTOS/Source/portable/GCC/ARM_CM4F/port.o
                0x08013aa0                vPortEnterCritical
 .text.vPortExitCritical
                0x08013b04       0x54 ./Middlewares/Third_Party/FreeRTOS/Source/portable/GCC/ARM_CM4F/port.o
                0x08013b04                vPortExitCritical
 *fill*         0x08013b58        0x8 
 .text.PendSV_Handler
                0x08013b60       0x68 ./Middlewares/Third_Party/FreeRTOS/Source/portable/GCC/ARM_CM4F/port.o
                0x08013b60                PendSV_Handler
 .text.xPortSysTickHandler
                0x08013bc8       0x44 ./Middlewares/Third_Party/FreeRTOS/Source/portable/GCC/ARM_CM4F/port.o
                0x08013bc8                xPortSysTickHandler
 .text.vPortSetupTimerInterrupt
                0x08013c0c       0x48 ./Middlewares/Third_Party/FreeRTOS/Source/portable/GCC/ARM_CM4F/port.o
                0x08013c0c                vPortSetupTimerInterrupt
 .text.vPortEnableVFP
                0x08013c54       0x18 ./Middlewares/Third_Party/FreeRTOS/Source/portable/GCC/ARM_CM4F/port.o
 .text.vPortValidateInterruptPriority
                0x08013c6c       0x84 ./Middlewares/Third_Party/FreeRTOS/Source/portable/GCC/ARM_CM4F/port.o
                0x08013c6c                vPortValidateInterruptPriority
 .text.pvPortMalloc
                0x08013cf0      0x198 ./Middlewares/Third_Party/FreeRTOS/Source/portable/MemMang/heap_4.o
                0x08013cf0                pvPortMalloc
 .text.vPortFree
                0x08013e88       0xb4 ./Middlewares/Third_Party/FreeRTOS/Source/portable/MemMang/heap_4.o
                0x08013e88                vPortFree
 .text.prvHeapInit
                0x08013f3c       0xb8 ./Middlewares/Third_Party/FreeRTOS/Source/portable/MemMang/heap_4.o
 .text.prvInsertBlockIntoFreeList
                0x08013ff4       0xb4 ./Middlewares/Third_Party/FreeRTOS/Source/portable/MemMang/heap_4.o
 .text.snprintf
                0x080140a8       0x6c C:/ST/STM32CubeIDE_2.1.1/STM32CubeIDE/plugins/com.st.stm32cube.ide.mcu.externaltools.gnu-tools-for-stm32.14.3.rel1.win32_1.0.100.202602081740/tools/bin/../lib/gcc/arm-none-eabi/14.3.1/../../../../arm-none-eabi/lib/thumb/v7e-m+dp/hard\libc_nano.a(libc_a-snprintf.o)
                0x080140a8                sniprintf
                0x080140a8                snprintf
 .text.memset   0x08014114       0x10 C:/ST/STM32CubeIDE_2.1.1/STM32CubeIDE/plugins/com.st.stm32cube.ide.mcu.externaltools.gnu-tools-for-stm32.14.3.rel1.win32_1.0.100.202602081740/tools/bin/../lib/gcc/arm-none-eabi/14.3.1/../../../../arm-none-eabi/lib/thumb/v7e-m+dp/hard\libc_nano.a(libc_a-memset.o)
                0x08014114                memset
 .text._reclaim_reent
                0x08014124       0xbc C:/ST/STM32CubeIDE_2.1.1/STM32CubeIDE/plugins/com.st.stm32cube.ide.mcu.externaltools.gnu-tools-for-stm32.14.3.rel1.win32_1.0.100.202602081740/tools/bin/../lib/gcc/arm-none-eabi/14.3.1/../../../../arm-none-eabi/lib/thumb/v7e-m+dp/hard\libc_nano.a(libc_a-reent.o)
                0x08014124                _reclaim_reent
 .text.__errno  0x080141e0        0xc C:/ST/STM32CubeIDE_2.1.1/STM32CubeIDE/plugins/com.st.stm32cube.ide.mcu.externaltools.gnu-tools-for-stm32.14.3.rel1.win32_1.0.100.202602081740/tools/bin/../lib/gcc/arm-none-eabi/14.3.1/../../../../arm-none-eabi/lib/thumb/v7e-m+dp/hard\libc_nano.a(libc_a-errno.o)
                0x080141e0                __errno
 .text.__libc_init_array
                0x080141ec       0x48 C:/ST/STM32CubeIDE_2.1.1/STM32CubeIDE/plugins/com.st.stm32cube.ide.mcu.externaltools.gnu-tools-for-stm32.14.3.rel1.win32_1.0.100.202602081740/tools/bin/../lib/gcc/arm-none-eabi/14.3.1/../../../../arm-none-eabi/lib/thumb/v7e-m+dp/hard\libc_nano.a(libc_a-init.o)
                0x080141ec                __libc_init_array
 .text.__retarget_lock_acquire_recursive
                0x08014234        0x2 C:/ST/STM32CubeIDE_2.1.1/STM32CubeIDE/plugins/com.st.stm32cube.ide.mcu.externaltools.gnu-tools-for-stm32.14.3.rel1.win32_1.0.100.202602081740/tools/bin/../lib/gcc/arm-none-eabi/14.3.1/../../../../arm-none-eabi/lib/thumb/v7e-m+dp/hard\libc_nano.a(libc_a-lock.o)
                0x08014234                __retarget_lock_acquire_recursive
 .text.__retarget_lock_release_recursive
                0x08014236        0x2 C:/ST/STM32CubeIDE_2.1.1/STM32CubeIDE/plugins/com.st.stm32cube.ide.mcu.externaltools.gnu-tools-for-stm32.14.3.rel1.win32_1.0.100.202602081740/tools/bin/../lib/gcc/arm-none-eabi/14.3.1/../../../../arm-none-eabi/lib/thumb/v7e-m+dp/hard\libc_nano.a(libc_a-lock.o)
                0x08014236                __retarget_lock_release_recursive
 .text.memcpy   0x08014238       0x1c C:/ST/STM32CubeIDE_2.1.1/STM32CubeIDE/plugins/com.st.stm32cube.ide.mcu.externaltools.gnu-tools-for-stm32.14.3.rel1.win32_1.0.100.202602081740/tools/bin/../lib/gcc/arm-none-eabi/14.3.1/../../../../arm-none-eabi/lib/thumb/v7e-m+dp/hard\libc_nano.a(libc_a-memcpy-stub.o)
                0x08014238                memcpy
 .text._free_r  0x08014254       0x94 C:/ST/STM32CubeIDE_2.1.1/STM32CubeIDE/plugins/com.st.stm32cube.ide.mcu.externaltools.gnu-tools-for-stm32.14.3.rel1.win32_1.0.100.202602081740/tools/bin/../lib/gcc/arm-none-eabi/14.3.1/../../../../arm-none-eabi/lib/thumb/v7e-m+dp/hard\libc_nano.a(libc_a-freer.o)
                0x08014254                _free_r
 .text.sbrk_aligned
                0x080142e8       0x44 C:/ST/STM32CubeIDE_2.1.1/STM32CubeIDE/plugins/com.st.stm32cube.ide.mcu.externaltools.gnu-tools-for-stm32.14.3.rel1.win32_1.0.100.202602081740/tools/bin/../lib/gcc/arm-none-eabi/14.3.1/../../../../arm-none-eabi/lib/thumb/v7e-m+dp/hard\libc_nano.a(libc_a-mallocr.o)
 .text._malloc_r
                0x0801432c      0x100 C:/ST/STM32CubeIDE_2.1.1/STM32CubeIDE/plugins/com.st.stm32cube.ide.mcu.externaltools.gnu-tools-for-stm32.14.3.rel1.win32_1.0.100.202602081740/tools/bin/../lib/gcc/arm-none-eabi/14.3.1/../../../../arm-none-eabi/lib/thumb/v7e-m+dp/hard\libc_nano.a(libc_a-mallocr.o)
                0x0801432c                _malloc_r
 .text.__malloc_lock
                0x0801442c        0xc C:/ST/STM32CubeIDE_2.1.1/STM32CubeIDE/plugins/com.st.stm32cube.ide.mcu.externaltools.gnu-tools-for-stm32.14.3.rel1.win32_1.0.100.202602081740/tools/bin/../lib/gcc/arm-none-eabi/14.3.1/../../../../arm-none-eabi/lib/thumb/v7e-m+dp/hard\libc_nano.a(libc_a-mlock.o)
                0x0801442c                __malloc_lock
 .text.__malloc_unlock
                0x08014438        0xc C:/ST/STM32CubeIDE_2.1.1/STM32CubeIDE/plugins/com.st.stm32cube.ide.mcu.externaltools.gnu-tools-for-stm32.14.3.rel1.win32_1.0.100.202602081740/tools/bin/../lib/gcc/arm-none-eabi/14.3.1/../../../../arm-none-eabi/lib/thumb/v7e-m+dp/hard\libc_nano.a(libc_a-mlock.o)
                0x08014438                __malloc_unlock
 .text.__ssputs_r
                0x08014444       0xc0 C:/ST/STM32CubeIDE_2.1.1/STM32CubeIDE/plugins/com.st.stm32cube.ide.mcu.externaltools.gnu-tools-for-stm32.14.3.rel1.win32_1.0.100.202602081740/tools/bin/../lib/gcc/arm-none-eabi/14.3.1/../../../../arm-none-eabi/lib/thumb/v7e-m+dp/hard\libc_nano.a(libc_a-nano-svfprintf.o)
                0x08014444                __ssputs_r
 .text._svfprintf_r
                0x08014504      0x1f0 C:/ST/STM32CubeIDE_2.1.1/STM32CubeIDE/plugins/com.st.stm32cube.ide.mcu.externaltools.gnu-tools-for-stm32.14.3.rel1.win32_1.0.100.202602081740/tools/bin/../lib/gcc/arm-none-eabi/14.3.1/../../../../arm-none-eabi/lib/thumb/v7e-m+dp/hard\libc_nano.a(libc_a-nano-svfprintf.o)
                0x08014504                _svfiprintf_r
                0x08014504                _svfprintf_r
 .text._printf_common
                0x080146f4       0xda C:/ST/STM32CubeIDE_2.1.1/STM32CubeIDE/plugins/com.st.stm32cube.ide.mcu.externaltools.gnu-tools-for-stm32.14.3.rel1.win32_1.0.100.202602081740/tools/bin/../lib/gcc/arm-none-eabi/14.3.1/../../../../arm-none-eabi/lib/thumb/v7e-m+dp/hard\libc_nano.a(libc_a-nano-vfprintf_i.o)
                0x080146f4                _printf_common
 *fill*         0x080147ce        0x2 
 .text._printf_i
                0x080147d0      0x24c C:/ST/STM32CubeIDE_2.1.1/STM32CubeIDE/plugins/com.st.stm32cube.ide.mcu.externaltools.gnu-tools-for-stm32.14.3.rel1.win32_1.0.100.202602081740/tools/bin/../lib/gcc/arm-none-eabi/14.3.1/../../../../arm-none-eabi/lib/thumb/v7e-m+dp/hard\libc_nano.a(libc_a-nano-vfprintf_i.o)
                0x080147d0                _printf_i
 .text.memmove  0x08014a1c       0x32 C:/ST/STM32CubeIDE_2.1.1/STM32CubeIDE/plugins/com.st.stm32cube.ide.mcu.externaltools.gnu-tools-for-stm32.14.3.rel1.win32_1.0.100.202602081740/tools/bin/../lib/gcc/arm-none-eabi/14.3.1/../../../../arm-none-eabi/lib/thumb/v7e-m+dp/hard\libc_nano.a(libc_a-memmove.o)
                0x08014a1c                memmove
 *fill*         0x08014a4e        0x2 
 .text._sbrk_r  0x08014a50       0x20 C:/ST/STM32CubeIDE_2.1.1/STM32CubeIDE/plugins/com.st.stm32cube.ide.mcu.externaltools.gnu-tools-for-stm32.14.3.rel1.win32_1.0.100.202602081740/tools/bin/../lib/gcc/arm-none-eabi/14.3.1/../../../../arm-none-eabi/lib/thumb/v7e-m+dp/hard\libc_nano.a(libc_a-sbrkr.o)
                0x08014a50                _sbrk_r
 .text._realloc_r
                0x08014a70       0x5c C:/ST/STM32CubeIDE_2.1.1/STM32CubeIDE/plugins/com.st.stm32cube.ide.mcu.externaltools.gnu-tools-for-stm32.14.3.rel1.win32_1.0.100.202602081740/tools/bin/../lib/gcc/arm-none-eabi/14.3.1/../../../../arm-none-eabi/lib/thumb/v7e-m+dp/hard\libc_nano.a(libc_a-reallocr.o)
                0x08014a70                _realloc_r
 .text._malloc_usable_size_r
                0x08014acc       0x10 C:/ST/STM32CubeIDE_2.1.1/STM32CubeIDE/plugins/com.st.stm32cube.ide.mcu.externaltools.gnu-tools-for-stm32.14.3.rel1.win32_1.0.100.202602081740/tools/bin/../lib/gcc/arm-none-eabi/14.3.1/../../../../arm-none-eabi/lib/thumb/v7e-m+dp/hard\libc_nano.a(libc_a-msizer.o)
                0x08014acc                _malloc_usable_size_r
 *(.glue_7)
 .glue_7        0x08014adc        0x0 linker stubs
 *(.glue_7t)
 .glue_7t       0x08014adc        0x0 linker stubs
 *(.eh_frame)
 .eh_frame      0x08014adc        0x0 C:/ST/STM32CubeIDE_2.1.1/STM32CubeIDE/plugins/com.st.stm32cube.ide.mcu.externaltools.gnu-tools-for-stm32.14.3.rel1.win32_1.0.100.202602081740/tools/bin/../lib/gcc/arm-none-eabi/14.3.1/thumb/v7e-m+dp/hard/crtbegin.o
 *(.init)
 .init          0x08014adc        0x4 C:/ST/STM32CubeIDE_2.1.1/STM32CubeIDE/plugins/com.st.stm32cube.ide.mcu.externaltools.gnu-tools-for-stm32.14.3.rel1.win32_1.0.100.202602081740/tools/bin/../lib/gcc/arm-none-eabi/14.3.1/thumb/v7e-m+dp/hard/crti.o
                0x08014adc                _init
 .init          0x08014ae0        0x8 C:/ST/STM32CubeIDE_2.1.1/STM32CubeIDE/plugins/com.st.stm32cube.ide.mcu.externaltools.gnu-tools-for-stm32.14.3.rel1.win32_1.0.100.202602081740/tools/bin/../lib/gcc/arm-none-eabi/14.3.1/thumb/v7e-m+dp/hard/crtn.o
 *(.fini)
 .fini          0x08014ae8        0x4 C:/ST/STM32CubeIDE_2.1.1/STM32CubeIDE/plugins/com.st.stm32cube.ide.mcu.externaltools.gnu-tools-for-stm32.14.3.rel1.win32_1.0.100.202602081740/tools/bin/../lib/gcc/arm-none-eabi/14.3.1/thumb/v7e-m+dp/hard/crti.o
                0x08014ae8                _fini
 .fini          0x08014aec        0x8 C:/ST/STM32CubeIDE_2.1.1/STM32CubeIDE/plugins/com.st.stm32cube.ide.mcu.externaltools.gnu-tools-for-stm32.14.3.rel1.win32_1.0.100.202602081740/tools/bin/../lib/gcc/arm-none-eabi/14.3.1/thumb/v7e-m+dp/hard/crtn.o
                0x08014af4                        . = ALIGN (0x4)
                0x08014af4                        _etext = .

.vfp11_veneer   0x08014af4        0x0
 .vfp11_veneer  0x08014af4        0x0 linker stubs

.v4_bx          0x08014af4        0x0
 .v4_bx         0x08014af4        0x0 linker stubs

.iplt           0x08014af4        0x0
 .iplt          0x08014af4        0x0 C:/ST/STM32CubeIDE_2.1.1/STM32CubeIDE/plugins/com.st.stm32cube.ide.mcu.externaltools.gnu-tools-for-stm32.14.3.rel1.win32_1.0.100.202602081740/tools/bin/../lib/gcc/arm-none-eabi/14.3.1/thumb/v7e-m+dp/hard/crtbegin.o

.rodata         0x08014af4      0x8d8
                0x08014af4                        . = ALIGN (0x4)
 *(.rodata)
 .rodata        0x08014af4       0x10 ./App/update.o
 .rodata        0x08014b04       0x4c ./Drivers/STM32H7xx_HAL_Driver/Src/stm32h7xx_hal_fdcan.o
 .rodata        0x08014b50       0x48 ./FatFs/ff.o
 .rodata        0x08014b98       0x1a ./LibMicroBLT/firmware.o
 *fill*         0x08014bb2        0x2 
 .rodata        0x08014bb4       0x1a ./LibMicroBLT/microblt.o
 *fill*         0x08014bce        0x2 
 .rodata        0x08014bd0       0x16 ./LibMicroBLT/port.o
 *fill*         0x08014be6        0x2 
 .rodata        0x08014be8       0x19 ./LibMicroBLT/session.o
 *fill*         0x08014c01        0x3 
 .rodata        0x08014c04       0x1c ./LibMicroBLT/srecreader.o
 .rodata        0x08014c20       0x1b ./LibMicroBLT/xcploader.o
 *fill*         0x08014c3b        0x1 
 .rodata        0x08014c3c       0x19 ./MicroTBX/tbx_assert.o
 *fill*         0x08014c55        0x3 
 .rodata        0x08014c58       0x1b ./MicroTBX/tbx_critsect.o
 *fill*         0x08014c73        0x1 
 .rodata        0x08014c74       0x17 ./MicroTBX/tbx_heap.o
 *fill*         0x08014c8b        0x1 
 .rodata        0x08014c8c       0x17 ./MicroTBX/tbx_list.o
 *fill*         0x08014ca3        0x1 
 .rodata        0x08014ca4       0x1a ./MicroTBX/tbx_mempool.o
 *fill*         0x08014cbe        0x2 
 .rodata        0x08014cc0        0x5 ./Middlewares/Third_Party/FreeRTOS/Source/tasks.o
 *fill*         0x08014cc5        0x3 
 .rodata        0x08014cc8        0xd ./Middlewares/Third_Party/FreeRTOS/Source/timers.o
 *(.rodata*)
 *fill*         0x08014cd5        0x3 
 .rodata.bltPortInterface
                0x08014cd8       0x10 ./App/blt_port.o
 .rodata.BltPortXcpTransmitPacket.str1.4
                0x08014ce8      0x14c ./App/blt_port.o
                                 0x12 (size before relaxing)
 .rodata.dlcLookup.0
                0x08014e34       0x24 ./App/blt_port.o
 .rodata.str1.4
                0x08014e58        0xd ./Core/Src/main.o
 .rodata.FwUpdateTask_attributes
                0x08014e58       0x24 ./Core/Src/main.o
                0x08014e58                FwUpdateTask_attributes
 .rodata.AppAssertHandler.str1.4
                0x08014e7c       0x10 ./Core/Src/main.o
 .rodata.FwUpdateTaskFunc.str1.4
                0x08014e7c      0x11c ./Core/Src/main.o
 .rodata.D1CorePrescTable
                0x08014e7c       0x10 ./Core/Src/system_stm32h7xx.o
                0x08014e7c                D1CorePrescTable
 .rodata.LED_PIN
                0x08014e8c        0x6 ./Drivers/BSP/STM32H7xx_Nucleo/stm32h7xx_nucleo.o
 *fill*         0x08014e92        0x2 
 .rodata.DLCtoBytes
                0x08014e94       0x10 ./Drivers/STM32H7xx_HAL_Driver/Src/stm32h7xx_hal_fdcan.o
 .rodata.UARTPrescTable
                0x08014ea4       0x18 ./Drivers/STM32H7xx_HAL_Driver/Src/stm32h7xx_hal_uart.o
                0x08014ea4                UARTPrescTable
 .rodata.numerator.1
                0x08014ebc        0x8 ./Drivers/STM32H7xx_HAL_Driver/Src/stm32h7xx_hal_uart_ex.o
 .rodata.denominator.0
                0x08014ec4        0x8 ./Drivers/STM32H7xx_HAL_Driver/Src/stm32h7xx_hal_uart_ex.o
 .rodata.Tbl    0x08014ecc      0x100 ./FatFs/ccsbcs.o
 .rodata.cvt1.1
                0x08014fcc      0x1f2 ./FatFs/ccsbcs.o
 *fill*         0x080151be        0x2 
 .rodata.cvt2.0
                0x080151c0       0xbc ./FatFs/ccsbcs.o
 .rodata.ExCvt  0x0801527c       0x80 ./FatFs/ff.o
 .rodata.LfnOfs
                0x080152fc        0xd ./FatFs/ff.o
 *fill*         0x08015309        0x3 
 .rodata.cst32.1
                0x0801530c        0xe ./FatFs/ff.o
 *fill*         0x0801531a        0x2 
 .rodata.cst.0  0x0801531c        0xe ./FatFs/ff.o
 *fill*         0x0801532a        0x2 
 .rodata.srecReader.1
                0x0801532c       0x20 ./LibMicroBLT/srecreader.o
 .rodata.hexConvTbl.0
                0x0801534c       0x2c ./LibMicroBLT/srecreader.o
 .rodata.xcpLoader.0
                0x08015378       0x1c ./LibMicroBLT/xcploader.o
 .rodata.uxTopUsedPriority
                0x08015394        0x4 ./Middlewares/Third_Party/FreeRTOS/Source/tasks.o
                0x08015394                uxTopUsedPriority
 .rodata._svfprintf_r.str1.1
                0x08015398       0x33 C:/ST/STM32CubeIDE_2.1.1/STM32CubeIDE/plugins/com.st.stm32cube.ide.mcu.externaltools.gnu-tools-for-stm32.14.3.rel1.win32_1.0.100.202602081740/tools/bin/../lib/gcc/arm-none-eabi/14.3.1/../../../../arm-none-eabi/lib/thumb/v7e-m+dp/hard\libc_nano.a(libc_a-nano-svfprintf.o)
                                 0x11 (size before relaxing)
 .rodata._printf_i.str1.1
                0x080153cb       0x22 C:/ST/STM32CubeIDE_2.1.1/STM32CubeIDE/plugins/com.st.stm32cube.ide.mcu.externaltools.gnu-tools-for-stm32.14.3.rel1.win32_1.0.100.202602081740/tools/bin/../lib/gcc/arm-none-eabi/14.3.1/../../../../arm-none-eabi/lib/thumb/v7e-m+dp/hard\libc_nano.a(libc_a-nano-vfprintf_i.o)
                0x080153f0                        . = ALIGN (0x4)
 *fill*         0x080153cb        0x1 

.ARM.extab
 *(.ARM.extab* .gnu.linkonce.armextab.*)

.ARM            0x080153cc        0x8
                0x080153cc                        __exidx_start = .
 *(.ARM.exidx*)
 .ARM.exidx     0x080153cc        0x8 C:/ST/STM32CubeIDE_2.1.1/STM32CubeIDE/plugins/com.st.stm32cube.ide.mcu.externaltools.gnu-tools-for-stm32.14.3.rel1.win32_1.0.100.202602081740/tools/bin/../lib/gcc/arm-none-eabi/14.3.1/../../../../arm-none-eabi/lib/thumb/v7e-m+dp/hard\libc_nano.a(libc_a-strlen.o)
 .ARM.exidx     0x080153d4        0x0 C:/ST/STM32CubeIDE_2.1.1/STM32CubeIDE/plugins/com.st.stm32cube.ide.mcu.externaltools.gnu-tools-for-stm32.14.3.rel1.win32_1.0.100.202602081740/tools/bin/../lib/gcc/arm-none-eabi/14.3.1/../../../../arm-none-eabi/lib/thumb/v7e-m+dp/hard\libc_nano.a(libc_a-memchr.o)
                                  0x8 (size before relaxing)
 .ARM.exidx     0x080153d4        0x0 C:/ST/STM32CubeIDE_2.1.1/STM32CubeIDE/plugins/com.st.stm32cube.ide.mcu.externaltools.gnu-tools-for-stm32.14.3.rel1.win32_1.0.100.202602081740/tools/bin/../lib/gcc/arm-none-eabi/14.3.1/thumb/v7e-m+dp/hard\libgcc.a(_udivmoddi4.o)
                                  0x8 (size before relaxing)
                0x080153d4                        __exidx_end = .

.preinit_array  0x080153d4        0x0
                0x080153d4                        PROVIDE (__preinit_array_start = .)
 *(.preinit_array*)
                0x080153d4                        PROVIDE (__preinit_array_end = .)

.init_array     0x080153d4        0x4
                0x080153d4                        PROVIDE (__init_array_start = .)
 *(SORT_BY_NAME(.init_array.*))
 *(.init_array*)
 .init_array    0x080153d4        0x4 C:/ST/STM32CubeIDE_2.1.1/STM32CubeIDE/plugins/com.st.stm32cube.ide.mcu.externaltools.gnu-tools-for-stm32.14.3.rel1.win32_1.0.100.202602081740/tools/bin/../lib/gcc/arm-none-eabi/14.3.1/thumb/v7e-m+dp/hard/crtbegin.o
                0x080153d8                        PROVIDE (__init_array_end = .)

.fini_array     0x080153d8        0x4
                [!provide]                        PROVIDE (__fini_array_start = .)
 *(SORT_BY_NAME(.fini_array.*))
 *(.fini_array*)
 .fini_array    0x080153d8        0x4 C:/ST/STM32CubeIDE_2.1.1/STM32CubeIDE/plugins/com.st.stm32cube.ide.mcu.externaltools.gnu-tools-for-stm32.14.3.rel1.win32_1.0.100.202602081740/tools/bin/../lib/gcc/arm-none-eabi/14.3.1/thumb/v7e-m+dp/hard/crtbegin.o
                [!provide]                        PROVIDE (__fini_array_end = .)
                0x080153dc                        _sidata = LOADADDR (.data)

.rel.dyn        0x080153dc        0x0
 .rel.iplt      0x080153dc        0x0 C:/ST/STM32CubeIDE_2.1.1/STM32CubeIDE/plugins/com.st.stm32cube.ide.mcu.externaltools.gnu-tools-for-stm32.14.3.rel1.win32_1.0.100.202602081740/tools/bin/../lib/gcc/arm-none-eabi/14.3.1/thumb/v7e-m+dp/hard/crtbegin.o

.data           0x24000000       0x70 load address 0x080153dc
                0x24000000                        . = ALIGN (0x4)
                0x24000000                        _sdata = .
 *(.data)
 *(.data*)
 .data.SystemCoreClock
                0x24000000        0x4 ./Core/Src/system_stm32h7xx.o
                0x24000000                SystemCoreClock
 .data.SystemD2Clock
                0x24000004        0x4 ./Core/Src/system_stm32h7xx.o
                0x24000004                SystemD2Clock
 .data.LED_PORT
                0x24000008        0xc ./Drivers/BSP/STM32H7xx_Nucleo/stm32h7xx_nucleo.o
 .data.uwTickPrio
                0x24000014        0x4 ./Drivers/STM32H7xx_HAL_Driver/Src/stm32h7xx_hal.o
                0x24000014                uwTickPrio
 .data.uwTickFreq
                0x24000018        0x1 ./Drivers/STM32H7xx_HAL_Driver/Src/stm32h7xx_hal.o
                0x24000018                uwTickFreq
 *fill*         0x24000019        0x3 
 .data.uxCriticalNesting
                0x2400001c        0x4 ./Middlewares/Third_Party/FreeRTOS/Source/portable/GCC/ARM_CM4F/port.o
 .data._impure_ptr
                0x24000020        0x4 C:/ST/STM32CubeIDE_2.1.1/STM32CubeIDE/plugins/com.st.stm32cube.ide.mcu.externaltools.gnu-tools-for-stm32.14.3.rel1.win32_1.0.100.202602081740/tools/bin/../lib/gcc/arm-none-eabi/14.3.1/../../../../arm-none-eabi/lib/thumb/v7e-m+dp/hard\libc_nano.a(libc_a-impure.o)
                0x24000020                _impure_ptr
 .data._impure_data
                0x24000024       0x4c C:/ST/STM32CubeIDE_2.1.1/STM32CubeIDE/plugins/com.st.stm32cube.ide.mcu.externaltools.gnu-tools-for-stm32.14.3.rel1.win32_1.0.100.202602081740/tools/bin/../lib/gcc/arm-none-eabi/14.3.1/../../../../arm-none-eabi/lib/thumb/v7e-m+dp/hard\libc_nano.a(libc_a-impure.o)
                0x24000024                _impure_data
 *(.RamFunc)
 *(.RamFunc*)
                0x24000070                        . = ALIGN (0x4)
                0x24000070                        _edata = .

.igot.plt       0x24000070        0x0 load address 0x0801544c
 .igot.plt      0x24000070        0x0 C:/ST/STM32CubeIDE_2.1.1/STM32CubeIDE/plugins/com.st.stm32cube.ide.mcu.externaltools.gnu-tools-for-stm32.14.3.rel1.win32_1.0.100.202602081740/tools/bin/../lib/gcc/arm-none-eabi/14.3.1/thumb/v7e-m+dp/hard/crtbegin.o
                0x24000070                        . = ALIGN (0x4)

.bss            0x24000070     0xb7e0 load address 0x0801544c
                0x24000070                        _sbss = .
                0x24000070                        __bss_start__ = _sbss
 *(.bss)
 .bss           0x24000070       0x1c C:/ST/STM32CubeIDE_2.1.1/STM32CubeIDE/plugins/com.st.stm32cube.ide.mcu.externaltools.gnu-tools-for-stm32.14.3.rel1.win32_1.0.100.202602081740/tools/bin/../lib/gcc/arm-none-eabi/14.3.1/thumb/v7e-m+dp/hard/crtbegin.o
 *(.bss*)
 .bss.bltXcpRxQueue
                0x2400008c        0x4 ./App/blt_port.o
 .bss.hfdcan1   0x24000090       0xa0 ./Core/Src/main.o
                0x24000090                hfdcan1
 .bss.huart3    0x24000130       0x94 ./Core/Src/main.o
                0x24000130                huart3
 .bss.FwUpdateTaskHandle
                0x240001c4        0x4 ./Core/Src/main.o
                0x240001c4                FwUpdateTaskHandle
 .bss.srecStream
                0x240001c8        0x4 ./Core/Src/main.o
 .bss.uartRxChunk
                0x240001cc      0x100 ./Core/Src/main.o
 .bss.htim6     0x240002cc       0x4c ./Core/Src/stm32h7xx_hal_timebase_tim.o
                0x240002cc                htim6
 .bss.__sbrk_heap_end
                0x24000318        0x4 ./Core/Src/sysmem.o
 .bss.uwTick    0x2400031c        0x4 ./Drivers/STM32H7xx_HAL_Driver/Src/stm32h7xx_hal.o
                0x2400031c                uwTick
 .bss.FatFs     0x24000320        0x4 ./FatFs/ff.o
 .bss.Fsid      0x24000324        0x2 ./FatFs/ff.o
 *fill*         0x24000326        0x2 
 .bss.readerPtr
                0x24000328        0x4 ./LibMicroBLT/firmware.o
 .bss.portInterface
                0x2400032c       0x10 ./LibMicroBLT/port.o
 .bss.protocolPtr
                0x2400033c        0x4 ./LibMicroBLT/session.o
 .bss.srecHandle
                0x24000340      0x5b4 ./LibMicroBLT/srecreader.o
 .bss.xcpSettings
                0x240008f4        0xe ./LibMicroBLT/xcploader.o
 .bss.xcpConnected
                0x24000902        0x1 ./LibMicroBLT/xcploader.o
 .bss.xcpSlaveIsIntel
                0x24000903        0x1 ./LibMicroBLT/xcploader.o
 .bss.xcpMaxCto
                0x24000904        0x2 ./LibMicroBLT/xcploader.o
 .bss.xcpMaxProgCto
                0x24000906        0x2 ./LibMicroBLT/xcploader.o
 .bss.xcpMaxDto
                0x24000908        0x2 ./LibMicroBLT/xcploader.o
 *fill*         0x2400090a        0x2 
 .bss.tbxAssertHandlerPtr
                0x2400090c        0x4 ./MicroTBX/tbx_assert.o
 .bss.tbxCritSectNestingCounter
                0x24000910        0x4 ./MicroTBX/tbx_critsect.o
 .bss.tbxCritSectCpuSR