../Drivers/STM32H7xx_HAL_Driver/Inc/stm32h7xx_ll_rcc.h:2895:22:LL_RCC_SetClockSource	4	static
../Core/Src/main.c:487:6:MPU_Config	0	static,ignoring_inline_asm
../Core/Src/main.c:446:13:MX_GPIO_Init	64	static
../Core/Src/main.c:341:13:MX_USART3_UART_Init	80	static,ignoring_inline_asm
../Core/Src/main.c:146:6:SystemClock_Config	8	static
../Core/Src/main.c:211:6:PeriphCommonClock_Config	0	static
../Core/Src/main.c:92:5:main	8	static
../Core/Src/main.c:235:6:MX_ETH_Init	16	static
../Core/Src/main.c:286:6:MX_FDCAN1_Init	8	static
../Core/Src/main.c:410:6:MX_USB_OTG_FS_PCD_Init	8	static
../Core/Src/main.c:516:6:Error_Handler	0	static
