../Drivers/STM32H7xx_HAL_Driver/Src/stm32h7xx_ll_utils.c:941:20:UTILS_IsPLLsReady	0	static
../Drivers/STM32H7xx_HAL_Driver/Src/stm32h7xx_ll_utils.c:979:17:UTILS_CalcPLLClockFreq	0	static
../Drivers/STM32H7xx_HAL_Driver/Src/stm32h7xx_ll_utils.c:920:17:UTILS_GetPLLOutputFrequency	16	static
../Drivers/STM32H7xx_HAL_Driver/Src/stm32h7xx_ll_utils.c:289:6:LL_Init1msTick	0	static
../Drivers/STM32H7xx_HAL_Driver/Src/stm32h7xx_ll_utils.c:306:6:LL_mDelay	8	static
../Drivers/STM32H7xx_HAL_Driver/Src/stm32h7xx_ll_utils.c:474:6:LL_SetSystemCoreClock	0	static
../Drivers/STM32H7xx_HAL_Driver/Src/stm32h7xx_ll_utils.c:691:13:LL_SetFlashLatency	0	static
../Drivers/STM32H7xx_HAL_Driver/Src/stm32h7xx_ll_utils.c:999:20:UTILS_EnablePLLAndSwitchSystem	24	static
../Drivers/STM32H7xx_HAL_Driver/Src/stm32h7xx_ll_utils.c:501:13:LL_PLL_ConfigSystemClock_HSI	16	static
../Drivers/STM32H7xx_HAL_Driver/Src/stm32h7xx_ll_utils.c:597:13:LL_PLL_ConfigSystemClock_HSE	24	static
