C:/Users/aragy/Documents/git_repos/BEEFBoard/1_Embedded/openblt/Target/Source/xcp.c:412:13:XcpProtectResources	0	static
C:/Users/aragy/Documents/git_repos/BEEFBoard/1_Embedded/openblt/Target/Source/xcp.c:447:13:XcpSetCtoError	0	static
C:/Users/aragy/Documents/git_repos/BEEFBoard/1_Embedded/openblt/Target/Source/xcp.c:641:13:XcpCmdDisconnect	8	static
C:/Users/aragy/Documents/git_repos/BEEFBoard/1_Embedded/openblt/Target/Source/xcp.c:667:13:XcpCmdGetStatus	0	static
C:/Users/aragy/Documents/git_repos/BEEFBoard/1_Embedded/openblt/Target/Source/xcp.c:698:13:XcpCmdSynch	8	static
C:/Users/aragy/Documents/git_repos/BEEFBoard/1_Embedded/openblt/Target/Source/xcp.c:1590:13:XcpCmdProgramPrepare	8	static
C:/Users/aragy/Documents/git_repos/BEEFBoard/1_Embedded/openblt/Target/Source/xcp.c:1617:13:XcpCmdUser	8	static
C:/Users/aragy/Documents/git_repos/BEEFBoard/1_Embedded/openblt/Target/Source/xcp.c:1300:13:XcpCmdProgramStart	16	static
C:/Users/aragy/Documents/git_repos/BEEFBoard/1_Embedded/openblt/Target/Source/xcp.c:552:13:XcpCmdConnect	16	static
C:/Users/aragy/Documents/git_repos/BEEFBoard/1_Embedded/openblt/Target/Source/xcp.c:768:13:XcpCmdUpload	16	static
C:/Users/aragy/Documents/git_repos/BEEFBoard/1_Embedded/openblt/Target/Source/xcp.c:350:18:XcpComputeChecksum	24	static
C:/Users/aragy/Documents/git_repos/BEEFBoard/1_Embedded/openblt/Target/Source/xcp.c:1359:13:XcpCmdProgramMax	16	static
C:/Users/aragy/Documents/git_repos/BEEFBoard/1_Embedded/openblt/Target/Source/xcp.c:1414:13:XcpCmdProgram	8	static
C:/Users/aragy/Documents/git_repos/BEEFBoard/1_Embedded/openblt/Target/Source/xcp.c:1547:13:XcpCmdProgramReset	8	static
C:/Users/aragy/Documents/git_repos/BEEFBoard/1_Embedded/openblt/Target/Source/xcp.c:334:13:XcpTransmitPacket	8	static
C:/Users/aragy/Documents/git_repos/BEEFBoard/1_Embedded/openblt/Target/Source/xcp.c:151:6:XcpInit	0	static
C:/Users/aragy/Documents/git_repos/BEEFBoard/1_Embedded/openblt/Target/Source/xcp.c:168:10:XcpIsConnected	0	static
C:/Users/aragy/Documents/git_repos/BEEFBoard/1_Embedded/openblt/Target/Source/xcp.c:184:6:XcpPacketTransmitted	0	static
C:/Users/aragy/Documents/git_repos/BEEFBoard/1_Embedded/openblt/Target/Source/xcp.c:502:12:XcpGetOrderedLong	0	static
C:/Users/aragy/Documents/git_repos/BEEFBoard/1_Embedded/openblt/Target/Source/xcp.c:834:13:XcpCmdShortUpload	16	static
C:/Users/aragy/Documents/git_repos/BEEFBoard/1_Embedded/openblt/Target/Source/xcp.c:748:13:XcpCmdSetMta	8	static
C:/Users/aragy/Documents/git_repos/BEEFBoard/1_Embedded/openblt/Target/Source/xcp.c:1497:13:XcpCmdProgramClear	16	static
C:/Users/aragy/Documents/git_repos/BEEFBoard/1_Embedded/openblt/Target/Source/xcp.c:529:6:XcpSetOrderedLong	0	static
C:/Users/aragy/Documents/git_repos/BEEFBoard/1_Embedded/openblt/Target/Source/xcp.c:978:13:XcpCmdBuildCheckSum	24	static
C:/Users/aragy/Documents/git_repos/BEEFBoard/1_Embedded/openblt/Target/Source/xcp.c:712:13:XcpCmdGetId	8	static
C:/Users/aragy/Documents/git_repos/BEEFBoard/1_Embedded/openblt/Target/Source/xcp.c:198:6:XcpPacketReceived	8	static
