../Core/Src/main.c:81:13:VcpPrint	16	static
../Core/Src/main.c:87:6:HAL_UARTEx_RxEventCallback	24	static,ignoring_inline_asm
../Core/Src/main.c:102:6:HAL_UART_ErrorCallback	16	static
../Core/Src/main.c:115:5:main	8	static
../Core/Src/main.c:203:6:SystemClock_Config	120	static
../Core/Src/main.c:263:13:MX_FDCAN1_Init	8	static
../Core/Src/main.c:316:13:MX_USART3_UART_Init	8	static
../Core/Src/main.c:364:13:MX_GPIO_Init	24	static
../Core/Src/main.c:391:6:FwUpdateTaskFunc	2272	static
../Core/Src/main.c:499:6:HAL_TIM_PeriodElapsedCallback	16	static
../Core/Src/main.c:517:6:Error_Handler	4	static,ignoring_inline_asm
