../Core/Src/main.c:85:13:VcpPrint	16	static
../Core/Src/main.c:91:13:AppAssertHandler	120	static
../Core/Src/main.c:101:6:HAL_UARTEx_RxEventCallback	24	static,ignoring_inline_asm
../Core/Src/main.c:116:6:HAL_UART_ErrorCallback	16	static
../Core/Src/main.c:129:5:main	8	static
../Core/Src/main.c:217:6:SystemClock_Config	120	static
../Core/Src/main.c:277:13:MX_FDCAN1_Init	8	static
../Core/Src/main.c:330:13:MX_USART3_UART_Init	8	static
../Core/Src/main.c:378:13:MX_GPIO_Init	24	static
../Core/Src/main.c:405:6:FwUpdateTaskFunc	2280	static
../Core/Src/main.c:527:6:HAL_TIM_PeriodElapsedCallback	16	static
../Core/Src/main.c:545:6:Error_Handler	4	static,ignoring_inline_asm
