C:/Users/aragy/Documents/git_repos/BEEFBoard/1_Embedded/openblt/Target/Source/third_party/tinyusb/src/tusb.c:48:19:tusb_time_delay_ms_api	16	static
C:/Users/aragy/Documents/git_repos/BEEFBoard/1_Embedded/openblt/Target/Source/third_party/tinyusb/src/tusb.c:58:20:tusb_app_virt_to_phys	0	static
C:/Users/aragy/Documents/git_repos/BEEFBoard/1_Embedded/openblt/Target/Source/third_party/tinyusb/src/tusb.c:62:20:tusb_app_phys_to_virt	0	static
C:/Users/aragy/Documents/git_repos/BEEFBoard/1_Embedded/openblt/Target/Source/third_party/tinyusb/src/tusb.c:69:6:tusb_rhport_init	8	static,ignoring_inline_asm
C:/Users/aragy/Documents/git_repos/BEEFBoard/1_Embedded/openblt/Target/Source/third_party/tinyusb/src/tusb.c:116:6:tusb_inited	8	static
C:/Users/aragy/Documents/git_repos/BEEFBoard/1_Embedded/openblt/Target/Source/third_party/tinyusb/src/tusb.c:134:6:tusb_int_handler	8	static
C:/Users/aragy/Documents/git_repos/BEEFBoard/1_Embedded/openblt/Target/Source/third_party/tinyusb/src/tusb.c:151:6:tusb_deinit	8	static,ignoring_inline_asm
C:/Users/aragy/Documents/git_repos/BEEFBoard/1_Embedded/openblt/Target/Source/third_party/tinyusb/src/tusb.c:178:16:tu_desc_find	0	static
C:/Users/aragy/Documents/git_repos/BEEFBoard/1_Embedded/openblt/Target/Source/third_party/tinyusb/src/tusb.c:188:16:tu_desc_find2	0	static
C:/Users/aragy/Documents/git_repos/BEEFBoard/1_Embedded/openblt/Target/Source/third_party/tinyusb/src/tusb.c:198:16:tu_desc_find3	4	static
C:/Users/aragy/Documents/git_repos/BEEFBoard/1_Embedded/openblt/Target/Source/third_party/tinyusb/src/tusb.c:212:6:tu_edpt_claim	0	static
C:/Users/aragy/Documents/git_repos/BEEFBoard/1_Embedded/openblt/Target/Source/third_party/tinyusb/src/tusb.c:230:6:tu_edpt_release	0	static
C:/Users/aragy/Documents/git_repos/BEEFBoard/1_Embedded/openblt/Target/Source/third_party/tinyusb/src/tusb.c:244:6:tu_edpt_validate	4	static,ignoring_inline_asm
C:/Users/aragy/Documents/git_repos/BEEFBoard/1_Embedded/openblt/Target/Source/third_party/tinyusb/src/tusb.c:287:6:tu_edpt_bind_driver	4	static
C:/Users/aragy/Documents/git_repos/BEEFBoard/1_Embedded/openblt/Target/Source/third_party/tinyusb/src/tusb.c:302:10:tu_desc_get_interface_total_len	12	static
C:/Users/aragy/Documents/git_repos/BEEFBoard/1_Embedded/openblt/Target/Source/third_party/tinyusb/src/tusb.c:337:6:tu_edpt_stream_init	16	static
C:/Users/aragy/Documents/git_repos/BEEFBoard/1_Embedded/openblt/Target/Source/third_party/tinyusb/src/tusb.c:357:6:tu_edpt_stream_deinit	0	static
C:/Users/aragy/Documents/git_repos/BEEFBoard/1_Embedded/openblt/Target/Source/third_party/tinyusb/src/tusb.c:412:6:tu_edpt_stream_write_zlp_if_needed	16	static,ignoring_inline_asm
C:/Users/aragy/Documents/git_repos/BEEFBoard/1_Embedded/openblt/Target/Source/third_party/tinyusb/src/tusb.c:421:10:tu_edpt_stream_write_xfer	16	static,ignoring_inline_asm
C:/Users/aragy/Documents/git_repos/BEEFBoard/1_Embedded/openblt/Target/Source/third_party/tinyusb/src/tusb.c:440:10:tu_edpt_stream_write	32	static,ignoring_inline_asm
C:/Users/aragy/Documents/git_repos/BEEFBoard/1_Embedded/openblt/Target/Source/third_party/tinyusb/src/tusb.c:463:10:tu_edpt_stream_write_available	8	static
C:/Users/aragy/Documents/git_repos/BEEFBoard/1_Embedded/openblt/Target/Source/third_party/tinyusb/src/tusb.c:484:10:tu_edpt_stream_read_xfer	24	static,ignoring_inline_asm
C:/Users/aragy/Documents/git_repos/BEEFBoard/1_Embedded/openblt/Target/Source/third_party/tinyusb/src/tusb.c:519:10:tu_edpt_stream_read	16	static
