Archive member included to satisfy reference by file (symbol)

C:/ST/STM32CubeIDE_2.1.1/STM32CubeIDE/plugins/com.st.stm32cube.ide.mcu.externaltools.gnu-tools-for-stm32.14.3.rel1.win32_1.0.100.202602081740/tools/bin/../lib/gcc/arm-none-eabi/14.3.1/../../../../arm-none-eabi/lib/thumb/v7e-m+dp/hard\libc_nano.a(libc_a-exit.o)
                              C:/ST/STM32CubeIDE_2.1.1/STM32CubeIDE/plugins/com.st.stm32cube.ide.mcu.externaltools.gnu-tools-for-stm32.14.3.rel1.win32_1.0.100.202602081740/tools/bin/../lib/gcc/arm-none-eabi/14.3.1/../../../../arm-none-eabi/lib/thumb/v7e-m+dp/hard/crt0.o (exit)
C:/ST/STM32CubeIDE_2.1.1/STM32CubeIDE/plugins/com.st.stm32cube.ide.mcu.externaltools.gnu-tools-for-stm32.14.3.rel1.win32_1.0.100.202602081740/tools/bin/../lib/gcc/arm-none-eabi/14.3.1/../../../../arm-none-eabi/lib/thumb/v7e-m+dp/hard\libc_nano.a(libc_a-findfp.o)
                              C:/ST/STM32CubeIDE_2.1.1/STM32CubeIDE/plugins/com.st.stm32cube.ide.mcu.externaltools.gnu-tools-for-stm32.14.3.rel1.win32_1.0.100.202602081740/tools/bin/../lib/gcc/arm-none-eabi/14.3.1/../../../../arm-none-eabi/lib/thumb/v7e-m+dp/hard\libc_nano.a(libc_a-exit.o) (__stdio_exit_handler)
C:/ST/STM32CubeIDE_2.1.1/STM32CubeIDE/plugins/com.st.stm32cube.ide.mcu.externaltools.gnu-tools-for-stm32.14.3.rel1.win32_1.0.100.202602081740/tools/bin/../lib/gcc/arm-none-eabi/14.3.1/../../../../arm-none-eabi/lib/thumb/v7e-m+dp/hard\libc_nano.a(libc_a-fwalk.o)
                              C:/ST/STM32CubeIDE_2.1.1/STM32CubeIDE/plugins/com.st.stm32cube.ide.mcu.externaltools.gnu-tools-for-stm32.14.3.rel1.win32_1.0.100.202602081740/tools/bin/../lib/gcc/arm-none-eabi/14.3.1/../../../../arm-none-eabi/lib/thumb/v7e-m+dp/hard\libc_nano.a(libc_a-findfp.o) (_fwalk_sglue)
C:/ST/STM32CubeIDE_2.1.1/STM32CubeIDE/plugins/com.st.stm32cube.ide.mcu.externaltools.gnu-tools-for-stm32.14.3.rel1.win32_1.0.100.202602081740/tools/bin/../lib/gcc/arm-none-eabi/14.3.1/../../../../arm-none-eabi/lib/thumb/v7e-m+dp/hard\libc_nano.a(libc_a-stdio.o)
                              C:/ST/STM32CubeIDE_2.1.1/STM32CubeIDE/plugins/com.st.stm32cube.ide.mcu.externaltools.gnu-tools-for-stm32.14.3.rel1.win32_1.0.100.202602081740/tools/bin/../lib/gcc/arm-none-eabi/14.3.1/../../../../arm-none-eabi/lib/thumb/v7e-m+dp/hard\libc_nano.a(libc_a-findfp.o) (__sread)
C:/ST/STM32CubeIDE_2.1.1/STM32CubeIDE/plugins/com.st.stm32cube.ide.mcu.externaltools.gnu-tools-for-stm32.14.3.rel1.win32_1.0.100.202602081740/tools/bin/../lib/gcc/arm-none-eabi/14.3.1/../../../../arm-none-eabi/lib/thumb/v7e-m+dp/hard\libc_nano.a(libc_a-memcmp.o)
                              ./ThirdParty/uip/apps/dhcpc/dhcpc.o (memcmp)
C:/ST/STM32CubeIDE_2.1.1/STM32CubeIDE/plugins/com.st.stm32cube.ide.mcu.externaltools.gnu-tools-for-stm32.14.3.rel1.win32_1.0.100.202602081740/tools/bin/../lib/gcc/arm-none-eabi/14.3.1/../../../../arm-none-eabi/lib/thumb/v7e-m+dp/hard\libc_nano.a(libc_a-memset.o)
                              C:/ST/STM32CubeIDE_2.1.1/STM32CubeIDE/plugins/com.st.stm32cube.ide.mcu.externaltools.gnu-tools-for-stm32.14.3.rel1.win32_1.0.100.202602081740/tools/bin/../lib/gcc/arm-none-eabi/14.3.1/../../../../arm-none-eabi/lib/thumb/v7e-m+dp/hard/crt0.o (memset)
C:/ST/STM32CubeIDE_2.1.1/STM32CubeIDE/plugins/com.st.stm32cube.ide.mcu.externaltools.gnu-tools-for-stm32.14.3.rel1.win32_1.0.100.202602081740/tools/bin/../lib/gcc/arm-none-eabi/14.3.1/../../../../arm-none-eabi/lib/thumb/v7e-m+dp/hard\libc_nano.a(libc_a-closer.o)
                              C:/ST/STM32CubeIDE_2.1.1/STM32CubeIDE/plugins/com.st.stm32cube.ide.mcu.externaltools.gnu-tools-for-stm32.14.3.rel1.win32_1.0.100.202602081740/tools/bin/../lib/gcc/arm-none-eabi/14.3.1/../../../../arm-none-eabi/lib/thumb/v7e-m+dp/hard\libc_nano.a(libc_a-stdio.o) (_close_r)
C:/ST/STM32CubeIDE_2.1.1/STM32CubeIDE/plugins/com.st.stm32cube.ide.mcu.externaltools.gnu-tools-for-stm32.14.3.rel1.win32_1.0.100.202602081740/tools/bin/../lib/gcc/arm-none-eabi/14.3.1/../../../../arm-none-eabi/lib/thumb/v7e-m+dp/hard\libc_nano.a(libc_a-reent.o)
                              C:/ST/STM32CubeIDE_2.1.1/STM32CubeIDE/plugins/com.st.stm32cube.ide.mcu.externaltools.gnu-tools-for-stm32.14.3.rel1.win32_1.0.100.202602081740/tools/bin/../lib/gcc/arm-none-eabi/14.3.1/../../../../arm-none-eabi/lib/thumb/v7e-m+dp/hard\libc_nano.a(libc_a-closer.o) (errno)
C:/ST/STM32CubeIDE_2.1.1/STM32CubeIDE/plugins/com.st.stm32cube.ide.mcu.externaltools.gnu-tools-for-stm32.14.3.rel1.win32_1.0.100.202602081740/tools/bin/../lib/gcc/arm-none-eabi/14.3.1/../../../../arm-none-eabi/lib/thumb/v7e-m+dp/hard\libc_nano.a(libc_a-impure.o)
                              C:/ST/STM32CubeIDE_2.1.1/STM32CubeIDE/plugins/com.st.stm32cube.ide.mcu.externaltools.gnu-tools-for-stm32.14.3.rel1.win32_1.0.100.202602081740/tools/bin/../lib/gcc/arm-none-eabi/14.3.1/../../../../arm-none-eabi/lib/thumb/v7e-m+dp/hard\libc_nano.a(libc_a-reent.o) (_impure_ptr)
[...]
Memory Configuration

Name             Origin             Length             Attributes
FLASH            0x08020000         0x001e0000         xr
DTCMRAM          0x20000000         0x00020000         xrw
SHARED           0x24000000         0x00000040         xrw
RAM_D1           0x24000040         0x0007ffc0         xrw
RAM_D2           0x30000000         0x00048000         xrw
RAM_D3           0x38000000         0x00010000         xrw
ITCMRAM          0x00000000         0x00010000         xrw
*default*        0x00000000         0xffffffff

Linker script and memory map

LOAD C:/ST/STM32CubeIDE_2.1.1/STM32CubeIDE/plugins/com.st.stm32cube.ide.mcu.externaltools.gnu-tools-for-stm32.14.3.rel1.win32_1.0.100.202602081740/tools/bin/../lib/gcc/arm-none-eabi/14.3.1/thumb/v7e-m+dp/hard/crti.o
LOAD C:/ST/STM32CubeIDE_2.1.1/STM32CubeIDE/plugins/com.st.stm32cube.ide.mcu.externaltools.gnu-tools-for-stm32.14.3.rel1.win32_1.0.100.202602081740/tools/bin/../lib/gcc/arm-none-eabi/14.3.1/thumb/v7e-m+dp/hard/crtbegin.o
LOAD C:/ST/STM32CubeIDE_2.1.1/STM32CubeIDE/plugins/com.st.stm32cube.ide.mcu.externaltools.gnu-tools-for-stm32.14.3.rel1.win32_1.0.100.202602081740/tools/bin/../lib/gcc/arm-none-eabi/14.3.1/../../../../arm-none-eabi/lib/thumb/v7e-m+dp/hard/crt0.o
LOAD ./App/app.o
LOAD ./App/boot.o
LOAD ./App/led.o
LOAD ./App/net.o
LOAD ./App/shared_params.o
LOAD ./App/timer.o
LOAD ./Core/Src/main.o
LOAD ./Core/Src/stm32h7xx_hal_msp.o
LOAD ./Core/Src/stm32h7xx_it.o
LOAD ./Core/Src/syscalls.o
LOAD ./Core/Src/sysmem.o
LOAD ./Core/Src/system_stm32h7xx.o
LOAD ./Core/Startup/startup_stm32h743zitx.o
LOAD ./Drivers/STM32H7xx_HAL_Driver/Src/stm32h7xx_hal.o
LOAD ./Drivers/STM32H7xx_HAL_Driver/Src/stm32h7xx_hal_cortex.o
LOAD ./Drivers/STM32H7xx_HAL_Driver/Src/stm32h7xx_hal_dma.o
LOAD ./Drivers/STM32H7xx_HAL_Driver/Src/stm32h7xx_hal_dma_ex.o
LOAD ./Drivers/STM32H7xx_HAL_Driver/Src/stm32h7xx_hal_eth.o
LOAD ./Drivers/STM32H7xx_HAL_Driver/Src/stm32h7xx_hal_eth_ex.o
LOAD ./Drivers/STM32H7xx_HAL_Driver/Src/stm32h7xx_hal_exti.o
LOAD ./Drivers/STM32H7xx_HAL_Driver/Src/stm32h7xx_hal_fdcan.o
LOAD ./Drivers/STM32H7xx_HAL_Driver/Src/stm32h7xx_hal_flash.o
LOAD ./Drivers/STM32H7xx_HAL_Driver/Src/stm32h7xx_hal_flash_ex.o
LOAD ./Drivers/STM32H7xx_HAL_Driver/Src/stm32h7xx_hal_gpio.o
LOAD ./Drivers/STM32H7xx_HAL_Driver/Src/stm32h7xx_hal_hsem.o
LOAD ./Drivers/STM32H7xx_HAL_Driver/Src/stm32h7xx_hal_i2c.o
LOAD ./Drivers/STM32H7xx_HAL_Driver/Src/stm32h7xx_hal_i2c_ex.o
LOAD ./Drivers/STM32H7xx_HAL_Driver/Src/stm32h7xx_hal_mdma.o
LOAD ./Drivers/STM32H7xx_HAL_Driver/Src/stm32h7xx_hal_pwr.o
LOAD ./Drivers/STM32H7xx_HAL_Driver/Src/stm32h7xx_hal_pwr_ex.o
LOAD ./Drivers/STM32H7xx_HAL_Driver/Src/stm32h7xx_hal_rcc.o
LOAD ./Drivers/STM32H7xx_HAL_Driver/Src/stm32h7xx_hal_rcc_ex.o
LOAD ./Drivers/STM32H7xx_HAL_Driver/Src/stm32h7xx_hal_tim.o
LOAD ./Drivers/STM32H7xx_HAL_Driver/Src/stm32h7xx_hal_tim_ex.o
LOAD ./Drivers/STM32H7xx_HAL_Driver/Src/stm32h7xx_hal_uart.o
LOAD ./Drivers/STM32H7xx_HAL_Driver/Src/stm32h7xx_hal_uart_ex.o
LOAD ./Library/uip/clock-arch.o
LOAD ./Library/uip/lan8742.o
LOAD ./Library/uip/netdev.o
LOAD ./ThirdParty/uip/apps/dhcpc/dhcpc.o
LOAD ./ThirdParty/uip/uip/uip.o
LOAD ./ThirdParty/uip/uip/uip_arp.o
LOAD ./ThirdParty/uip/uip/uip_timer.o
LOAD ./ThirdParty/uip/uip/uiplib.o
START GROUP
LOAD C:/ST/STM32CubeIDE_2.1.1/STM32CubeIDE/plugins/com.st.stm32cube.ide.mcu.externaltools.gnu-tools-for-stm32.14.3.rel1.win32_1.0.100.202602081740/tools/bin/../lib/gcc/arm-none-eabi/14.3.1/../../../../arm-none-eabi/lib/thumb/v7e-m+dp/hard\libc_nano.a
LOAD C:/ST/STM32CubeIDE_2.1.1/STM32CubeIDE/plugins/com.st.stm32cube.ide.mcu.externaltools.gnu-tools-for-stm32.14.3.rel1.win32_1.0.100.202602081740/tools/bin/../lib/gcc/arm-none-eabi/14.3.1/../../../../arm-none-eabi/lib/thumb/v7e-m+dp/hard\libm.a
END GROUP
START GROUP
LOAD C:/ST/STM32CubeIDE_2.1.1/STM32CubeIDE/plugins/com.st.stm32cube.ide.mcu.externaltools.gnu-tools-for-stm32.14.3.rel1.win32_1.0.100.202602081740/tools/bin/../lib/gcc/arm-none-eabi/14.3.1/thumb/v7e-m+dp/hard\libgcc.a
LOAD C:/ST/STM32CubeIDE_2.1.1/STM32CubeIDE/plugins/com.st.stm32cube.ide.mcu.externaltools.gnu-tools-for-stm32.14.3.rel1.win32_1.0.100.202602081740/tools/bin/../lib/gcc/arm-none-eabi/14.3.1/../../../../arm-none-eabi/lib/thumb/v7e-m+dp/hard\libc_nano.a
END GROUP
START GROUP
LOAD C:/ST/STM32CubeIDE_2.1.1/STM32CubeIDE/plugins/com.st.stm32cube.ide.mcu.externaltools.gnu-tools-for-stm32.14.3.rel1.win32_1.0.100.202602081740/tools/bin/../lib/gcc/arm-none-eabi/14.3.1/thumb/v7e-m+dp/hard\libgcc.a
LOAD C:/ST/STM32CubeIDE_2.1.1/STM32CubeIDE/plugins/com.st.stm32cube.ide.mcu.externaltools.gnu-tools-for-stm32.14.3.rel1.win32_1.0.100.202602081740/tools/bin/../lib/gcc/arm-none-eabi/14.3.1/../../../../arm-none-eabi/lib/thumb/v7e-m+dp/hard\libc_nano.a
LOAD C:/ST/STM32CubeIDE_2.1.1/STM32CubeIDE/plugins/com.st.stm32cube.ide.mcu.externaltools.gnu-tools-for-stm32.14.3.rel1.win32_1.0.100.202602081740/tools/bin/../lib/gcc/arm-none-eabi/14.3.1/../../../../arm-none-eabi/lib/thumb/v7e-m+dp/hard\libnosys.a
END GROUP
START GROUP
LOAD C:/ST/STM32CubeIDE_2.1.1/STM32CubeIDE/plugins/com.st.stm32cube.ide.mcu.externaltools.gnu-tools-for-stm32.14.3.rel1.win32_1.0.100.202602081740/tools/bin/../lib/gcc/arm-none-eabi/14.3.1/thumb/v7e-m+dp/hard\libgcc.a
LOAD C:/ST/STM32CubeIDE_2.1.1/STM32CubeIDE/plugins/com.st.stm32cube.ide.mcu.externaltools.gnu-tools-for-stm32.14.3.rel1.win32_1.0.100.202602081740/tools/bin/../lib/gcc/arm-none-eabi/14.3.1/../../../../arm-none-eabi/lib/thumb/v7e-m+dp/hard\libc_nano.a
LOAD C:/ST/STM32CubeIDE_2.1.1/STM32CubeIDE/plugins/com.st.stm32cube.ide.mcu.externaltools.gnu-tools-for-stm32.14.3.rel1.win32_1.0.100.202602081740/tools/bin/../lib/gcc/arm-none-eabi/14.3.1/../../../../arm-none-eabi/lib/thumb/v7e-m+dp/hard\libnosys.a
END GROUP
LOAD C:/ST/STM32CubeIDE_2.1.1/STM32CubeIDE/plugins/com.st.stm32cube.ide.mcu.externaltools.gnu-tools-for-stm32.14.3.rel1.win32_1.0.100.202602081740/tools/bin/../lib/gcc/arm-none-eabi/14.3.1/thumb/v7e-m+dp/hard/crtend.o
LOAD C:/ST/STM32CubeIDE_2.1.1/STM32CubeIDE/plugins/com.st.stm32cube.ide.mcu.externaltools.gnu-tools-for-stm32.14.3.rel1.win32_1.0.100.202602081740/tools/bin/../lib/gcc/arm-none-eabi/14.3.1/thumb/v7e-m+dp/hard/crtn.o
                0x24080000                        _estack = (ORIGIN (RAM_D1) + LENGTH (RAM_D1))
                0x00000200                        _Min_Heap_Size = 0x200
                0x00000400                        _Min_Stack_Size = 0x400

.shared         0x24000000       0x40
                0x24000000                        . = ALIGN (0x4)
                0x24000000                        _sshared = .
                0x24000000                        __shared_start__ = _sshared
 *(.shared)
 .shared        0x24000000       0x40 ./App/shared_params.o
 *(.shared.*)
 *(.shared)
                0x24000040                        . = ALIGN (0x4)
                0x24000040                        _eshared = .
                0x24000040                        __shared_end__ = _eshared

.uip_sec        0x30000000    0x44e00 load address 0x08020000
                0x30040000                        . = ABSOLUTE (0x30040000)
 *fill*         0x30000000    0x40000 
 *(.RxDescripSection)
 .RxDescripSection
                0x30040000       0x60 ./Core/Src/main.o
                0x30040000                DMARxDscrTab
                0x30040100                        . = ABSOLUTE (0x30040100)
 *fill*         0x30040060       0xa0 
 *(.TxDescripSection)
 .TxDescripSection
                0x30040100       0x60 ./Core/Src/main.o
                0x30040100                DMATxDscrTab
                0x30040200                        . = ABSOLUTE (0x30040200)
 *fill*         0x30040160       0xa0 
 *(.RxBufSection)
 .RxBufSection  0x30040200     0x3100 ./Library/uip/netdev.o
                0x30044200                        . = ABSOLUTE (0x30044200)
 *fill*         0x30043300      0xf00 
 *(.TxBufSection)
 .TxBufSection  0x30044200      0xc00 ./Library/uip/netdev.o

.isr_vector     0x08020000      0x29c
                0x08020000                        . = ALIGN (0x4)
 *(.isr_vector)
 .isr_vector    0x08020000      0x29c ./Core/Startup/startup_stm32h743zitx.o
                0x08020000                g_pfnVectors
                0x0802029c                        . = ALIGN (0x4)

.text           0x0802029c     0x6b78
                0x0802029c                        . = ALIGN (0x4)
 *(.text)
 .text          0x0802029c       0x40 C:/ST/STM32CubeIDE_2.1.1/STM32CubeIDE/plugins/com.st.stm32cube.ide.mcu.externaltools.gnu-tools-for-stm32.14.3.rel1.win32_1.0.100.202602081740/tools/bin/../lib/gcc/arm-none-eabi/14.3.1/thumb/v7e-m+dp/hard/crtbegin.o
 *(.text*)
 .text.AppInit  0x080202dc       0x20 ./App/app.o
                0x080202dc                AppInit
 .text.AppTask  0x080202fc       0x10 ./App/app.o
                0x080202fc                AppTask
 .text.__NVIC_SystemReset
                0x0802030c       0x24 ./App/boot.o
 .text.CanCalculateBitTimingConfig
                0x08020330      0x12c ./App/boot.o
 .text.BootComCanInit
                0x0802045c       0xe0 ./App/boot.o
 .text.BootComInit
                0x0802053c        0x8 ./App/boot.o
                0x0802053c                BootComInit
 .text.BootActivate
                0x08020544        0x6 ./App/boot.o
                0x08020544                BootActivate
 *fill*         0x0802054a        0x2 
 .text.BootComCanCheckActivationRequest
                0x0802054c       0x4c ./App/boot.o
 .text.BootComCheckActivationRequest
                0x08020598        0x8 ./App/boot.o
                0x08020598                BootComCheckActivationRequest
 .text.LedInit  0x080205a0       0x14 ./App/led.o
                0x080205a0                LedInit
 .text.LedToggle
                0x080205b4       0x4c ./App/led.o
                0x080205b4                LedToggle
 .text.NetInit  0x08020600       0x80 ./App/net.o
                0x08020600                NetInit
 .text.NetApp   0x08020680       0x40 ./App/net.o
                0x08020680                NetApp
 .text.NetTask  0x080206c0      0x118 ./App/net.o
                0x080206c0                NetTask
 .text.SharedParamsCalculateChecksum
                0x080207d8       0x38 ./App/shared_params.o
 .text.SharedParamsVerifyChecksum
                0x08020810       0x1c ./App/shared_params.o
 .text.SharedParamsValidateBuffer
                0x0802082c       0x20 ./App/shared_params.o
 .text.SharedParamsFlushECC
                0x0802084c       0x50 ./App/shared_params.o
 .text.SharedParamsWriteChecksum
                0x0802089c       0x14 ./App/shared_params.o
 .text.SharedParamsInit
                0x080208b0       0x30 ./App/shared_params.o
                0x080208b0                SharedParamsInit
 .text.SharedParamsWriteByIndex
                0x080208e0       0x2c ./App/shared_params.o
                0x080208e0                SharedParamsWriteByIndex
 .text.TimerInit
                0x0802090c        0x2 ./App/timer.o
                0x0802090c                TimerInit
 .text.TimerGet
                0x0802090e        0x8 ./App/timer.o
                0x0802090e                TimerGet
 *fill*         0x08020916        0x2 
 .text.VectorBase_Config
                0x08020918       0x10 ./Core/Src/main.o
 .text.MPU_Config
                0x08020928       0x98 ./Core/Src/main.o
 .text.MX_GPIO_Init
                0x080209c0       0xe8 ./Core/Src/main.o
 .text.SystemClock_Config
                0x08020aa8       0xb4 ./Core/Src/main.o
                0x08020aa8                SystemClock_Config
 .text.main     0x08020b5c       0xb0 ./Core/Src/main.o
                0x08020b5c                main
 .text.Error_Handler
                0x08020c0c        0x2 ./Core/Src/main.o
                0x08020c0c                Error_Handler
 *fill*         0x08020c0e        0x2 
 .text.HAL_MspInit
                0x08020c10       0x24 ./Core/Src/stm32h7xx_hal_msp.o
                0x08020c10                HAL_MspInit
 .text.HAL_ETH_MspInit
                0x08020c34      0x13c ./Core/Src/stm32h7xx_hal_msp.o
                0x08020c34                HAL_ETH_MspInit
 .text.HAL_FDCAN_MspInit
                0x08020d70       0xb8 ./Core/Src/stm32h7xx_hal_msp.o
                0x08020d70                HAL_FDCAN_MspInit
 .text.NMI_Handler
                0x08020e28        0x2 ./Core/Src/stm32h7xx_it.o
                0x08020e28                NMI_Handler
 .text.HardFault_Handler
                0x08020e2a        0x2 ./Core/Src/stm32h7xx_it.o
                0x08020e2a                HardFault_Handler
 .text.MemManage_Handler
                0x08020e2c        0x2 ./Core/Src/stm32h7xx_it.o
                0x08020e2c                MemManage_Handler
 .text.BusFault_Handler
                0x08020e2e        0x2 ./Core/Src/stm32h7xx_it.o
                0x08020e2e                BusFault_Handler
 .text.UsageFault_Handler
                0x08020e30        0x2 ./Core/Src/stm32h7xx_it.o
                0x08020e30                UsageFault_Handler
 .text.SVC_Handler
                0x08020e32        0x2 ./Core/Src/stm32h7xx_it.o
                0x08020e32                SVC_Handler
 .text.DebugMon_Handler
                0x08020e34        0x2 ./Core/Src/stm32h7xx_it.o
                0x08020e34                DebugMon_Handler
 .text.PendSV_Handler
                0x08020e36        0x2 ./Core/Src/stm32h7xx_it.o
                0x08020e36                PendSV_Handler
 .text.SysTick_Handler
                0x08020e38        0x8 ./Core/Src/stm32h7xx_it.o
                0x08020e38                SysTick_Handler
 .text.SystemInit
                0x08020e40       0xd0 ./Core/Src/system_stm32h7xx.o
                0x08020e40                SystemInit
 .text.Reset_Handler
                0x08020f10       0x50 ./Core/Startup/startup_stm32h743zitx.o
                0x08020f10                Reset_Handler
 .text.Default_Handler
                0x08020f60        0x2 ./Core/Startup/startup_stm32h743zitx.o
                0x08020f60                RTC_Alarm_IRQHandler
                0x08020f60                EXTI2_IRQHandler
                0x08020f60                TIM8_CC_IRQHandler
                0x08020f60                HRTIM1_Master_IRQHandler
                0x08020f60                UART8_IRQHandler
                0x08020f60                SPI4_IRQHandler
                0x08020f60                TIM1_CC_IRQHandler
                0x08020f60                BDMA_Channel6_IRQHandler
                0x08020f60                DMA2_Stream5_IRQHandler
                0x08020f60                HRTIM1_FLT_IRQHandler
                0x08020f60                JPEG_IRQHandler
                0x08020f60                DMA1_Stream5_IRQHandler
                0x08020f60                BDMA_Channel1_IRQHandler
                0x08020f60                HRTIM1_TIMD_IRQHandler
                0x08020f60                TAMP_STAMP_IRQHandler
                0x08020f60                EXTI3_IRQHandler
                0x08020f60                LPTIM4_IRQHandler
                0x08020f60                TIM8_TRG_COM_TIM14_IRQHandler
                0x08020f60                LPTIM2_IRQHandler
                0x08020f60                DFSDM1_FLT1_IRQHandler
                0x08020f60                DMAMUX2_OVR_IRQHandler
                0x08020f60                TIM8_UP_TIM13_IRQHandler
                0x08020f60                I2C3_ER_IRQHandler
                0x08020f60                DFSDM1_FLT2_IRQHandler
                0x08020f60                MDMA_IRQHandler
                0x08020f60                LPTIM3_IRQHandler
                0x08020f60                HSEM1_IRQHandler
                0x08020f60                EXTI0_IRQHandler
                0x08020f60                I2C2_EV_IRQHandler
                0x08020f60                DMA1_Stream2_IRQHandler
                0x08020f60                FPU_IRQHandler
                0x08020f60                OTG_HS_WKUP_IRQHandler
                0x08020f60                FDCAN1_IT1_IRQHandler
                0x08020f60                LTDC_ER_IRQHandler
                0x08020f60                DMA2_Stream2_IRQHandler
                0x08020f60                HRTIM1_TIME_IRQHandler
                0x08020f60                SPI1_IRQHandler
                0x08020f60                TIM6_DAC_IRQHandler
                0x08020f60                DCMI_IRQHandler
                0x08020f60                HRTIM1_TIMC_IRQHandler
                0x08020f60                DMA2_Stream3_IRQHandler
                0x08020f60                SAI2_IRQHandler
                0x08020f60                DFSDM1_FLT3_IRQHandler
                0x08020f60                USART6_IRQHandler
                0x08020f60                TIM17_IRQHandler
                0x08020f60                USART3_IRQHandler
                0x08020f60                BDMA_Channel7_IRQHandler
                0x08020f60                LPTIM5_IRQHandler
                0x08020f60                UART5_IRQHandler
                0x08020f60                ADC3_IRQHandler
                0x08020f60                DMA2_Stream0_IRQHandler
                0x08020f60                TIM4_IRQHandler
                0x08020f60                BDMA_Channel2_IRQHandler
                0x08020f60                QUADSPI_IRQHandler
                0x08020f60                I2C1_EV_IRQHandler
                0x08020f60                DMA1_Stream6_IRQHandler
                0x08020f60                DMAMUX1_OVR_IRQHandler
                0x08020f60                DMA1_Stream1_IRQHandler
                0x08020f60                TIM16_IRQHandler
                0x08020f60                UART4_IRQHandler
                0x08020f60                BDMA_Channel5_IRQHandler
                0x08020f60                TIM3_IRQHandler
                0x08020f60                RCC_IRQHandler
                0x08020f60                TIM8_BRK_TIM12_IRQHandler
                0x08020f60                TIM1_TRG_COM_IRQHandler
                0x08020f60                Default_Handler
                0x08020f60                ECC_IRQHandler
                0x08020f60                CEC_IRQHandler
                0x08020f60                EXTI15_10_IRQHandler
                0x08020f60                BDMA_Channel0_IRQHandler
                0x08020f60                ADC_IRQHandler
                0x08020f60                DMA1_Stream7_IRQHandler
                0x08020f60                HRTIM1_TIMA_IRQHandler
                0x08020f60                SPI5_IRQHandler
                0x08020f60                TIM7_IRQHandler
                0x08020f60                SDMMC1_IRQHandler
                0x08020f60                TIM5_IRQHandler
                0x08020f60                DMA2_Stream7_IRQHandler
                0x08020f60                TIM15_IRQHandler
                0x08020f60                PVD_AVD_IRQHandler
                0x08020f60                I2C3_EV_IRQHandler
                0x08020f60                EXTI9_5_IRQHandler
                0x08020f60                RTC_WKUP_IRQHandler
                0x08020f60                LTDC_IRQHandler
                0x08020f60                SAI3_IRQHandler
                0x08020f60                ETH_WKUP_IRQHandler
                0x08020f60                SPDIF_RX_IRQHandler
                0x08020f60                SPI2_IRQHandler
                0x08020f60                OTG_HS_EP1_IN_IRQHandler
                0x08020f60                DMA1_Stream0_IRQHandler
                0x08020f60                CRS_IRQHandler
                0x08020f60                EXTI4_IRQHandler
                0x08020f60                RNG_IRQHandler
                0x08020f60                HRTIM1_TIMB_IRQHandler
                0x08020f60                FDCAN2_IT1_IRQHandler
                0x08020f60                ETH_IRQHandler
                0x08020f60                TIM1_UP_IRQHandler
                0x08020f60                BDMA_Channel4_IRQHandler
                0x08020f60                OTG_HS_EP1_OUT_IRQHandler
                0x08020f60                WWDG_IRQHandler
                0x08020f60                SPI6_IRQHandler
                0x08020f60                MDIOS_IRQHandler
                0x08020f60                I2C4_EV_IRQHandler
                0x08020f60                FDCAN2_IT0_IRQHandler
                0x08020f60                LPUART1_IRQHandler
                0x08020f60                FDCAN1_IT0_IRQHandler
                0x08020f60                TIM2_IRQHandler
                0x08020f60                OTG_FS_WKUP_IRQHandler
                0x08020f60                OTG_HS_IRQHandler
                0x08020f60                DMA2D_IRQHandler
                0x08020f60                TIM1_BRK_IRQHandler
                0x08020f60                EXTI1_IRQHandler
                0x08020f60                SDMMC2_IRQHandler
                0x08020f60                OTG_FS_EP1_OUT_IRQHandler
                0x08020f60                BDMA_Channel3_IRQHandler
                0x08020f60                UART7_IRQHandler
                0x08020f60                MDIOS_WKUP_IRQHandler
                0x08020f60                USART2_IRQHandler
                0x08020f60                DFSDM1_FLT0_IRQHandler
                0x08020f60                SAI4_IRQHandler
                0x08020f60                I2C2_ER_IRQHandler
                0x08020f60                DMA2_Stream1_IRQHandler
                0x08020f60                FLASH_IRQHandler
                0x08020f60                DMA2_Stream4_IRQHandler
                0x08020f60                USART1_IRQHandler
                0x08020f60                OTG_FS_IRQHandler
                0x08020f60                SPI3_IRQHandler
                0x08020f60                WAKEUP_PIN_IRQHandler
                0x08020f60                DMA1_Stream4_IRQHandler
                0x08020f60                OTG_FS_EP1_IN_IRQHandler
                0x08020f60                I2C1_ER_IRQHandler
                0x08020f60                FMC_IRQHandler
                0x08020f60                FDCAN_CAL_IRQHandler
                0x08020f60                SWPMI1_IRQHandler
                0x08020f60                COMP1_IRQHandler
                0x08020f60                LPTIM1_IRQHandler
                0x08020f60                I2C4_ER_IRQHandler
                0x08020f60                DMA2_Stream6_IRQHandler
                0x08020f60                SAI1_IRQHandler
                0x08020f60                DMA1_Stream3_IRQHandler
 *fill*         0x08020f62        0x2 
 .text.HAL_InitTick
                0x08020f64       0x50 ./Drivers/STM32H7xx_HAL_Driver/Src/stm32h7xx_hal.o
                0x08020f64                HAL_InitTick
 .text.HAL_Init
                0x08020fb4       0x5c ./Drivers/STM32H7xx_HAL_Driver/Src/stm32h7xx_hal.o
                0x08020fb4                HAL_Init
 .text.HAL_IncTick
                0x08021010       0x18 ./Drivers/STM32H7xx_HAL_Driver/Src/stm32h7xx_hal.o
                0x08021010                HAL_IncTick
 .text.HAL_GetTick
                0x08021028        0xc ./Drivers/STM32H7xx_HAL_Driver/Src/stm32h7xx_hal.o
                0x08021028                HAL_GetTick
 .text.HAL_GetREVID
                0x08021034        0xc ./Drivers/STM32H7xx_HAL_Driver/Src/stm32h7xx_hal.o
                0x08021034                HAL_GetREVID
 .text.HAL_SYSCFG_ETHInterfaceSelect
                0x08021040       0x14 ./Drivers/STM32H7xx_HAL_Driver/Src/stm32h7xx_hal.o
                0x08021040                HAL_SYSCFG_ETHInterfaceSelect
 .text.__NVIC_SetPriority
                0x08021054       0x24 ./Drivers/STM32H7xx_HAL_Driver/Src/stm32h7xx_hal_cortex.o
 .text.NVIC_EncodePriority
                0x08021078       0x3c ./Drivers/STM32H7xx_HAL_Driver/Src/stm32h7xx_hal_cortex.o
 .text.HAL_NVIC_SetPriorityGrouping
                0x080210b4       0x24 ./Drivers/STM32H7xx_HAL_Driver/Src/stm32h7xx_hal_cortex.o
                0x080210b4                HAL_NVIC_SetPriorityGrouping
 .text.HAL_NVIC_SetPriority
                0x080210d8       0x20 ./Drivers/STM32H7xx_HAL_Driver/Src/stm32h7xx_hal_cortex.o
                0x080210d8                HAL_NVIC_SetPriority
 .text.HAL_SYSTICK_Config
                0x080210f8       0x28 ./Drivers/STM32H7xx_HAL_Driver/Src/stm32h7xx_hal_cortex.o
                0x080210f8                HAL_SYSTICK_Config
 .text.HAL_MPU_Disable
                0x08021120       0x1c ./Drivers/STM32H7xx_HAL_Driver/Src/stm32h7xx_hal_cortex.o
                0x08021120                HAL_MPU_Disable
 .text.HAL_MPU_Enable
                0x0802113c       0x20 ./Drivers/STM32H7xx_HAL_Driver/Src/stm32h7xx_hal_cortex.o
                0x0802113c                HAL_MPU_Enable
 .text.HAL_MPU_ConfigRegion
                0x0802115c       0x58 ./Drivers/STM32H7xx_HAL_Driver/Src/stm32h7xx_hal_cortex.o
                0x0802115c                HAL_MPU_ConfigRegion
 .text.ETH_UpdateDescriptor
                0x080211b4       0xa2 ./Drivers/STM32H7xx_HAL_Driver/Src/stm32h7xx_hal_eth.o
 *fill*         0x08021256        0x2 
 .text.ETH_SetMACConfig
                0x08021258      0x1b0 ./Drivers/STM32H7xx_HAL_Driver/Src/stm32h7xx_hal_eth.o
 .text.ETH_SetDMAConfig
                0x08021408       0xac ./Drivers/STM32H7xx_HAL_Driver/Src/stm32h7xx_hal_eth.o
 .text.ETH_MACDMAConfig
                0x080214b4       0xdc ./Drivers/STM32H7xx_HAL_Driver/Src/stm32h7xx_hal_eth.o
 .text.ETH_DMATxDescListInit
                0x08021590       0x5a ./Drivers/STM32H7xx_HAL_Driver/Src/stm32h7xx_hal_eth.o
 .text.ETH_DMARxDescListInit
                0x080215ea       0x6c ./Drivers/STM32H7xx_HAL_Driver/Src/stm32h7xx_hal_eth.o
 *fill*         0x08021656        0x2 
 .text.ETH_Prepare_Tx_Descriptors
                0x08021658      0x354 ./Drivers/STM32H7xx_HAL_Driver/Src/stm32h7xx_hal_eth.o
 .text.HAL_ETH_Start
                0x080219ac       0x80 ./Drivers/STM32H7xx_HAL_Driver/Src/stm32h7xx_hal_eth.o
                0x080219ac                HAL_ETH_Start
 .text.HAL_ETH_Transmit
                0x08021a2c       0xd0 ./Drivers/STM32H7xx_HAL_Driver/Src/stm32h7xx_hal_eth.o
                0x08021a2c                HAL_ETH_Transmit
 .text.HAL_ETH_ReadData
                0x08021afc      0x124 ./Drivers/STM32H7xx_HAL_Driver/Src/stm32h7xx_hal_eth.o
                0x08021afc                HAL_ETH_ReadData
 .text.HAL_ETH_ReadPHYRegister
                0x08021c20       0x60 ./Drivers/STM32H7xx_HAL_Driver/Src/stm32h7xx_hal_eth.o
                0x08021c20                HAL_ETH_ReadPHYRegister
 .text.HAL_ETH_WritePHYRegister
                0x08021c80       0x68 ./Drivers/STM32H7xx_HAL_Driver/Src/stm32h7xx_hal_eth.o
                0x08021c80                HAL_ETH_WritePHYRegister
 .text.HAL_ETH_GetMACConfig
                0x08021ce8      0x1e6 ./Drivers/STM32H7xx_HAL_Driver/Src/stm32h7xx_hal_eth.o
                0x08021ce8                HAL_ETH_GetMACConfig
 .text.HAL_ETH_SetMACConfig
                0x08021ece       0x1c ./Drivers/STM32H7xx_HAL_Driver/Src/stm32h7xx_hal_eth.o
                0x08021ece                HAL_ETH_SetMACConfig
 *fill*         0x08021eea        0x2 
 .text.HAL_ETH_SetMDIOClockRange
                0x08021eec       0x68 ./Drivers/STM32H7xx_HAL_Driver/Src/stm32h7xx_hal_eth.o
                0x08021eec                HAL_ETH_SetMDIOClockRange
 .text.HAL_ETH_Init
                0x08021f54      0x16c ./Drivers/STM32H7xx_HAL_Driver/Src/stm32h7xx_hal_eth.o
                0x08021f54                HAL_ETH_Init
 .text.FDCAN_CalculateRamBlockAddresses
                0x080220c0      0x1d4 ./Drivers/STM32H7xx_HAL_Driver/Src/stm32h7xx_hal_fdcan.o
 .text.HAL_FDCAN_Init
                0x08022294      0x294 ./Drivers/STM32H7xx_HAL_Driver/Src/stm32h7xx_hal_fdcan.o
                0x08022294                HAL_FDCAN_Init
 .text.HAL_FDCAN_ConfigFilter
                0x08022528       0x8a ./Drivers/STM32H7xx_HAL_Driver/Src/stm32h7xx_hal_fdcan.o
                0x08022528                HAL_FDCAN_ConfigFilter
 .text.HAL_FDCAN_ConfigGlobalFilter
                0x080225b2       0x32 ./Drivers/STM32H7xx_HAL_Driver/Src/stm32h7xx_hal_fdcan.o
                0x080225b2                HAL_FDCAN_ConfigGlobalFilter
 .text.HAL_FDCAN_Start
                0x080225e4       0x32 ./Drivers/STM32H7xx_HAL_Driver/Src/stm32h7xx_hal_fdcan.o
                0x080225e4                HAL_FDCAN_Start
 *fill*         0x08022616        0x2 
 .text.HAL_FDCAN_GetRxMessage
                0x08022618      0x1ec ./Drivers/STM32H7xx_HAL_Driver/Src/stm32h7xx_hal_fdcan.o
                0x08022618                HAL_FDCAN_GetRxMessage
 .text.HAL_FDCAN_GetRxFifoFillLevel
                0x08022804       0x1c ./Drivers/STM32H7xx_HAL_Driver/Src/stm32h7xx_hal_fdcan.o
                0x08022804                HAL_FDCAN_GetRxFifoFillLevel
 .text.HAL_GPIO_Init
                0x08022820      0x22c ./Drivers/STM32H7xx_HAL_Driver/Src/stm32h7xx_hal_gpio.o
                0x08022820                HAL_GPIO_Init
 .text.HAL_GPIO_WritePin
                0x08022a4c        0xc ./Drivers/STM32H7xx_HAL_Driver/Src/stm32h7xx_hal_gpio.o
                0x08022a4c                HAL_GPIO_WritePin
 .text.HAL_PWREx_ConfigSupply
                0x08022a58       0x54 ./Drivers/STM32H7xx_HAL_Driver/Src/stm32h7xx_hal_pwr_ex.o
                0x08022a58                HAL_PWREx_ConfigSupply
 .text.HAL_RCC_OscConfig
                0x08022aac      0x6b0 ./Drivers/STM32H7xx_HAL_Driver/Src/stm32h7xx_hal_rcc.o
                0x08022aac                HAL_RCC_OscConfig
 .text.HAL_RCC_GetSysClockFreq
                0x0802315c      0x1f8 ./Drivers/STM32H7xx_HAL_Driver/Src/stm32h7xx_hal_rcc.o
                0x0802315c                HAL_RCC_GetSysClockFreq
 .text.HAL_RCC_ClockConfig
                0x08023354      0x294 ./Drivers/STM32H7xx_HAL_Driver/Src/stm32h7xx_hal_rcc.o
                0x08023354                HAL_RCC_ClockConfig
 .text.HAL_RCC_GetHCLKFreq
                0x080235e8       0x44 ./Drivers/STM32H7xx_HAL_Driver/Src/stm32h7xx_hal_rcc.o
                0x080235e8                HAL_RCC_GetHCLKFreq
 .text.HAL_RCC_GetPCLK1Freq
                0x0802362c       0x24 ./Drivers/STM32H7xx_HAL_Driver/Src/stm32h7xx_hal_rcc.o
                0x0802362c                HAL_RCC_GetPCLK1Freq
 .text.RCCEx_PLL2_Config
                0x08023650      0x108 ./Drivers/STM32H7xx_HAL_Driver/Src/stm32h7xx_hal_rcc_ex.o
 .text.RCCEx_PLL3_Config
                0x08023758      0x108 ./Drivers/STM32H7xx_HAL_Driver/Src/stm32h7xx_hal_rcc_ex.o
 .text.HAL_RCCEx_PeriphCLKConfig
                0x08023860      0xab8 ./Drivers/STM32H7xx_HAL_Driver/Src/stm32h7xx_hal_rcc_ex.o
                0x08023860                HAL_RCCEx_PeriphCLKConfig
 .text.HAL_RCCEx_GetD3PCLK1Freq
                0x08024318       0x24 ./Drivers/STM32H7xx_HAL_Driver/Src/stm32h7xx_hal_rcc_ex.o
                0x08024318                HAL_RCCEx_GetD3PCLK1Freq
 .text.HAL_RCCEx_GetPLL2ClockFreq
                0x0802433c      0x200 ./Drivers/STM32H7xx_HAL_Driver/Src/stm32h7xx_hal_rcc_ex.o
                0x0802433c                HAL_RCCEx_GetPLL2ClockFreq
 .text.HAL_RCCEx_GetPLL3ClockFreq
                0x0802453c      0x200 ./Drivers/STM32H7xx_HAL_Driver/Src/stm32h7xx_hal_rcc_ex.o
                0x0802453c                HAL_RCCEx_GetPLL3ClockFreq
 .text.HAL_RCCEx_GetPLL1ClockFreq
                0x0802473c      0x200 ./Drivers/STM32H7xx_HAL_Driver/Src/stm32h7xx_hal_rcc_ex.o
                0x0802473c                HAL_RCCEx_GetPLL1ClockFreq
 .text.HAL_RCCEx_GetPeriphCLKFreq
                0x0802493c      0x6dc ./Drivers/STM32H7xx_HAL_Driver/Src/stm32h7xx_hal_rcc_ex.o
                0x0802493c                HAL_RCCEx_GetPeriphCLKFreq
 .text.clock_time
                0x08025018        0x8 ./Library/uip/clock-arch.o
                0x08025018                clock_time
 .text.LAN8742_RegisterBusIO
                0x08025020       0x3e ./Library/uip/lan8742.o
                0x08025020                LAN8742_RegisterBusIO
 .text.LAN8742_Init
                0x0802505e       0xd0 ./Library/uip/lan8742.o
                0x0802505e                LAN8742_Init
 .text.LAN8742_GetLinkState
                0x0802512e       0xc2 ./Library/uip/lan8742.o
                0x0802512e                LAN8742_GetLinkState
 .text.rxbuf_alloc
                0x080251f0       0x3c ./Library/uip/netdev.o
 .text.rxbuf_free
                0x0802522c       0x3c ./Library/uip/netdev.o
 .text.txbuf_alloc
                0x08025268       0x38 ./Library/uip/netdev.o
 .text.txbuf_free
                0x080252a0       0x34 ./Library/uip/netdev.o
 .text.ETH_PHY_IO_DeInit
                0x080252d4        0x4 ./Library/uip/netdev.o
 .text.ETH_PHY_IO_GetTick
                0x080252d8        0x8 ./Library/uip/netdev.o
 .text.ETH_PHY_IO_ReadReg
                0x080252e0       0x1c ./Library/uip/netdev.o
 .text.ETH_PHY_IO_WriteReg
                0x080252fc       0x1c ./Library/uip/netdev.o
 .text.ETH_PHY_IO_Init
                0x08025318       0x10 ./Library/uip/netdev.o
 .text.netdev_init
                0x08025328       0xc4 ./Library/uip/netdev.o
                0x08025328                netdev_init
 .text.netdev_init_mac
                0x080253ec       0x28 ./Library/uip/netdev.o
                0x080253ec                netdev_init_mac
 .text.netdev_get_mac
                0x08025414       0x20 ./Library/uip/netdev.o
                0x08025414                netdev_get_mac
 .text.netdev_read
                0x08025434       0x64 ./Library/uip/netdev.o
                0x08025434                netdev_read
 .text.netdev_send
                0x08025498       0x68 ./Library/uip/netdev.o
                0x08025498                netdev_send
 .text.HAL_ETH_RxAllocateCallback
                0x08025500        0xc ./Library/uip/netdev.o
                0x08025500                HAL_ETH_RxAllocateCallback
 .text.HAL_ETH_RxLinkCallback
                0x0802550c       0x68 ./Library/uip/netdev.o
                0x0802550c                HAL_ETH_RxLinkCallback
 .text.add_msg_type
                0x08025574        0xe ./ThirdParty/uip/apps/dhcpc/dhcpc.o
 *fill*         0x08025582        0x2 
 .text.add_server_id
                0x08025584       0x18 ./ThirdParty/uip/apps/dhcpc/dhcpc.o
 .text.add_req_ipaddr
                0x0802559c       0x18 ./ThirdParty/uip/apps/dhcpc/dhcpc.o
 .text.add_req_options
                0x080255b4       0x16 ./ThirdParty/uip/apps/dhcpc/dhcpc.o
 .text.add_end  0x080255ca        0x8 ./ThirdParty/uip/apps/dhcpc/dhcpc.o
 *fill*         0x080255d2        0x2 
 .text.parse_options
                0x080255d4       0x78 ./ThirdParty/uip/apps/dhcpc/dhcpc.o
 .text.dhcpc_configured
                0x0802564c       0x2c ./ThirdParty/uip/apps/dhcpc/dhcpc.o
 .text.create_msg
                0x08025678       0x80 ./ThirdParty/uip/apps/dhcpc/dhcpc.o
 .text.send_discover
                0x080256f8       0x30 ./ThirdParty/uip/apps/dhcpc/dhcpc.o
 .text.send_request
                0x08025728       0x34 ./ThirdParty/uip/apps/dhcpc/dhcpc.o
 .text.parse_msg
                0x0802575c       0x58 ./ThirdParty/uip/apps/dhcpc/dhcpc.o
 .text.dhcpc_init
                0x080257b4       0x3c ./ThirdParty/uip/apps/dhcpc/dhcpc.o
                0x080257b4                dhcpc_init
 .text.dhcpc_request
                0x080257f0       0x1c ./ThirdParty/uip/apps/dhcpc/dhcpc.o
                0x080257f0                dhcpc_request
 .text.handle_dhcp
                0x0802580c      0x29c ./ThirdParty/uip/apps/dhcpc/dhcpc.o
 .text.dhcpc_appcall
                0x08025aa8        0x8 ./ThirdParty/uip/apps/dhcpc/dhcpc.o
                0x08025aa8                dhcpc_appcall
 .text.chksum   0x08025ab0       0x3e ./ThirdParty/uip/uip/uip.o
 *fill*         0x08025aee        0x2 
 .text.uip_add32
                0x08025af0       0x68 ./ThirdParty/uip/uip/uip.o
                0x08025af0                uip_add32
 .text.uip_add_rcv_nxt
                0x08025b58       0x2c ./ThirdParty/uip/uip/uip.o
 .text.uip_init
                0x08025b84       0x80 ./ThirdParty/uip/uip/uip.o
                0x08025b84                uip_init
 .text.uip_listen
                0x08025c04       0x30 ./ThirdParty/uip/uip/uip.o
                0x08025c04                uip_listen
 .text.htons    0x08025c34        0xa ./ThirdParty/uip/uip/uip.o
                0x08025c34                htons
 *fill*         0x08025c3e        0x2 
 .text.uip_ipchksum
                0x08025c40       0x20 ./ThirdParty/uip/uip/uip.o
                0x08025c40                uip_ipchksum
 .text.upper_layer_chksum
                0x08025c60       0x3c ./ThirdParty/uip/uip/uip.o
 .text.uip_tcpchksum
                0x08025c9c        0xa ./ThirdParty/uip/uip/uip.o
                0x08025c9c                uip_tcpchksum
 *fill*         0x08025ca6        0x2 
 .text.uip_process
                0x08025ca8      0xc2c ./ThirdParty/uip/uip/uip.o
                0x08025ca8                uip_process
 .text.uip_udp_new
                0x080268d4       0xa0 ./ThirdParty/uip/uip/uip.o
                0x080268d4                uip_udp_new
 .text.uip_send
                0x08026974       0x28 ./ThirdParty/uip/uip/uip.o
                0x08026974                uip_send
 .text.uip_arp_update
                0x0802699c      0x10c ./ThirdParty/uip/uip/uip_arp.o
 .text.uip_arp_timer
                0x08026aa8       0x60 ./ThirdParty/uip/uip/uip_arp.o
                0x08026aa8                uip_arp_timer
 .text.uip_arp_arpin
                0x08026b08       0xe0 ./ThirdParty/uip/uip/uip_arp.o
                0x08026b08                uip_arp_arpin
 .text.uip_arp_out
                0x08026be8      0x158 ./ThirdParty/uip/uip/uip_arp.o
                0x08026be8                uip_arp_out
 .text.timer_set
                0x08026d40        0xe ./ThirdParty/uip/uip/uip_timer.o
                0x08026d40                timer_set
 .text.timer_expired
                0x08026d4e       0x18 ./ThirdParty/uip/uip/uip_timer.o
                0x08026d4e                timer_expired
 .text.memcmp   0x08026d66       0x20 C:/ST/STM32CubeIDE_2.1.1/STM32CubeIDE/plugins/com.st.stm32cube.ide.mcu.externaltools.gnu-tools-for-stm32.14.3.rel1.win32_1.0.100.202602081740/tools/bin/../lib/gcc/arm-none-eabi/14.3.1/../../../../arm-none-eabi/lib/thumb/v7e-m+dp/hard\libc_nano.a(libc_a-memcmp.o)
                0x08026d66                memcmp
 .text.memset   0x08026d86       0x10 C:/ST/STM32CubeIDE_2.1.1/STM32CubeIDE/plugins/com.st.stm32cube.ide.mcu.externaltools.gnu-tools-for-stm32.14.3.rel1.win32_1.0.100.202602081740/tools/bin/../lib/gcc/arm-none-eabi/14.3.1/../../../../arm-none-eabi/lib/thumb/v7e-m+dp/hard\libc_nano.a(libc_a-memset.o)
                0x08026d86                memset
 *fill*         0x08026d96        0x2 
 .text.__libc_init_array
                0x08026d98       0x48 C:/ST/STM32CubeIDE_2.1.1/STM32CubeIDE/plugins/com.st.stm32cube.ide.mcu.externaltools.gnu-tools-for-stm32.14.3.rel1.win32_1.0.100.202602081740/tools/bin/../lib/gcc/arm-none-eabi/14.3.1/../../../../arm-none-eabi/lib/thumb/v7e-m+dp/hard\libc_nano.a(libc_a-init.o)
                0x08026d98                __libc_init_array
 .text.memcpy   0x08026de0       0x1c C:/ST/STM32CubeIDE_2.1.1/STM32CubeIDE/plugins/com.st.stm32cube.ide.mcu.externaltools.gnu-tools-for-stm32.14.3.rel1.win32_1.0.100.202602081740/tools/bin/../lib/gcc/arm-none-eabi/14.3.1/../../../../arm-none-eabi/lib/thumb/v7e-m+dp/hard\libc_nano.a(libc_a-memcpy-stub.o)
                0x08026de0                memcpy
 *(.glue_7)
 .glue_7        0x08026dfc        0x0 linker stubs
 *(.glue_7t)
 .glue_7t       0x08026dfc        0x0 linker stubs
 *(.eh_frame)
 .eh_frame      0x08026dfc        0x0 C:/ST/STM32CubeIDE_2.1.1/STM32CubeIDE/plugins/com.st.stm32cube.ide.mcu.externaltools.gnu-tools-for-stm32.14.3.rel1.win32_1.0.100.202602081740/tools/bin/../lib/gcc/arm-none-eabi/14.3.1/thumb/v7e-m+dp/hard/crtbegin.o
 *(.init)
 .init          0x08026dfc        0x4 C:/ST/STM32CubeIDE_2.1.1/STM32CubeIDE/plugins/com.st.stm32cube.ide.mcu.externaltools.gnu-tools-for-stm32.14.3.rel1.win32_1.0.100.202602081740/tools/bin/../lib/gcc/arm-none-eabi/14.3.1/thumb/v7e-m+dp/hard/crti.o
                0x08026dfc                _init
 .init          0x08026e00        0x8 C:/ST/STM32CubeIDE_2.1.1/STM32CubeIDE/plugins/com.st.stm32cube.ide.mcu.externaltools.gnu-tools-for-stm32.14.3.rel1.win32_1.0.100.202602081740/tools/bin/../lib/gcc/arm-none-eabi/14.3.1/thumb/v7e-m+dp/hard/crtn.o
 *(.fini)
 .fini          0x08026e08        0x4 C:/ST/STM32CubeIDE_2.1.1/STM32CubeIDE/plugins/com.st.stm32cube.ide.mcu.externaltools.gnu-tools-for-stm32.14.3.rel1.win32_1.0.100.202602081740/tools/bin/../lib/gcc/arm-none-eabi/14.3.1/thumb/v7e-m+dp/hard/crti.o
                0x08026e08                _fini
 .fini          0x08026e0c        0x8 C:/ST/STM32CubeIDE_2.1.1/STM32CubeIDE/plugins/com.st.stm32cube.ide.mcu.externaltools.gnu-tools-for-stm32.14.3.rel1.win32_1.0.100.202602081740/tools/bin/../lib/gcc/arm-none-eabi/14.3.1/thumb/v7e-m+dp/hard/crtn.o
                0x08026e14                        . = ALIGN (0x4)
                0x08026e14                        _etext = .

.vfp11_veneer   0x08026e14        0x0
 .vfp11_veneer  0x08026e14        0x0 linker stubs

.v4_bx          0x08026e14        0x0
 .v4_bx         0x08026e14        0x0 linker stubs

.iplt           0x08026e14        0x0
 .iplt          0x08026e14        0x0 C:/ST/STM32CubeIDE_2.1.1/STM32CubeIDE/plugins/com.st.stm32cube.ide.mcu.externaltools.gnu-tools-for-stm32.14.3.rel1.win32_1.0.100.202602081740/tools/bin/../lib/gcc/arm-none-eabi/14.3.1/thumb/v7e-m+dp/hard/crtbegin.o

.rodata         0x08026e14       0x88
                0x08026e14                        . = ALIGN (0x4)
 *(.rodata)
 .rodata        0x08026e14       0x4c ./Drivers/STM32H7xx_HAL_Driver/Src/stm32h7xx_hal_fdcan.o
 *(.rodata*)
 .rodata.D1CorePrescTable
                0x08026e60       0x10 ./Core/Src/system_stm32h7xx.o
                0x08026e60                D1CorePrescTable
 .rodata.DLCtoBytes
                0x08026e70       0x10 ./Drivers/STM32H7xx_HAL_Driver/Src/stm32h7xx_hal_fdcan.o
 .rodata.create_msg.str1.4
                0x08026e80       0x17 ./ThirdParty/uip/apps/dhcpc/dhcpc.o
                                  0xd (size before relaxing)
 *fill*         0x08026e97        0x1 
 .rodata.xid    0x08026e98        0x4 ./ThirdParty/uip/apps/dhcpc/dhcpc.o
 .rodata.uip_arp_out.str1.4
                0x08026e9c        0x7 ./ThirdParty/uip/uip/uip_arp.o
                0x08026ea4                        . = ALIGN (0x4)

.ARM.extab
 *(.ARM.extab* .gnu.linkonce.armextab.*)

.ARM            0x08026e9c        0x0
                0x08026e9c                        __exidx_start = .
 *(.ARM.exidx*)
                0x08026e9c                        __exidx_end = .

.preinit_array  0x08026e9c        0x0
                0x08026e9c                        PROVIDE (__preinit_array_start = .)
 *(.preinit_array*)
                0x08026e9c                        PROVIDE (__preinit_array_end = .)

.init_array     0x08026e9c        0x4
                0x08026e9c                        PROVIDE (__init_array_start = .)
 *(SORT_BY_NAME(.init_array.*))
 *(.init_array*)
 .init_array    0x08026e9c        0x4 C:/ST/STM32CubeIDE_2.1.1/STM32CubeIDE/plugins/com.st.stm32cube.ide.mcu.externaltools.gnu-tools-for-stm32.14.3.rel1.win32_1.0.100.202602081740/tools/bin/../lib/gcc/arm-none-eabi/14.3.1/thumb/v7e-m+dp/hard/crtbegin.o
                0x08026ea0                        PROVIDE (__init_array_end = .)

.fini_array     0x08026ea0        0x4
                [!provide]                        PROVIDE (__fini_array_start = .)
 *(SORT_BY_NAME(.fini_array.*))
 *(.fini_array*)
 .fini_array    0x08026ea0        0x4 C:/ST/STM32CubeIDE_2.1.1/STM32CubeIDE/plugins/com.st.stm32cube.ide.mcu.externaltools.gnu-tools-for-stm32.14.3.rel1.win32_1.0.100.202602081740/tools/bin/../lib/gcc/arm-none-eabi/14.3.1/thumb/v7e-m+dp/hard/crtbegin.o
                [!provide]                        PROVIDE (__fini_array_end = .)
                0x08026ea4                        _sidata = LOADADDR (.data)

.rel.dyn        0x08026ea4        0x0
 .rel.iplt      0x08026ea4        0x0 C:/ST/STM32CubeIDE_2.1.1/STM32CubeIDE/plugins/com.st.stm32cube.ide.mcu.externaltools.gnu-tools-for-stm32.14.3.rel1.win32_1.0.100.202602081740/tools/bin/../lib/gcc/arm-none-eabi/14.3.1/thumb/v7e-m+dp/hard/crtbegin.o

.data           0x24000040       0x24 load address 0x08026ea4
                0x24000040                        . = ALIGN (0x4)
                0x24000040                        _sdata = .
 *(.data)
 *(.data*)
 .data.SystemD2Clock
                0x24000040        0x4 ./Core/Src/system_stm32h7xx.o
                0x24000040                SystemD2Clock
 .data.SystemCoreClock
                0x24000044        0x4 ./Core/Src/system_stm32h7xx.o
                0x24000044                SystemCoreClock
 .data.uwTickFreq
                0x24000048        0x1 ./Drivers/STM32H7xx_HAL_Driver/Src/stm32h7xx_hal.o
                0x24000048                uwTickFreq
 *fill*         0x24000049        0x3 
 .data.uwTickPrio
                0x2400004c        0x4 ./Drivers/STM32H7xx_HAL_Driver/Src/stm32h7xx_hal.o
                0x2400004c                uwTickPrio
 .data.lan8742IOCtx
                0x24000050       0x14 ./Library/uip/netdev.o
 *(.RamFunc)
 *(.RamFunc*)
                0x24000064                        . = ALIGN (0x4)
                0x24000064                        _edata = .

.igot.plt       0x24000064        0x0 load address 0x08026ec8
 .igot.plt      0x24000064        0x0 C:/ST/STM32CubeIDE_2.1.1/STM32CubeIDE/plugins/com.st.stm32cube.ide.mcu.externaltools.gnu-tools-for-stm32.14.3.rel1.win32_1.0.100.202602081740/tools/bin/../lib/gcc/arm-none-eabi/14.3.1/thumb/v7e-m+dp/hard/crtbegin.o
                0x24000064                        . = ALIGN (0x4)

.bss            0x24000064      0x8ec load address 0x08026ec8
                0x24000064                        _sbss = .
                0x24000064                        __bss_start__ = _sbss
 *(.bss)
 .bss           0x24000064       0x1c C:/ST/STM32CubeIDE_2.1.1/STM32CubeIDE/plugins/com.st.stm32cube.ide.mcu.externaltools.gnu-tools-for-stm32.14.3.rel1.win32_1.0.100.202602081740/tools/bin/../lib/gcc/arm-none-eabi/14.3.1/thumb/v7e-m+dp/hard/crtbegin.o
 *(.bss*)
 .bss.canHandle
                0x24000080       0xa0 ./App/boot.o
 .bss.led_toggle_state.0
                0x24000120        0x1 ./App/led.o
 *fill*         0x24000121        0x3 
 .bss.timer_counter_last.1
                0x24000124        0x4 ./App/led.o
 .bss.macAddress
                0x24000128        0x6 ./App/net.o
 *fill*         0x2400012e        0x2 
 .bss.ARPTimerTimeOut
                0x24000130        0x4 ./App/net.o
 .bss.periodicTimerTimeOut
                0x24000134        0x4 ./App/net.o
 .bss.heth      0x24000138       0xb0 ./Core/Src/main.o
                0x24000138                heth
 .bss.uwTick    0x240001e8        0x4 ./Drivers/STM32H7xx_HAL_Driver/Src/stm32h7xx_hal.o
                0x240001e8                uwTick
 .bss.txBufAllocFlags
                0x240001ec        0x4 ./Library/uip/netdev.o
 .bss.rxBufAllocFlags
                0x240001f0        0x4 ./Library/uip/netdev.o
 .bss.lan8742Object
                0x240001f4       0x20 ./Library/uip/netdev.o
 .bss.macAddress
                0x24000214        0x6 ./Library/uip/netdev.o
 *fill*         0x2400021a        0x2 
 .bss.s         0x2400021c       0x34 ./ThirdParty/uip/apps/dhcpc/dhcpc.o
 .bss.tmp16     0x24000250        0x2 ./ThirdParty/uip/uip/uip.o
 .bss.opt       0x24000252        0x1 ./ThirdParty/uip/uip/uip.o
 .bss.c         0x24000253        0x1 ./ThirdParty/uip/uip/uip.o
 .bss.uip_acc32
                0x24000254        0x4 ./ThirdParty/uip/uip/uip.o
                0x24000254                uip_acc32
 .bss.lastport  0x24000258        0x2 ./ThirdParty/uip/uip/uip.o
 *fill*         0x2400025a        0x2 
 .bss.iss       0x2400025c        0x4 ./ThirdParty/uip/uip/uip.o
 .bss.ipid      0x24000260        0x2 ./ThirdParty/uip/uip/uip.o
 *fill*         0x24000262        0x2 
 .bss.uip_udp_conns
                0x24000264       0x40 ./ThirdParty/uip/uip/uip.o
                0x24000264                uip_udp_conns
 .bss.uip_udp_conn
                0x240002a4        0x4 ./ThirdParty/uip/uip/uip.o
                0x240002a4                uip_udp_conn
 .bss.uip_listenports
                0x240002a8        0x2 ./ThirdParty/uip/uip/uip.o
                0x240002a8                uip_listenports
 *fill*         0x240002aa        0x2 
 .bss.uip_conns
                0x240002ac       0x1e ./ThirdParty/uip/uip/uip.o
                0x240002ac                uip_conns
 *fill*         0x240002ca        0x2 
 .bss.uip_conn  0x240002cc        0x4 ./ThirdParty/uip/uip/uip.o
                0x240002cc                uip_conn
 .bss.uip_flags
                0x240002d0        0x1 ./ThirdParty/uip/uip/uip.o
                0x240002d0                uip_flags
 *fill*         0x240002d1        0x1 
 .bss.uip_slen  0x240002d2        0x2 ./ThirdParty/uip/uip/uip.o
                0x240002d2                uip_slen
 .bss.uip_len   0x240002d4        0x2 ./ThirdParty/uip/uip/uip.o
                0x240002d4                uip_len
 *fill*         0x240002d6        0x2 
 .bss.uip_sappdata
                0x240002d8        0x4 ./ThirdParty/uip/uip/uip.o
                0x240002d8                uip_sappdata
 .bss.uip_appdata
                0x240002dc        0x4 ./ThirdParty/uip/uip/uip.o
                0x240002dc                uip_appdata
 .bss.uip_buf   0x240002e0      0x5f2 ./ThirdParty/uip/uip/uip.o
                0x240002e0                uip_buf
 *fill*         0x240008d2        0x2 
 .bss.uip_ethaddr
                0x240008d4        0x6 ./ThirdParty/uip/uip/uip.o
                0x240008d4                uip_ethaddr
 *fill*         0x240008da        0x2 
 .bss.uip_netmask
                0x240008dc        0x4 ./ThirdParty/uip/uip/uip.o
                0x240008dc                uip_netmask
 .bss.uip_draddr
                0x240008e0        0x4 ./ThirdParty/uip/uip/uip.o
                0x240008e0                uip_draddr
 .bss.uip_hostaddr
                0x240008e4        0x4 ./ThirdParty/uip/uip/uip.o
                0x240008e4                uip_hostaddr
 .bss.tmpage    0x240008e8        0x1 ./ThirdParty/uip/uip/uip_arp.o
 .bss.arptime   0x240008e9        0x1 ./ThirdParty/uip/uip/uip_arp.o
 .bss.c         0x240008ea        0x1 ./ThirdParty/uip/uip/uip_arp.o
 .bss.i         0x240008eb        0x1 ./ThirdParty/uip/uip/uip_arp.o
 .bss.ipaddr    0x240008ec        0x4 ./ThirdParty/uip/uip/uip_arp.o
 .bss.arp_table
                0x240008f0       0x60 ./ThirdParty/uip/uip/uip_arp.o
 *(COMMON)
                0x24000950                        . = ALIGN (0x4)
                0x24000950                        _ebss = .
                0x24000950                        __bss_end__ = _ebss

._user_heap_stack
                0x24000950      0x600 load address 0x08026ec8
                0x24000950                        . = ALIGN (0x8)
                [!provide]                        PROVIDE (end = .)
                0x24000950                        PROVIDE (_end = .)
                0x24000b50                        . = (. + _Min_Heap_Size)
 *fill*         0x24000950      0x200 
                0x24000f50                        . = (. + _Min_Stack_Size)
 *fill*         0x24000b50      0x400 
                0x24000f50                        . = ALIGN (0x8)

/DISCARD/
 libc.a(*)
 libm.a(*)
 libgcc.a(*)

.ARM.attributes
                0x00000000       0x2e
 *(.ARM.attributes)
 .ARM.attributes
                0x00000000       0x20 C:/ST/STM32CubeIDE_2.1.1/STM32CubeIDE/plugins/com.st.stm32cube.ide.mcu.externaltools.gnu-tools-for-stm32.14.3.rel1.win32_1.0.100.202602081740/tools/bin/../lib/gcc/arm-none-eabi/14.3.1/thumb/v7e-m+dp/hard/crti.o
 .ARM.attributes
                0x00000020       0x32 C:/ST/STM32CubeIDE_2.1.1/STM32CubeIDE/plugins/com.st.stm32cube.ide.mcu.externaltools.gnu-tools-for-stm32.14.3.rel1.win32_1.0.100.202602081740/tools/bin/../lib/gcc/arm-none-eabi/14.3.1/thumb/v7e-m+dp/hard/crtbegin.o
 .ARM.attributes
                0x00000052       0x32 ./App/app.o
 .ARM.attributes
                0x00000084       0x32 ./App/boot.o
 .ARM.attributes
                0x000000b6       0x32 ./App/led.o
 .ARM.attributes
                0x000000e8       0x32 ./App/net.o
 .ARM.attributes
                0x0000011a       0x32 ./App/shared_params.o
 .ARM.attributes
                0x0000014c       0x32 ./App/timer.o
 .ARM.attributes
                0x0000017e       0x32 ./Core/Src/main.o
 .ARM.attributes
                0x000001b0       0x32 ./Core/Src/stm32h7xx_hal_msp.o
 .ARM.attributes
                0x000001e2       0x32 ./Core/Src/stm32h7xx_it.o
 .ARM.attributes
                0x00000214       0x32 ./Core/Src/system_stm32h7xx.o
 .ARM.attributes
                0x00000246       0x21 ./Core/Startup/startup_stm32h743zitx.o
 .ARM.attributes
                0x00000267       0x32 ./Drivers/STM32H7xx_HAL_Driver/Src/stm32h7xx_hal.o
 .ARM.attributes
                0x00000299       0x32 ./Drivers/STM32H7xx_HAL_Driver/Src/stm32h7xx_hal_cortex.o
 .ARM.attributes
                0x000002cb       0x32 ./Drivers/STM32H7xx_HAL_Driver/Src/stm32h7xx_hal_eth.o
 .ARM.attributes
                0x000002fd       0x32 ./Drivers/STM32H7xx_HAL_Driver/Src/stm32h7xx_hal_fdcan.o
 .ARM.attributes
                0x0000032f       0x32 ./Drivers/STM32H7xx_HAL_Driver/Src/stm32h7xx_hal_gpio.o
 .ARM.attributes
                0x00000361       0x32 ./Drivers/STM32H7xx_HAL_Driver/Src/stm32h7xx_hal_pwr_ex.o
 .ARM.attributes
                0x00000393       0x32 ./Drivers/STM32H7xx_HAL_Driver/Src/stm32h7xx_hal_rcc.o
 .ARM.attributes
                0x000003c5       0x32 ./Drivers/STM32H7xx_HAL_Driver/Src/stm32h7xx_hal_rcc_ex.o
 .ARM.attributes
                0x000003f7       0x32 ./Library/uip/clock-arch.o
 .ARM.attributes
                0x00000429       0x32 ./Library/uip/lan8742.o
 .ARM.attributes
                0x0000045b       0x32 ./Library/uip/netdev.o
 .ARM.attributes
                0x0000048d       0x32 ./ThirdParty/uip/apps/dhcpc/dhcpc.o
 .ARM.attributes
                0x000004bf       0x32 ./ThirdParty/uip/uip/uip.o
 .ARM.attributes
                0x000004f1       0x32 ./ThirdParty/uip/uip/uip_arp.o
 .ARM.attributes
                0x00000523       0x32 ./ThirdParty/uip/uip/uip_timer.o
 .ARM.attributes
                0x00000555       0x32 C:/ST/STM32CubeIDE_2.1.1/STM32CubeIDE/plugins/com.st.stm32cube.ide.mcu.externaltools.gnu-tools-for-stm32.14.3.rel1.win32_1.0.100.202602081740/tools/bin/../lib/gcc/arm-none-eabi/14.3.1/../../../../arm-none-eabi/lib/thumb/v7e-m+dp/hard\libc_nano.a(libc_a-memcmp.o)
 .ARM.attributes
                0x00000587       0x32 C:/ST/STM32CubeIDE_2.1.1/STM32CubeIDE/plugins/com.st.stm32cube.ide.mcu.externaltools.gnu-tools-for-stm32.14.3.rel1.win32_1.0.100.202602081740/tools/bin/../lib/gcc/arm-none-eabi/14.3.1/../../../../arm-none-eabi/lib/thumb/v7e-m+dp/hard\libc_nano.a(libc_a-memset.o)
 .ARM.attributes
                0x000005b9       0x32 C:/ST/STM32CubeIDE_2.1.1/STM32CubeIDE/plugins/com.st.stm32cube.ide.mcu.externaltools.gnu-tools-for-stm32.14.3.rel1.win32_1.0.100.202602081740/tools/bin/../lib/gcc/arm-none-eabi/14.3.1/../../../../arm-none-eabi/lib/thumb/v7e-m+dp/hard\libc_nano.a(libc_a-init.o)
 .ARM.attributes
                0x000005eb       0x32 C:/ST/STM32CubeIDE_2.1.1/STM32CubeIDE/plugins/com.st.stm32cube.ide.mcu.externaltools.gnu-tools-for-stm32.14.3.rel1.win32_1.0.100.202602081740/tools/bin/../lib/gcc/arm-none-eabi/14.3.1/../../../../arm-none-eabi/lib/thumb/v7e-m+dp/hard\libc_nano.a(libc_a-memcpy-stub.o)
 .ARM.attributes
                0x0000061d       0x20 C:/ST/STM32CubeIDE_2.1.1/STM32CubeIDE/plugins/com.st.stm32cube.ide.mcu.externaltools.gnu-tools-for-stm32.14.3.rel1.win32_1.0.100.202602081740/tools/bin/../lib/gcc/arm-none-eabi/14.3.1/thumb/v7e-m+dp/hard/crtn.o
OUTPUT(demoprog_stm32h743.elf elf32-littlearm)
LOAD linker stubs
LOAD C:/ST/STM32CubeIDE_2.1.1/STM32CubeIDE/plugins/com.st.stm32cube.ide.mcu.externaltools.gnu-tools-for-stm32.14.3.rel1.win32_1.0.100.202602081740/tools/bin/../lib/gcc/arm-none-eabi/14.3.1/../../../../arm-none-eabi/lib/thumb/v7e-m+dp/hard\libc.a
LOAD C:/ST/STM32CubeIDE_2.1.1/STM32CubeIDE/plugins/com.st.stm32cube.ide.mcu.externaltools.gnu-tools-for-stm32.14.3.rel1.win32_1.0.100.202602081740/tools/bin/../lib/gcc/arm-none-eabi/14.3.1/../../../../arm-none-eabi/lib/thumb/v7e-m+dp/hard\libm.a
LOAD C:/ST/STM32CubeIDE_2.1.1/STM32CubeIDE/plugins/com.st.stm32cube.ide.mcu.externaltools.gnu-tools-for-stm32.14.3.rel1.win32_1.0.100.202602081740/tools/bin/../lib/gcc/arm-none-eabi/14.3.1/thumb/v7e-m+dp/hard\libgcc.a

.debug_info     0x00000000    0x1b0c1
 .debug_info    0x00000000      0x1a5 ./App/app.o
 .debug_info    0x000001a5     0x12a9 ./App/boot.o
 .debug_info    0x0000144e      0x276 ./App/led.o
 .debug_info    0x000016c4      0x7a5 ./App/net.o
 .debug_info    0x00001e69      0x3f9 ./App/shared_params.o
 .debug_info    0x00002262       0xe8 ./App/timer.o
 .debug_info    0x0000234a     0x33ba ./Core/Src/main.o
 .debug_info    0x00005704     0x298a ./Core/Src/stm32h7xx_hal_msp.o
 .debug_info    0x0000808e      0x136 ./Core/Src/stm32h7xx_it.o
 .debug_info    0x000081c4      0xd2b ./Core/Src/system_stm32h7xx.o
 .debug_info    0x00008eef       0x30 ./Core/Startup/startup_stm32h743zitx.o
 .debug_info    0x00008f1f     0x163d ./Drivers/STM32H7xx_HAL_Driver/Src/stm32h7xx_hal.o
 .debug_info    0x0000a55c     0x132b ./Drivers/STM32H7xx_HAL_Driver/Src/stm32h7xx_hal_cortex.o
 .debug_info    0x0000b887     0x2f57 ./Drivers/STM32H7xx_HAL_Driver/Src/stm32h7xx_hal_eth.o
 .debug_info    0x0000e7de     0x3279 ./Drivers/STM32H7xx_HAL_Driver/Src/stm32h7xx_hal_fdcan.o
 .debug_info    0x00011a57      0xc9a ./Drivers/STM32H7xx_HAL_Driver/Src/stm32h7xx_hal_gpio.o
 .debug_info    0x000126f1     0x11b9 ./Drivers/STM32H7xx_HAL_Driver/Src/stm32h7xx_hal_pwr_ex.o
 .debug_info    0x000138aa     0x1174 ./Drivers/STM32H7xx_HAL_Driver/Src/stm32h7xx_hal_rcc.o
 .debug_info    0x00014a1e     0x1a10 ./Drivers/STM32H7xx_HAL_Driver/Src/stm32h7xx_hal_rcc_ex.o
 .debug_info    0x0001642e       0xc5 ./Library/uip/clock-arch.o
 .debug_info    0x000164f3      0x84d ./Library/uip/lan8742.o
 .debug_info    0x00016d40     0x22cc ./Library/uip/netdev.o
 .debug_info    0x0001900c      0xaa8 ./ThirdParty/uip/apps/dhcpc/dhcpc.o
 .debug_info    0x00019ab4      0xfe1 ./ThirdParty/uip/uip/uip.o
 .debug_info    0x0001aa95      0x4e6 ./ThirdParty/uip/uip/uip_arp.o
 .debug_info    0x0001af7b      0x146 ./ThirdParty/uip/uip/uip_timer.o

.debug_abbrev   0x00000000     0x380d
 .debug_abbrev  0x00000000       0xbb ./App/app.o
 .debug_abbrev  0x000000bb      0x27e ./App/boot.o
 .debug_abbrev  0x00000339      0x16f ./App/led.o
 .debug_abbrev  0x000004a8      0x20d ./App/net.o
 .debug_abbrev  0x000006b5      0x1b0 ./App/shared_params.o
 .debug_abbrev  0x00000865       0x8f ./App/timer.o
 .debug_abbrev  0x000008f4      0x3ba ./Core/Src/main.o
 .debug_abbrev  0x00000cae      0x27e ./Core/Src/stm32h7xx_hal_msp.o
 .debug_abbrev  0x00000f2c       0x7e ./Core/Src/stm32h7xx_it.o
 .debug_abbrev  0x00000faa      0x152 ./Core/Src/system_stm32h7xx.o
 .debug_abbrev  0x000010fc       0x24 ./Core/Startup/startup_stm32h743zitx.o
 .debug_abbrev  0x00001120      0x2bc ./Drivers/STM32H7xx_HAL_Driver/Src/stm32h7xx_hal.o
 .debug_abbrev  0x000013dc      0x3af ./Drivers/STM32H7xx_HAL_Driver/Src/stm32h7xx_hal_cortex.o
 .debug_abbrev  0x0000178b      0x35c ./Drivers/STM32H7xx_HAL_Driver/Src/stm32h7xx_hal_eth.o
 .debug_abbrev  0x00001ae7      0x2c0 ./Drivers/STM32H7xx_HAL_Driver/Src/stm32h7xx_hal_fdcan.o
 .debug_abbrev  0x00001da7      0x257 ./Drivers/STM32H7xx_HAL_Driver/Src/stm32h7xx_hal_gpio.o
 .debug_abbrev  0x00001ffe      0x2c9 ./Drivers/STM32H7xx_HAL_Driver/Src/stm32h7xx_hal_pwr_ex.o
 .debug_abbrev  0x000022c7      0x2af ./Drivers/STM32H7xx_HAL_Driver/Src/stm32h7xx_hal_rcc.o
 .debug_abbrev  0x00002576      0x284 ./Drivers/STM32H7xx_HAL_Driver/Src/stm32h7xx_hal_rcc_ex.o
 .debug_abbrev  0x000027fa       0x74 ./Library/uip/clock-arch.o
 .debug_abbrev  0x0000286e      0x1a9 ./Library/uip/lan8742.o
 .debug_abbrev  0x00002a17      0x4a4 ./Library/uip/netdev.o
 .debug_abbrev  0x00002ebb      0x322 ./ThirdParty/uip/apps/dhcpc/dhcpc.o
 .debug_abbrev  0x000031dd      0x301 ./ThirdParty/uip/uip/uip.o
 .debug_abbrev  0x000034de      0x21b ./ThirdParty/uip/uip/uip_arp.o
 .debug_abbrev  0x000036f9      0x114 ./ThirdParty/uip/uip/uip_timer.o

.debug_aranges  0x00000000     0x1068
 .debug_aranges
                0x00000000       0x28 ./App/app.o
 .debug_aranges
                0x00000028       0x50 ./App/boot.o
 .debug_aranges
                0x00000078       0x28 ./App/led.o
 .debug_aranges
                0x000000a0       0x30 ./App/net.o
 .debug_aranges
                0x000000d0       0x58 ./App/shared_params.o
 .debug_aranges
                0x00000128       0x28 ./App/timer.o
 .debug_aranges
                0x00000150       0x60 ./Core/Src/main.o
 .debug_aranges
                0x000001b0       0x50 ./Core/Src/stm32h7xx_hal_msp.o
 .debug_aranges
                0x00000200       0x60 ./Core/Src/stm32h7xx_it.o
 .debug_aranges
                0x00000260       0x28 ./Core/Src/system_stm32h7xx.o
 .debug_aranges
                0x00000288       0x28 ./Core/Startup/startup_stm32h743zitx.o
 .debug_aranges
                0x000002b0      0x198 ./Drivers/STM32H7xx_HAL_Driver/Src/stm32h7xx_hal.o
 .debug_aranges
                0x00000448       0xf8 ./Drivers/STM32H7xx_HAL_Driver/Src/stm32h7xx_hal_cortex.o
 .debug_aranges
                0x00000540      0x1e0 ./Drivers/STM32H7xx_HAL_Driver/Src/stm32h7xx_hal_eth.o
 .debug_aranges
                0x00000720      0x338 ./Drivers/STM32H7xx_HAL_Driver/Src/stm32h7xx_hal_fdcan.o
 .debug_aranges
                0x00000a58       0x58 ./Drivers/STM32H7xx_HAL_Driver/Src/stm32h7xx_hal_gpio.o
 .debug_aranges
                0x00000ab0      0x158 ./Drivers/STM32H7xx_HAL_Driver/Src/stm32h7xx_hal_pwr_ex.o
 .debug_aranges
                0x00000c08       0x88 ./Drivers/STM32H7xx_HAL_Driver/Src/stm32h7xx_hal_rcc.o
 .debug_aranges
                0x00000c90       0xf8 ./Drivers/STM32H7xx_HAL_Driver/Src/stm32h7xx_hal_rcc_ex.o
 .debug_aranges
                0x00000d88       0x20 ./Library/uip/clock-arch.o
 .debug_aranges
                0x00000da8       0x88 ./Library/uip/lan8742.o
 .debug_aranges
                0x00000e30       0x98 ./Library/uip/netdev.o
 .debug_aranges
                0x00000ec8       0x90 ./ThirdParty/uip/apps/dhcpc/dhcpc.o
 .debug_aranges
                0x00000f58       0x98 ./ThirdParty/uip/uip/uip.o
 .debug_aranges
                0x00000ff0       0x40 ./ThirdParty/uip/uip/uip_arp.o
 .debug_aranges
                0x00001030       0x38 ./ThirdParty/uip/uip/uip_timer.o

.debug_rnglists
                0x00000000      0xcb5
 .debug_rnglists
                0x00000000       0x19 ./App/app.o
 .debug_rnglists
                0x00000019       0x39 ./App/boot.o
 .debug_rnglists
                0x00000052       0x19 ./App/led.o
 .debug_rnglists
                0x0000006b       0x21 ./App/net.o
 .debug_rnglists
                0x0000008c       0x3d ./App/shared_params.o
 .debug_rnglists
                0x000000c9       0x19 ./App/timer.o
 .debug_rnglists
                0x000000e2       0x47 ./Core/Src/main.o
 .debug_rnglists
                0x00000129       0x3a ./Core/Src/stm32h7xx_hal_msp.o
 .debug_rnglists
                0x00000163       0x43 ./Core/Src/stm32h7xx_it.o
 .debug_rnglists
                0x000001a6       0x1b ./Core/Src/system_stm32h7xx.o
 .debug_rnglists
                0x000001c1       0x19 ./Core/Startup/startup_stm32h743zitx.o
 .debug_rnglists
                0x000001da      0x12f ./Drivers/STM32H7xx_HAL_Driver/Src/stm32h7xx_hal.o
 .debug_rnglists
                0x00000309       0xb5 ./Drivers/STM32H7xx_HAL_Driver/Src/stm32h7xx_hal_cortex.o
 .debug_rnglists
                0x000003be      0x171 ./Drivers/STM32H7xx_HAL_Driver/Src/stm32h7xx_hal_eth.o
 .debug_rnglists
                0x0000052f      0x29a ./Drivers/STM32H7xx_HAL_Driver/Src/stm32h7xx_hal_fdcan.o
 .debug_rnglists
                0x000007c9       0x3f ./Drivers/STM32H7xx_HAL_Driver/Src/stm32h7xx_hal_gpio.o
 .debug_rnglists
                0x00000808      0x133 ./Drivers/STM32H7xx_HAL_Driver/Src/stm32h7xx_hal_pwr_ex.o
 .debug_rnglists
                0x0000093b       0xaa ./Drivers/STM32H7xx_HAL_Driver/Src/stm32h7xx_hal_rcc.o
 .debug_rnglists
                0x000009e5       0xbf ./Drivers/STM32H7xx_HAL_Driver/Src/stm32h7xx_hal_rcc_ex.o
 .debug_rnglists
                0x00000aa4       0x13 ./Library/uip/clock-arch.o
 .debug_rnglists
                0x00000ab7       0x63 ./Library/uip/lan8742.o
 .debug_rnglists
                0x00000b1a       0x6e ./Library/uip/netdev.o
 .debug_rnglists
                0x00000b88       0x69 ./ThirdParty/uip/apps/dhcpc/dhcpc.o
 .debug_rnglists
                0x00000bf1       0x71 ./ThirdParty/uip/uip/uip.o
 .debug_rnglists
                0x00000c62       0x2e ./ThirdParty/uip/uip/uip_arp.o
 .debug_rnglists
                0x00000c90       0x25 ./ThirdParty/uip/uip/uip_timer.o

.debug_macro    0x00000000    0x3a203
 .debug_macro   0x00000000      0x31a ./App/app.o
 .debug_macro   0x0000031a      0xaf6 ./App/app.o
 .debug_macro   0x00000e10       0xff ./App/app.o
 .debug_macro   0x00000f0f       0x2e ./App/app.o
 .debug_macro   0x00000f3d       0x3b ./App/app.o
 .debug_macro   0x00000f78       0x22 ./App/app.o
 .debug_macro   0x00000f9a       0x8e ./App/app.o
 .debug_macro   0x00001028       0x51 ./App/app.o
 .debug_macro   0x00001079      0x103 ./App/app.o
 .debug_macro   0x0000117c       0x6a ./App/app.o
 .debug_macro   0x000011e6      0x1df ./App/app.o
 .debug_macro   0x000013c5       0x1c ./App/app.o
 .debug_macro   0x000013e1       0x22 ./App/app.o
 .debug_macro   0x00001403       0xfb ./App/app.o
 .debug_macro   0x000014fe     0x1313 ./App/app.o
 .debug_macro   0x00002811      0x11f ./App/app.o
 .debug_macro   0x00002930       0x22 ./App/app.o
 .debug_macro   0x00002952    0x25bb3 ./App/app.o
 .debug_macro   0x00028505       0x6d ./App/app.o
 .debug_macro   0x00028572      0x23e ./App/app.o
 .debug_macro   0x000287b0     0x3d79 ./App/app.o
 .debug_macro   0x0002c529      0x190 ./App/app.o
 .debug_macro   0x0002c6b9       0x61 ./App/app.o
 .debug_macro   0x0002c71a       0x29 ./App/app.o
 .debug_macro   0x0002c743       0x43 ./App/app.o
 .debug_macro   0x0002c786       0x34 ./App/app.o
 .debug_macro   0x0002c7ba      0x364 ./App/app.o
 .debug_macro   0x0002cb1e       0x16 ./App/app.o
 .debug_macro   0x0002cb34       0x4a ./App/app.o
 .debug_macro   0x0002cb7e       0x34 ./App/app.o
 .debug_macro   0x0002cbb2       0x10 ./App/app.o
 .debug_macro   0x0002cbc2       0x58 ./App/app.o
 .debug_macro   0x0002cc1a       0x8e ./App/app.o
 .debug_macro   0x0002cca8       0x1c ./App/app.o
 .debug_macro   0x0002ccc4      0x17e ./App/app.o
 .debug_macro   0x0002ce42      0x19b ./App/app.o
 .debug_macro   0x0002cfdd       0x5d ./App/app.o
 .debug_macro   0x0002d03a     0x2382 ./App/app.o
 .debug_macro   0x0002f3bc     0x102c ./App/app.o
 .debug_macro   0x000303e8      0x154 ./App/app.o
 .debug_macro   0x0003053c      0x114 ./App/app.o
 .debug_macro   0x00030650      0x3b6 ./App/app.o
 .debug_macro   0x00030a06       0xac ./App/app.o
 .debug_macro   0x00030ab2      0x72d ./App/app.o
 .debug_macro   0x000311df      0x228 ./App/app.o
 .debug_macro   0x00031407       0x66 ./App/app.o
 .debug_macro   0x0003146d      0x3bb ./App/app.o
 .debug_macro   0x00031828      0xa80 ./App/app.o
 .debug_macro   0x000322a8      0x129 ./App/app.o
 .debug_macro   0x000323d1      0x3e4 ./App/app.o
 .debug_macro   0x000327b5      0x275 ./App/app.o
 .debug_macro   0x00032a2a      0xe42 ./App/app.o
 .debug_macro   0x0003386c      0x3ca ./App/app.o
 .debug_macro   0x00033c36      0x408 ./App/app.o
 .debug_macro   0x0003403e       0x51 ./App/app.o
 .debug_macro   0x0003408f       0x4a ./App/app.o
 .debug_macro   0x000340d9      0x22c ./App/app.o
 .debug_macro   0x00034305       0x67 ./App/app.o
 .debug_macro   0x0003436c       0xa5 ./App/app.o
 .debug_macro   0x00034411      0x1c4 ./App/app.o
 .debug_macro   0x000345d5      0x25e ./App/app.o
 .debug_macro   0x00034833       0x35 ./App/app.o
 .debug_macro   0x00034868      0x693 ./App/app.o
 .debug_macro   0x00034efb       0xa6 ./App/app.o
 .debug_macro   0x00034fa1      0x5ac ./App/app.o
 .debug_macro   0x0003554d       0x10 ./App/app.o
 .debug_macro   0x0003555d       0x22 ./App/app.o
 .debug_macro   0x0003557f      0x31a ./App/boot.o
 .debug_macro   0x00035899      0x320 ./App/led.o
 .debug_macro   0x00035bb9      0x3ca ./App/net.o
 .debug_macro   0x00035f83       0x16 ./App/net.o
 .debug_macro   0x00035f99       0x44 ./App/net.o
 .debug_macro   0x00035fdd       0x10 ./App/net.o
 .debug_macro   0x00035fed       0x22 ./App/net.o
 .debug_macro   0x0003600f       0x74 ./App/net.o
 .debug_macro   0x00036083       0xc5 ./App/net.o
 .debug_macro   0x00036148      0x240 ./App/net.o
 .debug_macro   0x00036388       0x23 ./App/net.o
 .debug_macro   0x000363ab       0x8b ./App/shared_params.o
 .debug_macro   0x00036436      0x31a ./App/timer.o
 .debug_macro   0x00036750      0x359 ./Core/Src/main.o
 .debug_macro   0x00036aa9       0x10 ./Core/Src/main.o
 .debug_macro   0x00036ab9       0x16 ./Core/Src/main.o
 .debug_macro   0x00036acf       0x3c ./Core/Src/main.o
 .debug_macro   0x00036b0b       0x20 ./Core/Src/main.o
 .debug_macro   0x00036b2b      0x2cc ./Core/Src/stm32h7xx_hal_msp.o
 .debug_macro   0x00036df7      0x2d6 ./Core/Src/stm32h7xx_it.o
 .debug_macro   0x000370cd      0x2c3 ./Core/Src/system_stm32h7xx.o
 .debug_macro   0x00037390      0x2e7 ./Drivers/STM32H7xx_HAL_Driver/Src/stm32h7xx_hal.o
 .debug_macro   0x00037677      0x2bd ./Drivers/STM32H7xx_HAL_Driver/Src/stm32h7xx_hal_cortex.o
 .debug_macro   0x00037934      0x351 ./Drivers/STM32H7xx_HAL_Driver/Src/stm32h7xx_hal_eth.o
 .debug_macro   0x00037c85      0x3c1 ./Drivers/STM32H7xx_HAL_Driver/Src/stm32h7xx_hal_fdcan.o
 .debug_macro   0x00038046      0x2c4 ./Drivers/STM32H7xx_HAL_Driver/Src/stm32h7xx_hal_gpio.o
 .debug_macro   0x0003830a      0x2f6 ./Drivers/STM32H7xx_HAL_Driver/Src/stm32h7xx_hal_pwr_ex.o
 .debug_macro   0x00038600      0x2e1 ./Drivers/STM32H7xx_HAL_Driver/Src/stm32h7xx_hal_rcc.o
 .debug_macro   0x000388e1      0x2db ./Drivers/STM32H7xx_HAL_Driver/Src/stm32h7xx_hal_rcc_ex.o
 .debug_macro   0x00038bbc      0x323 ./Library/uip/clock-arch.o
 .debug_macro   0x00038edf       0x84 ./Library/uip/lan8742.o
 .debug_macro   0x00038f63      0x45e ./Library/uip/lan8742.o
 .debug_macro   0x000393c1      0x3bf ./Library/uip/netdev.o
 .debug_macro   0x00039780       0x10 ./Library/uip/netdev.o
 .debug_macro   0x00039790      0x2ad ./ThirdParty/uip/apps/dhcpc/dhcpc.o
 .debug_macro   0x00039a3d       0x16 ./ThirdParty/uip/apps/dhcpc/dhcpc.o
 .debug_macro   0x00039a53       0x9e ./ThirdParty/uip/apps/dhcpc/dhcpc.o
 .debug_macro   0x00039af1      0x112 ./ThirdParty/uip/apps/dhcpc/dhcpc.o
 .debug_macro   0x00039c03       0x16 ./ThirdParty/uip/apps/dhcpc/dhcpc.o
 .debug_macro   0x00039c19       0x7c ./ThirdParty/uip/apps/dhcpc/dhcpc.o
 .debug_macro   0x00039c95       0x17 ./ThirdParty/uip/apps/dhcpc/dhcpc.o
 .debug_macro   0x00039cac      0x118 ./ThirdParty/uip/apps/dhcpc/dhcpc.o
 .debug_macro   0x00039dc4      0x251 ./ThirdParty/uip/uip/uip.o
 .debug_macro   0x0003a015      0x1ba ./ThirdParty/uip/uip/uip_arp.o
 .debug_macro   0x0003a1cf       0x34 ./ThirdParty/uip/uip/uip_timer.o

.debug_line     0x00000000    0x1a765
 .debug_line    0x00000000      0x98e ./App/app.o
 .debug_line    0x0000098e      0xd76 ./App/boot.o
 .debug_line    0x00001704      0x9ca ./App/led.o
 .debug_line    0x000020ce      0xc73 ./App/net.o
 .debug_line    0x00002d41      0x69f ./App/shared_params.o
 .debug_line    0x000033e0      0x985 ./App/timer.o
 .debug_line    0x00003d65     0x1017 ./Core/Src/main.o
 .debug_line    0x00004d7c      0xc1a ./Core/Src/stm32h7xx_hal_msp.o
 .debug_line    0x00005996      0x9c9 ./Core/Src/stm32h7xx_it.o
 .debug_line    0x0000635f      0xb53 ./Core/Src/system_stm32h7xx.o
 .debug_line    0x00006eb2       0x79 ./Core/Startup/startup_stm32h743zitx.o
 .debug_line    0x00006f2b      0xfde ./Drivers/STM32H7xx_HAL_Driver/Src/stm32h7xx_hal.o
 .debug_line    0x00007f09      0xf6d ./Drivers/STM32H7xx_HAL_Driver/Src/stm32h7xx_hal_cortex.o
 .debug_line    0x00008e76     0x244e ./Drivers/STM32H7xx_HAL_Driver/Src/stm32h7xx_hal_eth.o
 .debug_line    0x0000b2c4     0x3ab7 ./Drivers/STM32H7xx_HAL_Driver/Src/stm32h7xx_hal_fdcan.o
 .debug_line    0x0000ed7b      0xe77 ./Drivers/STM32H7xx_HAL_Driver/Src/stm32h7xx_hal_gpio.o
 .debug_line    0x0000fbf2     0x121b ./Drivers/STM32H7xx_HAL_Driver/Src/stm32h7xx_hal_pwr_ex.o
 .debug_line    0x00010e0d     0x1a9a ./Drivers/STM32H7xx_HAL_Driver/Src/stm32h7xx_hal_rcc.o
 .debug_line    0x000128a7     0x26a9 ./Drivers/STM32H7xx_HAL_Driver/Src/stm32h7xx_hal_rcc_ex.o
 .debug_line    0x00014f50      0x997 ./Library/uip/clock-arch.o
 .debug_line    0x000158e7      0xaf1 ./Library/uip/lan8742.o
 .debug_line    0x000163d8      0xffd ./Library/uip/netdev.o
 .debug_line    0x000173d5      0xca3 ./ThirdParty/uip/apps/dhcpc/dhcpc.o
 .debug_line    0x00018078     0x1b67 ./ThirdParty/uip/uip/uip.o
 .debug_line    0x00019bdf      0xa18 ./ThirdParty/uip/uip/uip_arp.o
 .debug_line    0x0001a5f7      0x16e ./ThirdParty/uip/uip/uip_timer.o

.debug_str      0x00000000   0x16c256
 .debug_str     0x00000000   0x16c256 ./App/app.o
                             0x15fc53 (size before relaxing)
 .debug_str     0x0016c256   0x1605da ./App/boot.o
 .debug_str     0x0016c256   0x15fc92 ./App/led.o
 .debug_str     0x0016c256   0x1618fb ./App/net.o
 .debug_str     0x0016c256     0x43ce ./App/shared_params.o
 .debug_str     0x0016c256   0x15fbcc ./App/timer.o
 .debug_str     0x0016c256   0x16190d ./Core/Src/main.o
 .debug_str     0x0016c256   0x161099 ./Core/Src/stm32h7xx_hal_msp.o
 .debug_str     0x0016c256   0x15f766 ./Core/Src/stm32h7xx_it.o
 .debug_str     0x0016c256   0x15fc37 ./Core/Src/system_stm32h7xx.o
 .debug_str     0x0016c256       0xb9 ./Core/Startup/startup_stm32h743zitx.o
 .debug_str     0x0016c256   0x160b29 ./Drivers/STM32H7xx_HAL_Driver/Src/stm32h7xx_hal.o
 .debug_str     0x0016c256   0x16056b ./Drivers/STM32H7xx_HAL_Driver/Src/stm32h7xx_hal_cortex.o
 .debug_str     0x0016c256   0x1614cf ./Drivers/STM32H7xx_HAL_Driver/Src/stm32h7xx_hal_eth.o
 .debug_str     0x0016c256   0x1619e8 ./Drivers/STM32H7xx_HAL_Driver/Src/stm32h7xx_hal_fdcan.o
 .debug_str     0x0016c256   0x15fbca ./Drivers/STM32H7xx_HAL_Driver/Src/stm32h7xx_hal_gpio.o
 .debug_str     0x0016c256   0x160092 ./Drivers/STM32H7xx_HAL_Driver/Src/stm32h7xx_hal_pwr_ex.o
 .debug_str     0x0016c256   0x15ffae ./Drivers/STM32H7xx_HAL_Driver/Src/stm32h7xx_hal_rcc.o
 .debug_str     0x0016c256   0x16048f ./Drivers/STM32H7xx_HAL_Driver/Src/stm32h7xx_hal_rcc_ex.o
 .debug_str     0x0016c256   0x15fbf0 ./Library/uip/clock-arch.o
 .debug_str     0x0016c256     0x5d7a ./Library/uip/lan8742.o
 .debug_str     0x0016c256   0x1641ae ./Library/uip/netdev.o
 .debug_str     0x0016c256     0x90ad ./ThirdParty/uip/apps/dhcpc/dhcpc.o
 .debug_str     0x0016c256     0x8828 ./ThirdParty/uip/uip/uip.o
 .debug_str     0x0016c256     0x8451 ./ThirdParty/uip/uip/uip_arp.o
 .debug_str     0x0016c256     0x304f ./ThirdParty/uip/uip/uip_timer.o

.comment        0x00000000       0x43
 .comment       0x00000000       0x43 ./App/app.o
                                 0x44 (size before relaxing)
 .comment       0x00000043       0x44 ./App/boot.o
 .comment       0x00000043       0x44 ./App/led.o
 .comment       0x00000043       0x44 ./App/net.o
 .comment       0x00000043       0x44 ./App/shared_params.o
 .comment       0x00000043       0x44 ./App/timer.o
 .comment       0x00000043       0x44 ./Core/Src/main.o
 .comment       0x00000043       0x44 ./Core/Src/stm32h7xx_hal_msp.o
 .comment       0x00000043       0x44 ./Core/Src/stm32h7xx_it.o
 .comment       0x00000043       0x44 ./Core/Src/system_stm32h7xx.o
 .comment       0x00000043       0x44 ./Drivers/STM32H7xx_HAL_Driver/Src/stm32h7xx_hal.o
 .comment       0x00000043       0x44 ./Drivers/STM32H7xx_HAL_Driver/Src/stm32h7xx_hal_cortex.o
 .comment       0x00000043       0x44 ./Drivers/STM32H7xx_HAL_Driver/Src/stm32h7xx_hal_eth.o
 .comment       0x00000043       0x44 ./Drivers/STM32H7xx_HAL_Driver/Src/stm32h7xx_hal_fdcan.o
 .comment       0x00000043       0x44 ./Drivers/STM32H7xx_HAL_Driver/Src/stm32h7xx_hal_gpio.o
 .comment       0x00000043       0x44 ./Drivers/STM32H7xx_HAL_Driver/Src/stm32h7xx_hal_pwr_ex.o
 .comment       0x00000043       0x44 ./Drivers/STM32H7xx_HAL_Driver/Src/stm32h7xx_hal_rcc.o
 .comment       0x00000043       0x44 ./Drivers/STM32H7xx_HAL_Driver/Src/stm32h7xx_hal_rcc_ex.o
 .comment       0x00000043       0x44 ./Library/uip/clock-arch.o
 .comment       0x00000043       0x44 ./Library/uip/lan8742.o
 .comment       0x00000043       0x44 ./Library/uip/netdev.o
 .comment       0x00000043       0x44 ./ThirdParty/uip/apps/dhcpc/dhcpc.o
 .comment       0x00000043       0x44 ./ThirdParty/uip/uip/uip.o
 .comment       0x00000043       0x44 ./ThirdParty/uip/uip/uip_arp.o
 .comment       0x00000043       0x44 ./ThirdParty/uip/uip/uip_timer.o

.debug_frame    0x00000000     0x2704
 .debug_frame   0x00000000       0x40 ./App/app.o
 .debug_frame   0x00000040       0xd4 ./App/boot.o
 .debug_frame   0x00000114       0x40 ./App/led.o
 .debug_frame   0x00000154       0x60 ./App/net.o
 .debug_frame   0x000001b4       0xd4 ./App/shared_params.o
 .debug_frame   0x00000288       0x38 ./App/timer.o
 .debug_frame   0x000002c0      0x104 ./Core/Src/main.o
 .debug_frame   0x000003c4       0xe0 ./Core/Src/stm32h7xx_hal_msp.o
 .debug_frame   0x000004a4       0xa8 ./Core/Src/stm32h7xx_it.o
 .debug_frame   0x0000054c       0x38 ./Core/Src/system_stm32h7xx.o
 .debug_frame   0x00000584      0x360 ./Drivers/STM32H7xx_HAL_Driver/Src/stm32h7xx_hal.o
 .debug_frame   0x000008e4      0x214 ./Drivers/STM32H7xx_HAL_Driver/Src/stm32h7xx_hal_cortex.o
 .debug_frame   0x00000af8      0x4dc ./Drivers/STM32H7xx_HAL_Driver/Src/stm32h7xx_hal_eth.o
 .debug_frame   0x00000fd4      0x790 ./Drivers/STM32H7xx_HAL_Driver/Src/stm32h7xx_hal_fdcan.o
 .debug_frame   0x00001764       0xd4 ./Drivers/STM32H7xx_HAL_Driver/Src/stm32h7xx_hal_gpio.o
 .debug_frame   0x00001838      0x2e8 ./Drivers/STM32H7xx_HAL_Driver/Src/stm32h7xx_hal_pwr_ex.o
 .debug_frame   0x00001b20      0x184 ./Drivers/STM32H7xx_HAL_Driver/Src/stm32h7xx_hal_rcc.o
 .debug_frame   0x00001ca4      0x26c ./Drivers/STM32H7xx_HAL_Driver/Src/stm32h7xx_hal_rcc_ex.o
 .debug_frame   0x00001f10       0x28 ./Library/uip/clock-arch.o
 .debug_frame   0x00001f38      0x1dc ./Library/uip/lan8742.o
 .debug_frame   0x00002114      0x17c ./Library/uip/netdev.o
 .debug_frame   0x00002290      0x168 ./ThirdParty/uip/apps/dhcpc/dhcpc.o
 .debug_frame   0x000023f8      0x17c ./ThirdParty/uip/uip/uip.o
 .debug_frame   0x00002574       0x8c ./ThirdParty/uip/uip/uip_arp.o
 .debug_frame   0x00002600       0x68 ./ThirdParty/uip/uip/uip_timer.o
 .debug_frame   0x00002668       0x28 C:/ST/STM32CubeIDE_2.1.1/STM32CubeIDE/plugins/com.st.stm32cube.ide.mcu.externaltools.gnu-tools-for-stm32.14.3.rel1.win32_1.0.100.202602081740/tools/bin/../lib/gcc/arm-none-eabi/14.3.1/../../../../arm-none-eabi/lib/thumb/v7e-m+dp/hard\libc_nano.a(libc_a-memcmp.o)
 .debug_frame   0x00002690       0x20 C:/ST/STM32CubeIDE_2.1.1/STM32CubeIDE/plugins/com.st.stm32cube.ide.mcu.externaltools.gnu-tools-for-stm32.14.3.rel1.win32_1.0.100.202602081740/tools/bin/../lib/gcc/arm-none-eabi/14.3.1/../../../../arm-none-eabi/lib/thumb/v7e-m+dp/hard\libc_nano.a(libc_a-memset.o)
 .debug_frame   0x000026b0       0x2c C:/ST/STM32CubeIDE_2.1.1/STM32CubeIDE/plugins/com.st.stm32cube.ide.mcu.externaltools.gnu-tools-for-stm32.14.3.rel1.win32_1.0.100.202602081740/tools/bin/../lib/gcc/arm-none-eabi/14.3.1/../../../../arm-none-eabi/lib/thumb/v7e-m+dp/hard\libc_nano.a(libc_a-init.o)
 .debug_frame   0x000026dc       0x28 C:/ST/STM32CubeIDE_2.1.1/STM32CubeIDE/plugins/com.st.stm32cube.ide.mcu.externaltools.gnu-tools-for-stm32.14.3.rel1.win32_1.0.100.202602081740/tools/bin/../lib/gcc/arm-none-eabi/14.3.1/../../../../arm-none-eabi/lib/thumb/v7e-m+dp/hard\libc_nano.a(libc_a-memcpy-stub.o)

.debug_loclists
                0x00000000     0x7b8d
 .debug_loclists
                0x00000000      0x229 ./App/boot.o
 .debug_loclists
                0x00000229       0x2e ./App/led.o
 .debug_loclists
                0x00000257       0x7b ./App/net.o
 .debug_loclists
                0x000002d2      0x1de ./App/shared_params.o
 .debug_loclists
                0x000004b0       0x56 ./Core/Src/main.o
 .debug_loclists
                0x00000506      0x109 ./Core/Src/stm32h7xx_hal_msp.o
 .debug_loclists
                0x0000060f       0xfd ./Core/Src/system_stm32h7xx.o
 .debug_loclists
                0x0000070c      0x2df ./Drivers/STM32H7xx_HAL_Driver/Src/stm32h7xx_hal.o
 .debug_loclists
                0x000009eb      0x50a ./Drivers/STM32H7xx_HAL_Driver/Src/stm32h7xx_hal_cortex.o
 .debug_loclists
                0x00000ef5     0x1214 ./Drivers/STM32H7xx_HAL_Driver/Src/stm32h7xx_hal_eth.o
 .debug_loclists
                0x00002109     0x2771 ./Drivers/STM32H7xx_HAL_Driver/Src/stm32h7xx_hal_fdcan.o
 .debug_loclists
                0x0000487a      0x2a0 ./Drivers/STM32H7xx_HAL_Driver/Src/stm32h7xx_hal_gpio.o
 .debug_loclists
                0x00004b1a      0x340 ./Drivers/STM32H7xx_HAL_Driver/Src/stm32h7xx_hal_pwr_ex.o
 .debug_loclists
                0x00004e5a      0x649 ./Drivers/STM32H7xx_HAL_Driver/Src/stm32h7xx_hal_rcc.o
 .debug_loclists
                0x000054a3     0x15cc ./Drivers/STM32H7xx_HAL_Driver/Src/stm32h7xx_hal_rcc_ex.o
 .debug_loclists
                0x00006a6f      0x441 ./Library/uip/lan8742.o
 .debug_loclists
                0x00006eb0      0x3d2 ./Library/uip/netdev.o
 .debug_loclists
                0x00007282      0x2a8 ./ThirdParty/uip/apps/dhcpc/dhcpc.o
 .debug_loclists
                0x0000752a      0x4fa ./ThirdParty/uip/uip/uip.o
 .debug_loclists
                0x00007a24      0x104 ./ThirdParty/uip/uip/uip_arp.o
 .debug_loclists
                0x00007b28       0x65 ./ThirdParty/uip/uip/uip_timer.o

.debug_line_str
                0x00000000       0x9d
 .debug_line_str
                0x00000000       0x9d ./Core/Startup/startup_stm32h743zitx.o
