C:/Users/aragy/Documents/git_repos/BEEFBoard/1_Embedded/openblt/Target/Source/third_party/tinyusb/src/class/vendor/vendor_device.c:73:19:tud_vendor_rx_cb	0	static
C:/Users/aragy/Documents/git_repos/BEEFBoard/1_Embedded/openblt/Target/Source/third_party/tinyusb/src/class/vendor/vendor_device.c:79:19:tud_vendor_tx_cb	0	static
C:/Users/aragy/Documents/git_repos/BEEFBoard/1_Embedded/openblt/Target/Source/third_party/tinyusb/src/class/vendor/vendor_device.c:88:6:tud_vendor_n_mounted	0	static
C:/Users/aragy/Documents/git_repos/BEEFBoard/1_Embedded/openblt/Target/Source/third_party/tinyusb/src/class/vendor/vendor_device.c:97:10:tud_vendor_n_available	8	static
C:/Users/aragy/Documents/git_repos/BEEFBoard/1_Embedded/openblt/Target/Source/third_party/tinyusb/src/class/vendor/vendor_device.c:104:6:tud_vendor_n_peek	8	static
C:/Users/aragy/Documents/git_repos/BEEFBoard/1_Embedded/openblt/Target/Source/third_party/tinyusb/src/class/vendor/vendor_device.c:111:10:tud_vendor_n_read	8	static
C:/Users/aragy/Documents/git_repos/BEEFBoard/1_Embedded/openblt/Target/Source/third_party/tinyusb/src/class/vendor/vendor_device.c:119:6:tud_vendor_n_read_flush	16	static
C:/Users/aragy/Documents/git_repos/BEEFBoard/1_Embedded/openblt/Target/Source/third_party/tinyusb/src/class/vendor/vendor_device.c:131:10:tud_vendor_n_write	8	static
C:/Users/aragy/Documents/git_repos/BEEFBoard/1_Embedded/openblt/Target/Source/third_party/tinyusb/src/class/vendor/vendor_device.c:139:10:tud_vendor_n_write_flush	8	static
C:/Users/aragy/Documents/git_repos/BEEFBoard/1_Embedded/openblt/Target/Source/third_party/tinyusb/src/class/vendor/vendor_device.c:147:10:tud_vendor_n_write_available	8	static
C:/Users/aragy/Documents/git_repos/BEEFBoard/1_Embedded/openblt/Target/Source/third_party/tinyusb/src/class/vendor/vendor_device.c:158:6:vendord_init	48	static
C:/Users/aragy/Documents/git_repos/BEEFBoard/1_Embedded/openblt/Target/Source/third_party/tinyusb/src/class/vendor/vendor_device.c:189:6:vendord_deinit	16	static
C:/Users/aragy/Documents/git_repos/BEEFBoard/1_Embedded/openblt/Target/Source/third_party/tinyusb/src/class/vendor/vendor_device.c:198:6:vendord_reset	24	static
C:/Users/aragy/Documents/git_repos/BEEFBoard/1_Embedded/openblt/Target/Source/third_party/tinyusb/src/class/vendor/vendor_device.c:212:10:vendord_open	32	static,ignoring_inline_asm
C:/Users/aragy/Documents/git_repos/BEEFBoard/1_Embedded/openblt/Target/Source/third_party/tinyusb/src/class/vendor/vendor_device.c:259:6:vendord_xfer_cb	24	static
