../LibMicroBLT/microblt.c:54:6:BltPortInit	16	static
../LibMicroBLT/microblt.c:72:6:BltPortTerminate	8	static
../LibMicroBLT/microblt.c:92:6:BltSessionInit	40	static
../LibMicroBLT/microblt.c:130:6:BltSessionTerminate	8	static
../LibMicroBLT/microblt.c:144:9:BltSessionStart	16	static
../LibMicroBLT/microblt.c:161:6:BltSessionStop	8	static
../LibMicroBLT/microblt.c:179:9:BltSessionClearMemory	24	static
../LibMicroBLT/microblt.c:207:9:BltSessionWriteData	32	static
../LibMicroBLT/microblt.c:235:9:BltSessionReadData	32	static
../LibMicroBLT/microblt.c:263:6:BltFirmwareInit	24	static
../LibMicroBLT/microblt.c:297:6:BltFirmwareTerminate	8	static
../LibMicroBLT/microblt.c:311:9:BltFirmwareFileOpen	16	static
../LibMicroBLT/microblt.c:322:6:BltFirmwareFileClose	8	static
../LibMicroBLT/microblt.c:335:10:BltFirmwareGetTotalSize	24	static
../LibMicroBLT/microblt.c:362:9:BltFirmwareSegmentGetCount	8	static
../LibMicroBLT/microblt.c:380:10:BltFirmwareSegmentGetInfo	16	static
../LibMicroBLT/microblt.c:394:6:BltFirmwareSegmentOpen	16	static
../LibMicroBLT/microblt.c:419:17:BltFirmwareSegmentGetNextData	16	static
