../LibMicroBLT/srecreader.c:146:25:SRecReaderGet	4	static
../LibMicroBLT/srecreader.c:170:13:SRecReaderInit	4	static
../LibMicroBLT/srecreader.c:183:13:SRecReaderTerminate	8	static
../LibMicroBLT/srecreader.c:197:16:SRecReaderFileOpen	40	static
../LibMicroBLT/srecreader.c:382:13:SRecReaderFileClose	16	static
../LibMicroBLT/srecreader.c:423:16:SRecReaderSegmentGetCount	16	static
../LibMicroBLT/srecreader.c:456:17:SRecReaderSegmentGetInfo	32	static
../LibMicroBLT/srecreader.c:506:13:SRecReaderSegmentOpen	24	static
../LibMicroBLT/srecreader.c:559:24:SRecReaderSegmentGetNextData	40	static
../LibMicroBLT/srecreader.c:713:16:SRecReaderCompareSegments	32	static
../LibMicroBLT/srecreader.c:755:16:SRecReaderParseLine	40	static
../LibMicroBLT/srecreader.c:917:22:SRecReaderGetLineType	24	static
../LibMicroBLT/srecreader.c:961:16:SRecReaderVerifyChecksum	24	static
../LibMicroBLT/srecreader.c:1020:16:SRecReaderHexStringToByte	24	static
