../LibMicroBLT/xcploader.c:135:26:XcpLoaderGetProtocol	4	static
../LibMicroBLT/xcploader.c:163:13:XcpLoaderInit	32	static
../LibMicroBLT/xcploader.c:199:13:XcpLoaderTerminate	8	static
../LibMicroBLT/xcploader.c:212:16:XcpLoaderStart	544	static
../LibMicroBLT/xcploader.c:329:13:XcpLoaderStop	8	static
../LibMicroBLT/xcploader.c:357:16:XcpLoaderClearMemory	24	static
../LibMicroBLT/xcploader.c:402:16:XcpLoaderWriteData	40	static
../LibMicroBLT/xcploader.c:491:16:XcpLoaderReadData	40	static
../LibMicroBLT/xcploader.c:571:16:XcpExchangePacket	40	static
../LibMicroBLT/xcploader.c:666:13:XcpLoaderSetOrderedLong	16	static
../LibMicroBLT/xcploader.c:699:16:XcpLoaderUploadSeed	24	static
../LibMicroBLT/xcploader.c:765:16:XcpLoaderDownloadKeyAndUnlock	24	static
../LibMicroBLT/xcploader.c:835:16:XcpLoaderSendCmdConnect	528	static
../LibMicroBLT/xcploader.c:916:16:XcpLoaderSendCmdGetStatus	536	static
../LibMicroBLT/xcploader.c:970:16:XcpLoaderSendCmdProgramStart	528	static
../LibMicroBLT/xcploader.c:1022:16:XcpLoaderSendCmdProgramReset	528	static
../LibMicroBLT/xcploader.c:1058:16:XcpLoaderSendCmdProgram	536	static
../LibMicroBLT/xcploader.c:1126:16:XcpLoaderSendCmdProgramMax	536	static
../LibMicroBLT/xcploader.c:1189:16:XcpLoaderSendCmdGetSeed	552	static
../LibMicroBLT/xcploader.c:1270:16:XcpLoaderSendCmdUnlock	544	static
../LibMicroBLT/xcploader.c:1343:16:XcpLoaderSendCmdSetMta	536	static
../LibMicroBLT/xcploader.c:1387:16:XcpLoaderSendCmdProgramClear	536	static
../LibMicroBLT/xcploader.c:1432:16:XcpLoaderSendCmdUpload	536	static
