C:/Users/aragy/Documents/git_repos/BEEFBoard/1_Embedded/openblt/Target/Source/third_party/tinyusb/src/portable/synopsys/dwc2/dcd_dwc2.c:189:13:dfifo_alloc	12	static,ignoring_inline_asm
C:/Users/aragy/Documents/git_repos/BEEFBoard/1_Embedded/openblt/Target/Source/third_party/tinyusb/src/portable/synopsys/dwc2/dcd_dwc2.c:237:13:dfifo_device_init	8	static
C:/Users/aragy/Documents/git_repos/BEEFBoard/1_Embedded/openblt/Target/Source/third_party/tinyusb/src/portable/synopsys/dwc2/dcd_dwc2.c:258:13:edpt_activate	16	static
C:/Users/aragy/Documents/git_repos/BEEFBoard/1_Embedded/openblt/Target/Source/third_party/tinyusb/src/portable/synopsys/dwc2/dcd_dwc2.c:290:13:edpt_disable	4	static
C:/Users/aragy/Documents/git_repos/BEEFBoard/1_Embedded/openblt/Target/Source/third_party/tinyusb/src/portable/synopsys/dwc2/dcd_dwc2.c:739:13:handle_bus_reset	16	static
C:/Users/aragy/Documents/git_repos/BEEFBoard/1_Embedded/openblt/Target/Source/third_party/tinyusb/src/portable/synopsys/dwc2/dcd_dwc2.c:342:17:epin_write_tx_fifo	32	static
C:/Users/aragy/Documents/git_repos/BEEFBoard/1_Embedded/openblt/Target/Source/third_party/tinyusb/src/portable/synopsys/dwc2/dcd_dwc2.c:379:13:edpt_schedule_packets	24	static
C:/Users/aragy/Documents/git_repos/BEEFBoard/1_Embedded/openblt/Target/Source/third_party/tinyusb/src/portable/synopsys/dwc2/dcd_dwc2.c:803:13:handle_enum_done	24	static
C:/Users/aragy/Documents/git_repos/BEEFBoard/1_Embedded/openblt/Target/Source/third_party/tinyusb/src/portable/synopsys/dwc2/dcd_dwc2.c:941:13:handle_epin_slave	40	static
C:/Users/aragy/Documents/git_repos/BEEFBoard/1_Embedded/openblt/Target/Source/third_party/tinyusb/src/portable/synopsys/dwc2/dcd_dwc2.c:1075:13:handle_incomplete_iso_in	48	static
C:/Users/aragy/Documents/git_repos/BEEFBoard/1_Embedded/openblt/Target/Source/third_party/tinyusb/src/portable/synopsys/dwc2/dcd_dwc2.c:913:13:handle_epout_slave	24	static
C:/Users/aragy/Documents/git_repos/BEEFBoard/1_Embedded/openblt/Target/Source/third_party/tinyusb/src/portable/synopsys/dwc2/dcd_dwc2.c:1033:13:handle_ep_irq	32	static
C:/Users/aragy/Documents/git_repos/BEEFBoard/1_Embedded/openblt/Target/Source/third_party/tinyusb/src/portable/synopsys/dwc2/dcd_dwc2.c:847:13:handle_rxflvl_irq	24	static
C:/Users/aragy/Documents/git_repos/BEEFBoard/1_Embedded/openblt/Target/Source/third_party/tinyusb/src/portable/synopsys/dwc2/dcd_dwc2.c:507:6:dcd_int_enable	0	static
C:/Users/aragy/Documents/git_repos/BEEFBoard/1_Embedded/openblt/Target/Source/third_party/tinyusb/src/portable/synopsys/dwc2/dcd_dwc2.c:513:6:dcd_int_disable	0	static
C:/Users/aragy/Documents/git_repos/BEEFBoard/1_Embedded/openblt/Target/Source/third_party/tinyusb/src/portable/synopsys/dwc2/dcd_dwc2.c:527:6:dcd_remote_wakeup	0	static,ignoring_inline_asm
C:/Users/aragy/Documents/git_repos/BEEFBoard/1_Embedded/openblt/Target/Source/third_party/tinyusb/src/portable/synopsys/dwc2/dcd_dwc2.c:545:6:dcd_connect	0	static
C:/Users/aragy/Documents/git_repos/BEEFBoard/1_Embedded/openblt/Target/Source/third_party/tinyusb/src/portable/synopsys/dwc2/dcd_dwc2.c:562:6:dcd_disconnect	0	static
C:/Users/aragy/Documents/git_repos/BEEFBoard/1_Embedded/openblt/Target/Source/third_party/tinyusb/src/portable/synopsys/dwc2/dcd_dwc2.c:449:6:dcd_init	24	static,ignoring_inline_asm
C:/Users/aragy/Documents/git_repos/BEEFBoard/1_Embedded/openblt/Target/Source/third_party/tinyusb/src/portable/synopsys/dwc2/dcd_dwc2.c:580:6:dcd_sof_enable	0	static
C:/Users/aragy/Documents/git_repos/BEEFBoard/1_Embedded/openblt/Target/Source/third_party/tinyusb/src/portable/synopsys/dwc2/dcd_dwc2.c:598:6:dcd_edpt_open	16	static,ignoring_inline_asm
C:/Users/aragy/Documents/git_repos/BEEFBoard/1_Embedded/openblt/Target/Source/third_party/tinyusb/src/portable/synopsys/dwc2/dcd_dwc2.c:605:6:dcd_edpt_close_all	24	static
C:/Users/aragy/Documents/git_repos/BEEFBoard/1_Embedded/openblt/Target/Source/third_party/tinyusb/src/portable/synopsys/dwc2/dcd_dwc2.c:633:6:dcd_edpt_iso_alloc	8	static,ignoring_inline_asm
C:/Users/aragy/Documents/git_repos/BEEFBoard/1_Embedded/openblt/Target/Source/third_party/tinyusb/src/portable/synopsys/dwc2/dcd_dwc2.c:638:6:dcd_edpt_iso_activate	16	static
C:/Users/aragy/Documents/git_repos/BEEFBoard/1_Embedded/openblt/Target/Source/third_party/tinyusb/src/portable/synopsys/dwc2/dcd_dwc2.c:645:6:dcd_edpt_xfer	24	static
C:/Users/aragy/Documents/git_repos/BEEFBoard/1_Embedded/openblt/Target/Source/third_party/tinyusb/src/portable/synopsys/dwc2/dcd_dwc2.c:519:6:dcd_set_address	8	static
C:/Users/aragy/Documents/git_repos/BEEFBoard/1_Embedded/openblt/Target/Source/third_party/tinyusb/src/portable/synopsys/dwc2/dcd_dwc2.c:680:6:dcd_edpt_xfer_fifo	24	static,ignoring_inline_asm
C:/Users/aragy/Documents/git_repos/BEEFBoard/1_Embedded/openblt/Target/Source/third_party/tinyusb/src/portable/synopsys/dwc2/dcd_dwc2.c:710:6:dcd_edpt_stall	16	static
C:/Users/aragy/Documents/git_repos/BEEFBoard/1_Embedded/openblt/Target/Source/third_party/tinyusb/src/portable/synopsys/dwc2/dcd_dwc2.c:722:6:dcd_edpt_clear_stall	0	static
C:/Users/aragy/Documents/git_repos/BEEFBoard/1_Embedded/openblt/Target/Source/third_party/tinyusb/src/portable/synopsys/dwc2/dcd_dwc2.c:1124:6:dcd_int_handler	40	static
