C:/Users/aragy/Documents/git_repos/BEEFBoard/1_Embedded/openblt/Target/Source/third_party/tinyusb/src/portable/synopsys/dwc2/dwc2_stm32.h:188:20:dwc2_phy_init	0	static
C:/Users/aragy/Documents/git_repos/BEEFBoard/1_Embedded/openblt/Target/Source/third_party/tinyusb/src/portable/synopsys/dwc2/dwc2_stm32.h:265:20:dwc2_phy_update	0	static
C:/Users/aragy/Documents/git_repos/BEEFBoard/1_Embedded/openblt/Target/Source/third_party/tinyusb/src/portable/synopsys/dwc2/dwc2_common.c:37:13:reset_core	0	static
C:/Users/aragy/Documents/git_repos/BEEFBoard/1_Embedded/openblt/Target/Source/third_party/tinyusb/src/portable/synopsys/dwc2/dwc2_common.c:63:13:phy_fs_init	16	static
C:/Users/aragy/Documents/git_repos/BEEFBoard/1_Embedded/openblt/Target/Source/third_party/tinyusb/src/portable/synopsys/dwc2/dwc2_common.c:89:13:phy_hs_init	24	static
C:/Users/aragy/Documents/git_repos/BEEFBoard/1_Embedded/openblt/Target/Source/third_party/tinyusb/src/portable/synopsys/dwc2/dwc2_common.c:156:13:check_dwc2	0	static,ignoring_inline_asm
C:/Users/aragy/Documents/git_repos/BEEFBoard/1_Embedded/openblt/Target/Source/third_party/tinyusb/src/portable/synopsys/dwc2/dwc2_common.c:182:6:dwc2_core_is_highspeed	0	static
C:/Users/aragy/Documents/git_repos/BEEFBoard/1_Embedded/openblt/Target/Source/third_party/tinyusb/src/portable/synopsys/dwc2/dwc2_common.c:207:6:dwc2_core_init	24	static,ignoring_inline_asm
C:/Users/aragy/Documents/git_repos/BEEFBoard/1_Embedded/openblt/Target/Source/third_party/tinyusb/src/portable/synopsys/dwc2/dwc2_common.c:271:6:dfifo_read_packet	4	static
C:/Users/aragy/Documents/git_repos/BEEFBoard/1_Embedded/openblt/Target/Source/third_party/tinyusb/src/portable/synopsys/dwc2/dwc2_common.c:296:6:dfifo_write_packet	8	static
