C:/Users/aragy/Documents/git_repos/BEEFBoard/1_Embedded/openblt/Target/Source/third_party/uip/uip/uip_arp.c:176:1:uip_arp_update	8	static
C:/Users/aragy/Documents/git_repos/BEEFBoard/1_Embedded/openblt/Target/Source/third_party/uip/uip/uip_arp.c:140:1:uip_arp_init	0	static
C:/Users/aragy/Documents/git_repos/BEEFBoard/1_Embedded/openblt/Target/Source/third_party/uip/uip/uip_arp.c:158:1:uip_arp_timer	0	static
C:/Users/aragy/Documents/git_repos/BEEFBoard/1_Embedded/openblt/Target/Source/third_party/uip/uip/uip_arp.c:306:1:uip_arp_arpin	8	static
C:/Users/aragy/Documents/git_repos/BEEFBoard/1_Embedded/openblt/Target/Source/third_party/uip/uip/uip_arp.c:386:1:uip_arp_out	4	static
