C:/Users/aragy/Documents/git_repos/BEEFBoard/1_Embedded/openblt/Target/Source/ARMCM7_STM32H7/cpu.c:58:6:CpuInit	24	static,ignoring_inline_asm
C:/Users/aragy/Documents/git_repos/BEEFBoard/1_Embedded/openblt/Target/Source/ARMCM7_STM32H7/cpu.c:86:6:CpuStartUserProgram	8	static
C:/Users/aragy/Documents/git_repos/BEEFBoard/1_Embedded/openblt/Target/Source/ARMCM7_STM32H7/cpu.c:180:6:CpuMemCopy	16	static
C:/Users/aragy/Documents/git_repos/BEEFBoard/1_Embedded/openblt/Target/Source/ARMCM7_STM32H7/cpu.c:207:6:CpuMemSet	16	static
