C:/Users/aragy/Documents/git_repos/BEEFBoard/1_Embedded/openblt/Target/Source/ARMCM7_STM32H7/timer.c:69:6:TimerInit	8	static
C:/Users/aragy/Documents/git_repos/BEEFBoard/1_Embedded/openblt/Target/Source/ARMCM7_STM32H7/timer.c:111:6:TimerReset	0	static
C:/Users/aragy/Documents/git_repos/BEEFBoard/1_Embedded/openblt/Target/Source/ARMCM7_STM32H7/timer.c:132:6:TimerUpdate	4	static
C:/Users/aragy/Documents/git_repos/BEEFBoard/1_Embedded/openblt/Target/Source/ARMCM7_STM32H7/timer.c:164:12:TimerGet	8	static
C:/Users/aragy/Documents/git_repos/BEEFBoard/1_Embedded/openblt/Target/Source/ARMCM7_STM32H7/timer.c:184:10:HAL_GetTick	8	static
